Archive member included to satisfy reference by file (symbol)

d:/clion-environment/10 2021.10/bin/../lib/gcc/arm-none-eabi/10.3.1/thumb/v7-m/nofp\libgcc.a(_arm_muldf3.o)
                              CMakeFiles/C8T6_MPU6050.elf.dir/Bsp/mpu_6050.c.obj (__aeabi_dmul)
d:/clion-environment/10 2021.10/bin/../lib/gcc/arm-none-eabi/10.3.1/thumb/v7-m/nofp\libgcc.a(_arm_addsubdf3.o)
                              CMakeFiles/C8T6_MPU6050.elf.dir/Bsp/mpu_6050.c.obj (__aeabi_dsub)
d:/clion-environment/10 2021.10/bin/../lib/gcc/arm-none-eabi/10.3.1/thumb/v7-m/nofp\libgcc.a(_arm_muldivdf3.o)
                              CMakeFiles/C8T6_MPU6050.elf.dir/Bsp/mpu_6050.c.obj (__aeabi_ddiv)
d:/clion-environment/10 2021.10/bin/../lib/gcc/arm-none-eabi/10.3.1/thumb/v7-m/nofp\libgcc.a(_arm_cmpdf2.o)
                              CMakeFiles/C8T6_MPU6050.elf.dir/Bsp/mpu_6050.c.obj (__aeabi_dcmpeq)
d:/clion-environment/10 2021.10/bin/../lib/gcc/arm-none-eabi/10.3.1/thumb/v7-m/nofp\libgcc.a(_arm_fixunsdfsi.o)
                              CMakeFiles/C8T6_MPU6050.elf.dir/Core/Src/main.c.obj (__aeabi_d2uiz)
d:/clion-environment/10 2021.10/bin/../lib/gcc/arm-none-eabi/10.3.1/thumb/v7-m/nofp\libgcc.a(_arm_addsubsf3.o)
                              CMakeFiles/C8T6_MPU6050.elf.dir/Bsp/mpu_6050.c.obj (__aeabi_fadd)
d:/clion-environment/10 2021.10/bin/../lib/gcc/arm-none-eabi/10.3.1/thumb/v7-m/nofp\libgcc.a(_arm_muldivsf3.o)
                              CMakeFiles/C8T6_MPU6050.elf.dir/Bsp/mpu_6050.c.obj (__aeabi_fdiv)
d:/clion-environment/10 2021.10/bin/../lib/gcc/arm-none-eabi/10.3.1/../../../../arm-none-eabi/lib/thumb/v7-m/nofp\libg.a(lib_a-errno.o)
                              CMakeFiles/C8T6_MPU6050.elf.dir/Core/Src/syscalls.c.obj (__errno)
d:/clion-environment/10 2021.10/bin/../lib/gcc/arm-none-eabi/10.3.1/../../../../arm-none-eabi/lib/thumb/v7-m/nofp\libg.a(lib_a-exit.o)
                              d:/clion-environment/10 2021.10/bin/../lib/gcc/arm-none-eabi/10.3.1/../../../../arm-none-eabi/lib/thumb/v7-m/nofp/crt0.o (exit)
d:/clion-environment/10 2021.10/bin/../lib/gcc/arm-none-eabi/10.3.1/../../../../arm-none-eabi/lib/thumb/v7-m/nofp\libg.a(lib_a-impure.o)
                              d:/clion-environment/10 2021.10/bin/../lib/gcc/arm-none-eabi/10.3.1/../../../../arm-none-eabi/lib/thumb/v7-m/nofp\libg.a(lib_a-exit.o) (_global_impure_ptr)
d:/clion-environment/10 2021.10/bin/../lib/gcc/arm-none-eabi/10.3.1/../../../../arm-none-eabi/lib/thumb/v7-m/nofp\libg.a(lib_a-init.o)
                              d:/clion-environment/10 2021.10/bin/../lib/gcc/arm-none-eabi/10.3.1/../../../../arm-none-eabi/lib/thumb/v7-m/nofp/crt0.o (__libc_init_array)
d:/clion-environment/10 2021.10/bin/../lib/gcc/arm-none-eabi/10.3.1/../../../../arm-none-eabi/lib/thumb/v7-m/nofp\libg.a(lib_a-memset.o)
                              d:/clion-environment/10 2021.10/bin/../lib/gcc/arm-none-eabi/10.3.1/../../../../arm-none-eabi/lib/thumb/v7-m/nofp/crt0.o (memset)
d:/clion-environment/10 2021.10/bin/../lib/gcc/arm-none-eabi/10.3.1/../../../../arm-none-eabi/lib/thumb/v7-m/nofp\libg.a(lib_a-__call_atexit.o)
                              d:/clion-environment/10 2021.10/bin/../lib/gcc/arm-none-eabi/10.3.1/../../../../arm-none-eabi/lib/thumb/v7-m/nofp\libg.a(lib_a-exit.o) (__call_exitprocs)
d:/clion-environment/10 2021.10/bin/../lib/gcc/arm-none-eabi/10.3.1/../../../../arm-none-eabi/lib/thumb/v7-m/nofp\libg.a(lib_a-atexit.o)
                              d:/clion-environment/10 2021.10/bin/../lib/gcc/arm-none-eabi/10.3.1/../../../../arm-none-eabi/lib/thumb/v7-m/nofp\libg.a(lib_a-__call_atexit.o) (atexit)
d:/clion-environment/10 2021.10/bin/../lib/gcc/arm-none-eabi/10.3.1/../../../../arm-none-eabi/lib/thumb/v7-m/nofp\libg.a(lib_a-fini.o)
                              d:/clion-environment/10 2021.10/bin/../lib/gcc/arm-none-eabi/10.3.1/../../../../arm-none-eabi/lib/thumb/v7-m/nofp\libg.a(lib_a-__call_atexit.o) (__libc_fini_array)
d:/clion-environment/10 2021.10/bin/../lib/gcc/arm-none-eabi/10.3.1/../../../../arm-none-eabi/lib/thumb/v7-m/nofp\libg.a(lib_a-lock.o)
                              d:/clion-environment/10 2021.10/bin/../lib/gcc/arm-none-eabi/10.3.1/../../../../arm-none-eabi/lib/thumb/v7-m/nofp\libg.a(lib_a-__call_atexit.o) (__retarget_lock_acquire_recursive)
d:/clion-environment/10 2021.10/bin/../lib/gcc/arm-none-eabi/10.3.1/../../../../arm-none-eabi/lib/thumb/v7-m/nofp\libg.a(lib_a-__atexit.o)
                              d:/clion-environment/10 2021.10/bin/../lib/gcc/arm-none-eabi/10.3.1/../../../../arm-none-eabi/lib/thumb/v7-m/nofp\libg.a(lib_a-atexit.o) (__register_exitproc)
d:/clion-environment/10 2021.10/bin/../lib/gcc/arm-none-eabi/10.3.1/../../../../arm-none-eabi/lib/thumb/v7-m/nofp\libm.a(lib_a-s_atan.o)
                              CMakeFiles/C8T6_MPU6050.elf.dir/Bsp/mpu_6050.c.obj (atan)
d:/clion-environment/10 2021.10/bin/../lib/gcc/arm-none-eabi/10.3.1/../../../../arm-none-eabi/lib/thumb/v7-m/nofp\libm.a(lib_a-s_fabs.o)
[...]
Memory Configuration

Name             Origin             Length             Attributes
RAM              0x20000000         0x00005000         xrw
FLASH            0x08000000         0x00010000         xr
*default*        0x00000000         0xffffffff

Linker script and memory map

LOAD d:/clion-environment/10 2021.10/bin/../lib/gcc/arm-none-eabi/10.3.1/thumb/v7-m/nofp/crti.o
LOAD d:/clion-environment/10 2021.10/bin/../lib/gcc/arm-none-eabi/10.3.1/thumb/v7-m/nofp/crtbegin.o
LOAD d:/clion-environment/10 2021.10/bin/../lib/gcc/arm-none-eabi/10.3.1/../../../../arm-none-eabi/lib/thumb/v7-m/nofp/crt0.o
LOAD CMakeFiles/C8T6_MPU6050.elf.dir/Bsp/mpu_6050.c.obj
LOAD CMakeFiles/C8T6_MPU6050.elf.dir/Core/Src/gpio.c.obj
LOAD CMakeFiles/C8T6_MPU6050.elf.dir/Core/Src/i2c.c.obj
LOAD CMakeFiles/C8T6_MPU6050.elf.dir/Core/Src/main.c.obj
LOAD CMakeFiles/C8T6_MPU6050.elf.dir/Core/Src/stm32f1xx_hal_msp.c.obj
LOAD CMakeFiles/C8T6_MPU6050.elf.dir/Core/Src/stm32f1xx_it.c.obj
LOAD CMakeFiles/C8T6_MPU6050.elf.dir/Core/Src/syscalls.c.obj
LOAD CMakeFiles/C8T6_MPU6050.elf.dir/Core/Src/sysmem.c.obj
LOAD CMakeFiles/C8T6_MPU6050.elf.dir/Core/Src/system_stm32f1xx.c.obj
LOAD CMakeFiles/C8T6_MPU6050.elf.dir/Core/Src/usart.c.obj
LOAD CMakeFiles/C8T6_MPU6050.elf.dir/Core/Startup/startup_stm32f103c8tx.s.obj
LOAD CMakeFiles/C8T6_MPU6050.elf.dir/Drivers/STM32F1xx_HAL_Driver/Src/stm32f1xx_hal.c.obj
LOAD CMakeFiles/C8T6_MPU6050.elf.dir/Drivers/STM32F1xx_HAL_Driver/Src/stm32f1xx_hal_cortex.c.obj
LOAD CMakeFiles/C8T6_MPU6050.elf.dir/Drivers/STM32F1xx_HAL_Driver/Src/stm32f1xx_hal_dma.c.obj
LOAD CMakeFiles/C8T6_MPU6050.elf.dir/Drivers/STM32F1xx_HAL_Driver/Src/stm32f1xx_hal_exti.c.obj
LOAD CMakeFiles/C8T6_MPU6050.elf.dir/Drivers/STM32F1xx_HAL_Driver/Src/stm32f1xx_hal_flash.c.obj
LOAD CMakeFiles/C8T6_MPU6050.elf.dir/Drivers/STM32F1xx_HAL_Driver/Src/stm32f1xx_hal_flash_ex.c.obj
LOAD CMakeFiles/C8T6_MPU6050.elf.dir/Drivers/STM32F1xx_HAL_Driver/Src/stm32f1xx_hal_gpio.c.obj
LOAD CMakeFiles/C8T6_MPU6050.elf.dir/Drivers/STM32F1xx_HAL_Driver/Src/stm32f1xx_hal_gpio_ex.c.obj
LOAD CMakeFiles/C8T6_MPU6050.elf.dir/Drivers/STM32F1xx_HAL_Driver/Src/stm32f1xx_hal_i2c.c.obj
LOAD CMakeFiles/C8T6_MPU6050.elf.dir/Drivers/STM32F1xx_HAL_Driver/Src/stm32f1xx_hal_pwr.c.obj
LOAD CMakeFiles/C8T6_MPU6050.elf.dir/Drivers/STM32F1xx_HAL_Driver/Src/stm32f1xx_hal_rcc.c.obj
LOAD CMakeFiles/C8T6_MPU6050.elf.dir/Drivers/STM32F1xx_HAL_Driver/Src/stm32f1xx_hal_rcc_ex.c.obj
LOAD CMakeFiles/C8T6_MPU6050.elf.dir/Drivers/STM32F1xx_HAL_Driver/Src/stm32f1xx_hal_tim.c.obj
LOAD CMakeFiles/C8T6_MPU6050.elf.dir/Drivers/STM32F1xx_HAL_Driver/Src/stm32f1xx_hal_tim_ex.c.obj
LOAD CMakeFiles/C8T6_MPU6050.elf.dir/Drivers/STM32F1xx_HAL_Driver/Src/stm32f1xx_hal_uart.c.obj
START GROUP
LOAD d:/clion-environment/10 2021.10/bin/../lib/gcc/arm-none-eabi/10.3.1/thumb/v7-m/nofp\libgcc.a
LOAD d:/clion-environment/10 2021.10/bin/../lib/gcc/arm-none-eabi/10.3.1/../../../../arm-none-eabi/lib/thumb/v7-m/nofp\libg.a
LOAD d:/clion-environment/10 2021.10/bin/../lib/gcc/arm-none-eabi/10.3.1/../../../../arm-none-eabi/lib/thumb/v7-m/nofp\libc.a
END GROUP
LOAD d:/clion-environment/10 2021.10/bin/../lib/gcc/arm-none-eabi/10.3.1/thumb/v7-m/nofp/crtend.o
LOAD d:/clion-environment/10 2021.10/bin/../lib/gcc/arm-none-eabi/10.3.1/thumb/v7-m/nofp/crtn.o
                0x20005000                _estack = (ORIGIN (RAM) + LENGTH (RAM))
                0x00000200                _Min_Heap_Size = 0x200
                0x00000400                _Min_Stack_Size = 0x400

.isr_vector     0x08000000      0x10c
                0x08000000                . = ALIGN (0x4)
 *(.isr_vector)
 .isr_vector    0x08000000      0x10c CMakeFiles/C8T6_MPU6050.elf.dir/Core/Startup/startup_stm32f103c8tx.s.obj
                0x08000000                g_pfnVectors
                0x0800010c                . = ALIGN (0x4)

.text           0x08000110     0x2600
                0x08000110                . = ALIGN (0x4)
 *(.text)
 .text          0x08000110       0x40 d:/clion-environment/10 2021.10/bin/../lib/gcc/arm-none-eabi/10.3.1/thumb/v7-m/nofp/crtbegin.o
 .text          0x08000150      0x378 d:/clion-environment/10 2021.10/bin/../lib/gcc/arm-none-eabi/10.3.1/thumb/v7-m/nofp\libgcc.a(_arm_addsubdf3.o)
                0x08000150                __aeabi_drsub
                0x08000158                __aeabi_dsub
                0x08000158                __subdf3
                0x0800015c                __aeabi_dadd
                0x0800015c                __adddf3
                0x080003d4                __floatunsidf
                0x080003d4                __aeabi_ui2d
                0x080003f4                __floatsidf
                0x080003f4                __aeabi_i2d
                0x08000418                __aeabi_f2d
                0x08000418                __extendsfdf2
                0x0800045c                __floatundidf
                0x0800045c                __aeabi_ul2d
                0x0800046c                __floatdidf
                0x0800046c                __aeabi_l2d
 .text          0x080004c8      0x424 d:/clion-environment/10 2021.10/bin/../lib/gcc/arm-none-eabi/10.3.1/thumb/v7-m/nofp\libgcc.a(_arm_muldivdf3.o)
                0x080004c8                __aeabi_dmul
                0x080004c8                __muldf3
                0x0800071c                __divdf3
                0x0800071c                __aeabi_ddiv
 .text          0x080008ec       0x40 d:/clion-environment/10 2021.10/bin/../lib/gcc/arm-none-eabi/10.3.1/thumb/v7-m/nofp\libgcc.a(_arm_fixunsdfsi.o)
                0x080008ec                __aeabi_d2uiz
                0x080008ec                __fixunsdfsi
 *(.text*)
 .text.MPU6050_Init
                0x0800092c       0xa0 CMakeFiles/C8T6_MPU6050.elf.dir/Bsp/mpu_6050.c.obj
                0x0800092c                MPU6050_Init
 *fill*         0x080009cc        0x4 
 .text.MPU6050_Read_Accel
                0x080009d0       0x94 CMakeFiles/C8T6_MPU6050.elf.dir/Bsp/mpu_6050.c.obj
                0x080009d0                MPU6050_Read_Accel
 .text.MX_GPIO_Init
                0x08000a64       0x44 CMakeFiles/C8T6_MPU6050.elf.dir/Core/Src/gpio.c.obj
                0x08000a64                MX_GPIO_Init
 .text.MX_I2C2_Init
                0x08000aa8       0x3c CMakeFiles/C8T6_MPU6050.elf.dir/Core/Src/i2c.c.obj
                0x08000aa8                MX_I2C2_Init
 .text.HAL_I2C_MspInit
                0x08000ae4       0x64 CMakeFiles/C8T6_MPU6050.elf.dir/Core/Src/i2c.c.obj
                0x08000ae4                HAL_I2C_MspInit
 .text.Error_Handler
                0x08000b48        0x4 CMakeFiles/C8T6_MPU6050.elf.dir/Core/Src/main.c.obj
                0x08000b48                Error_Handler
 .text.SystemClock_Config
                0x08000b4c       0x64 CMakeFiles/C8T6_MPU6050.elf.dir/Core/Src/main.c.obj
                0x08000b4c                SystemClock_Config
 .text.main     0x08000bb0       0x88 CMakeFiles/C8T6_MPU6050.elf.dir/Core/Src/main.c.obj
                0x08000bb0                main
 .text.HAL_MspInit
                0x08000c38       0x44 CMakeFiles/C8T6_MPU6050.elf.dir/Core/Src/stm32f1xx_hal_msp.c.obj
                0x08000c38                HAL_MspInit
 .text.NMI_Handler
                0x08000c7c        0x2 CMakeFiles/C8T6_MPU6050.elf.dir/Core/Src/stm32f1xx_it.c.obj
                0x08000c7c                NMI_Handler
 .text.HardFault_Handler
                0x08000c7e        0x2 CMakeFiles/C8T6_MPU6050.elf.dir/Core/Src/stm32f1xx_it.c.obj
                0x08000c7e                HardFault_Handler
 .text.MemManage_Handler
                0x08000c80        0x2 CMakeFiles/C8T6_MPU6050.elf.dir/Core/Src/stm32f1xx_it.c.obj
                0x08000c80                MemManage_Handler
 .text.BusFault_Handler
                0x08000c82        0x2 CMakeFiles/C8T6_MPU6050.elf.dir/Core/Src/stm32f1xx_it.c.obj
                0x08000c82                BusFault_Handler
 .text.UsageFault_Handler
                0x08000c84        0x2 CMakeFiles/C8T6_MPU6050.elf.dir/Core/Src/stm32f1xx_it.c.obj
                0x08000c84                UsageFault_Handler
 .text.SVC_Handler
                0x08000c86        0x2 CMakeFiles/C8T6_MPU6050.elf.dir/Core/Src/stm32f1xx_it.c.obj
                0x08000c86                SVC_Handler
 .text.DebugMon_Handler
                0x08000c88        0x2 CMakeFiles/C8T6_MPU6050.elf.dir/Core/Src/stm32f1xx_it.c.obj
                0x08000c88                DebugMon_Handler
 .text.PendSV_Handler
                0x08000c8a        0x2 CMakeFiles/C8T6_MPU6050.elf.dir/Core/Src/stm32f1xx_it.c.obj
                0x08000c8a                PendSV_Handler
 .text.SysTick_Handler
                0x08000c8c        0x8 CMakeFiles/C8T6_MPU6050.elf.dir/Core/Src/stm32f1xx_it.c.obj
                0x08000c8c                SysTick_Handler
 .text.SystemInit
                0x08000c94        0x2 CMakeFiles/C8T6_MPU6050.elf.dir/Core/Src/system_stm32f1xx.c.obj
                0x08000c94                SystemInit
 *fill*         0x08000c96        0x2 
 .text.MX_USART1_UART_Init
                0x08000c98       0x34 CMakeFiles/C8T6_MPU6050.elf.dir/Core/Src/usart.c.obj
                0x08000c98                MX_USART1_UART_Init
 .text.HAL_UART_MspInit
                0x08000ccc       0x78 CMakeFiles/C8T6_MPU6050.elf.dir/Core/Src/usart.c.obj
                0x08000ccc                HAL_UART_MspInit
 .text.Reset_Handler
                0x08000d44       0x48 CMakeFiles/C8T6_MPU6050.elf.dir/Core/Startup/startup_stm32f103c8tx.s.obj
                0x08000d44                Reset_Handler
 .text.Default_Handler
                0x08000d8c        0x2 CMakeFiles/C8T6_MPU6050.elf.dir/Core/Startup/startup_stm32f103c8tx.s.obj
                0x08000d8c                RTC_Alarm_IRQHandler
                0x08000d8c                EXTI2_IRQHandler
                0x08000d8c                TIM1_CC_IRQHandler
                0x08000d8c                PVD_IRQHandler
                0x08000d8c                EXTI3_IRQHandler
                0x08000d8c                EXTI0_IRQHandler
                0x08000d8c                I2C2_EV_IRQHandler
                0x08000d8c                ADC1_2_IRQHandler
                0x08000d8c                SPI1_IRQHandler
                0x08000d8c                TAMPER_IRQHandler
                0x08000d8c                DMA1_Channel4_IRQHandler
                0x08000d8c                USART3_IRQHandler
                0x08000d8c                RTC_IRQHandler
                0x08000d8c                DMA1_Channel7_IRQHandler
                0x08000d8c                CAN1_RX1_IRQHandler
                0x08000d8c                TIM4_IRQHandler
                0x08000d8c                I2C1_EV_IRQHandler
                0x08000d8c                DMA1_Channel6_IRQHandler
                0x08000d8c                TIM3_IRQHandler
                0x08000d8c                RCC_IRQHandler
                0x08000d8c                TIM1_TRG_COM_IRQHandler
                0x08000d8c                DMA1_Channel1_IRQHandler
                0x08000d8c                Default_Handler
                0x08000d8c                EXTI15_10_IRQHandler
                0x08000d8c                EXTI9_5_IRQHandler
                0x08000d8c                SPI2_IRQHandler
                0x08000d8c                DMA1_Channel5_IRQHandler
                0x08000d8c                EXTI4_IRQHandler
                0x08000d8c                USB_LP_CAN1_RX0_IRQHandler
                0x08000d8c                USB_HP_CAN1_TX_IRQHandler
                0x08000d8c                DMA1_Channel3_IRQHandler
                0x08000d8c                TIM1_UP_IRQHandler
                0x08000d8c                WWDG_IRQHandler
                0x08000d8c                TIM2_IRQHandler
                0x08000d8c                TIM1_BRK_IRQHandler
                0x08000d8c                EXTI1_IRQHandler
                0x08000d8c                USART2_IRQHandler
                0x08000d8c                I2C2_ER_IRQHandler
                0x08000d8c                DMA1_Channel2_IRQHandler
                0x08000d8c                CAN1_SCE_IRQHandler
                0x08000d8c                FLASH_IRQHandler
                0x08000d8c                USART1_IRQHandler
                0x08000d8c                I2C1_ER_IRQHandler
                0x08000d8c                USBWakeUp_IRQHandler
 *fill*         0x08000d8e        0x2 
 .text.HAL_InitTick
                0x08000d90       0x4c CMakeFiles/C8T6_MPU6050.elf.dir/Drivers/STM32F1xx_HAL_Driver/Src/stm32f1xx_hal.c.obj
                0x08000d90                HAL_InitTick
 .text.HAL_Init
                0x08000ddc       0x24 CMakeFiles/C8T6_MPU6050.elf.dir/Drivers/STM32F1xx_HAL_Driver/Src/stm32f1xx_hal.c.obj
                0x08000ddc                HAL_Init
 .text.HAL_IncTick
                0x08000e00       0x18 CMakeFiles/C8T6_MPU6050.elf.dir/Drivers/STM32F1xx_HAL_Driver/Src/stm32f1xx_hal.c.obj
                0x08000e00                HAL_IncTick
 .text.HAL_GetTick
                0x08000e18        0xc CMakeFiles/C8T6_MPU6050.elf.dir/Drivers/STM32F1xx_HAL_Driver/Src/stm32f1xx_hal.c.obj
                0x08000e18                HAL_GetTick
 .text.HAL_Delay
                0x08000e24       0x28 CMakeFiles/C8T6_MPU6050.elf.dir/Drivers/STM32F1xx_HAL_Driver/Src/stm32f1xx_hal.c.obj
                0x08000e24                HAL_Delay
 .text.HAL_NVIC_SetPriorityGrouping
                0x08000e4c       0x24 CMakeFiles/C8T6_MPU6050.elf.dir/Drivers/STM32F1xx_HAL_Driver/Src/stm32f1xx_hal_cortex.c.obj
                0x08000e4c                HAL_NVIC_SetPriorityGrouping
 .text.HAL_NVIC_SetPriority
                0x08000e70       0x70 CMakeFiles/C8T6_MPU6050.elf.dir/Drivers/STM32F1xx_HAL_Driver/Src/stm32f1xx_hal_cortex.c.obj
                0x08000e70                HAL_NVIC_SetPriority
 .text.HAL_SYSTICK_Config
                0x08000ee0       0x28 CMakeFiles/C8T6_MPU6050.elf.dir/Drivers/STM32F1xx_HAL_Driver/Src/stm32f1xx_hal_cortex.c.obj
                0x08000ee0                HAL_SYSTICK_Config
 .text.HAL_GPIO_Init
                0x08000f08      0x224 CMakeFiles/C8T6_MPU6050.elf.dir/Drivers/STM32F1xx_HAL_Driver/Src/stm32f1xx_hal_gpio.c.obj
                0x08000f08                HAL_GPIO_Init
 .text.I2C_IsAcknowledgeFailed
                0x0800112c       0x32 CMakeFiles/C8T6_MPU6050.elf.dir/Drivers/STM32F1xx_HAL_Driver/Src/stm32f1xx_hal_i2c.c.obj
 .text.I2C_WaitOnFlagUntilTimeout
                0x0800115e       0xaa CMakeFiles/C8T6_MPU6050.elf.dir/Drivers/STM32F1xx_HAL_Driver/Src/stm32f1xx_hal_i2c.c.obj
 .text.I2C_WaitOnMasterAddressFlagUntilTimeout
                0x08001208       0xd6 CMakeFiles/C8T6_MPU6050.elf.dir/Drivers/STM32F1xx_HAL_Driver/Src/stm32f1xx_hal_i2c.c.obj
 .text.I2C_WaitOnTXEFlagUntilTimeout
                0x080012de       0x5e CMakeFiles/C8T6_MPU6050.elf.dir/Drivers/STM32F1xx_HAL_Driver/Src/stm32f1xx_hal_i2c.c.obj
 .text.I2C_RequestMemoryWrite
                0x0800133c       0xd8 CMakeFiles/C8T6_MPU6050.elf.dir/Drivers/STM32F1xx_HAL_Driver/Src/stm32f1xx_hal_i2c.c.obj
 .text.I2C_RequestMemoryRead
                0x08001414      0x154 CMakeFiles/C8T6_MPU6050.elf.dir/Drivers/STM32F1xx_HAL_Driver/Src/stm32f1xx_hal_i2c.c.obj
 .text.I2C_WaitOnBTFFlagUntilTimeout
                0x08001568       0x5e CMakeFiles/C8T6_MPU6050.elf.dir/Drivers/STM32F1xx_HAL_Driver/Src/stm32f1xx_hal_i2c.c.obj
 .text.I2C_WaitOnRXNEFlagUntilTimeout
                0x080015c6       0x78 CMakeFiles/C8T6_MPU6050.elf.dir/Drivers/STM32F1xx_HAL_Driver/Src/stm32f1xx_hal_i2c.c.obj
 *fill*         0x0800163e        0x2 
 .text.HAL_I2C_Init
                0x08001640      0x1bc CMakeFiles/C8T6_MPU6050.elf.dir/Drivers/STM32F1xx_HAL_Driver/Src/stm32f1xx_hal_i2c.c.obj
                0x08001640                HAL_I2C_Init
 .text.HAL_I2C_Mem_Write
                0x080017fc      0x164 CMakeFiles/C8T6_MPU6050.elf.dir/Drivers/STM32F1xx_HAL_Driver/Src/stm32f1xx_hal_i2c.c.obj
                0x080017fc                HAL_I2C_Mem_Write
 .text.HAL_I2C_Mem_Read
                0x08001960      0x348 CMakeFiles/C8T6_MPU6050.elf.dir/Drivers/STM32F1xx_HAL_Driver/Src/stm32f1xx_hal_i2c.c.obj
                0x08001960                HAL_I2C_Mem_Read
 .text.RCC_Delay
                0x08001ca8       0x2c CMakeFiles/C8T6_MPU6050.elf.dir/Drivers/STM32F1xx_HAL_Driver/Src/stm32f1xx_hal_rcc.c.obj
 .text.HAL_RCC_OscConfig
                0x08001cd4      0x410 CMakeFiles/C8T6_MPU6050.elf.dir/Drivers/STM32F1xx_HAL_Driver/Src/stm32f1xx_hal_rcc.c.obj
                0x08001cd4                HAL_RCC_OscConfig
 .text.HAL_RCC_GetSysClockFreq
                0x080020e4       0x54 CMakeFiles/C8T6_MPU6050.elf.dir/Drivers/STM32F1xx_HAL_Driver/Src/stm32f1xx_hal_rcc.c.obj
                0x080020e4                HAL_RCC_GetSysClockFreq
 .text.HAL_RCC_ClockConfig
                0x08002138      0x16c CMakeFiles/C8T6_MPU6050.elf.dir/Drivers/STM32F1xx_HAL_Driver/Src/stm32f1xx_hal_rcc.c.obj
                0x08002138                HAL_RCC_ClockConfig
 .text.HAL_RCC_GetHCLKFreq
                0x080022a4        0xc CMakeFiles/C8T6_MPU6050.elf.dir/Drivers/STM32F1xx_HAL_Driver/Src/stm32f1xx_hal_rcc.c.obj
                0x080022a4                HAL_RCC_GetHCLKFreq
 .text.HAL_RCC_GetPCLK1Freq
                0x080022b0       0x20 CMakeFiles/C8T6_MPU6050.elf.dir/Drivers/STM32F1xx_HAL_Driver/Src/stm32f1xx_hal_rcc.c.obj
                0x080022b0                HAL_RCC_GetPCLK1Freq
 .text.HAL_RCC_GetPCLK2Freq
                0x080022d0       0x20 CMakeFiles/C8T6_MPU6050.elf.dir/Drivers/STM32F1xx_HAL_Driver/Src/stm32f1xx_hal_rcc.c.obj
                0x080022d0                HAL_RCC_GetPCLK2Freq
 .text.UART_SetConfig
                0x080022f0       0x94 CMakeFiles/C8T6_MPU6050.elf.dir/Drivers/STM32F1xx_HAL_Driver/Src/stm32f1xx_hal_uart.c.obj
 .text.UART_WaitOnFlagUntilTimeout
                0x08002384       0x88 CMakeFiles/C8T6_MPU6050.elf.dir/Drivers/STM32F1xx_HAL_Driver/Src/stm32f1xx_hal_uart.c.obj
 .text.HAL_UART_Init
                0x0800240c       0x60 CMakeFiles/C8T6_MPU6050.elf.dir/Drivers/STM32F1xx_HAL_Driver/Src/stm32f1xx_hal_uart.c.obj
                0x0800240c                HAL_UART_Init
 .text.HAL_UART_Transmit
                0x0800246c       0xbe CMakeFiles/C8T6_MPU6050.elf.dir/Drivers/STM32F1xx_HAL_Driver/Src/stm32f1xx_hal_uart.c.obj
                0x0800246c                HAL_UART_Transmit
 *fill*         0x0800252a        0x2 
 .text.__libc_init_array
                0x0800252c       0x48 d:/clion-environment/10 2021.10/bin/../lib/gcc/arm-none-eabi/10.3.1/../../../../arm-none-eabi/lib/thumb/v7-m/nofp\libg.a(lib_a-init.o)
                0x0800252c                __libc_init_array
 .text.memset   0x08002574       0xa4 d:/clion-environment/10 2021.10/bin/../lib/gcc/arm-none-eabi/10.3.1/../../../../arm-none-eabi/lib/thumb/v7-m/nofp\libg.a(lib_a-memset.o)
                0x08002574                memset
 .text.startup.register_fini
                0x08002618       0x14 d:/clion-environment/10 2021.10/bin/../lib/gcc/arm-none-eabi/10.3.1/../../../../arm-none-eabi/lib/thumb/v7-m/nofp\libg.a(lib_a-__call_atexit.o)
 .text.atexit   0x0800262c        0xc d:/clion-environment/10 2021.10/bin/../lib/gcc/arm-none-eabi/10.3.1/../../../../arm-none-eabi/lib/thumb/v7-m/nofp\libg.a(lib_a-atexit.o)
                0x0800262c                atexit
 .text.__libc_fini_array
                0x08002638       0x2c d:/clion-environment/10 2021.10/bin/../lib/gcc/arm-none-eabi/10.3.1/../../../../arm-none-eabi/lib/thumb/v7-m/nofp\libg.a(lib_a-fini.o)
                0x08002638                __libc_fini_array
 .text.__retarget_lock_acquire_recursive
                0x08002664        0x4 d:/clion-environment/10 2021.10/bin/../lib/gcc/arm-none-eabi/10.3.1/../../../../arm-none-eabi/lib/thumb/v7-m/nofp\libg.a(lib_a-lock.o)
                0x08002664                __retarget_lock_acquire_recursive
 .text.__retarget_lock_release_recursive
                0x08002668        0x4 d:/clion-environment/10 2021.10/bin/../lib/gcc/arm-none-eabi/10.3.1/../../../../arm-none-eabi/lib/thumb/v7-m/nofp\libg.a(lib_a-lock.o)
                0x08002668                __retarget_lock_release_recursive
 .text.__register_exitproc
                0x0800266c       0x8c d:/clion-environment/10 2021.10/bin/../lib/gcc/arm-none-eabi/10.3.1/../../../../arm-none-eabi/lib/thumb/v7-m/nofp\libg.a(lib_a-__atexit.o)
                0x0800266c                __register_exitproc
 *(.glue_7)
 .glue_7        0x080026f8        0x0 linker stubs
 *(.glue_7t)
 .glue_7t       0x080026f8        0x0 linker stubs
 *(.eh_frame)
 .eh_frame      0x080026f8        0x0 d:/clion-environment/10 2021.10/bin/../lib/gcc/arm-none-eabi/10.3.1/thumb/v7-m/nofp/crtbegin.o
 *(.init)
 .init          0x080026f8        0x4 d:/clion-environment/10 2021.10/bin/../lib/gcc/arm-none-eabi/10.3.1/thumb/v7-m/nofp/crti.o
                0x080026f8                _init
 .init          0x080026fc        0x8 d:/clion-environment/10 2021.10/bin/../lib/gcc/arm-none-eabi/10.3.1/thumb/v7-m/nofp/crtn.o
 *(.fini)
 .fini          0x08002704        0x4 d:/clion-environment/10 2021.10/bin/../lib/gcc/arm-none-eabi/10.3.1/thumb/v7-m/nofp/crti.o
                0x08002704                _fini
 .fini          0x08002708        0x8 d:/clion-environment/10 2021.10/bin/../lib/gcc/arm-none-eabi/10.3.1/thumb/v7-m/nofp/crtn.o
                0x08002710                . = ALIGN (0x4)
                0x08002710                _etext = .

.vfp11_veneer   0x08002710        0x0
 .vfp11_veneer  0x08002710        0x0 linker stubs

.v4_bx          0x08002710        0x0
 .v4_bx         0x08002710        0x0 linker stubs

.iplt           0x08002710        0x0
 .iplt          0x08002710        0x0 d:/clion-environment/10 2021.10/bin/../lib/gcc/arm-none-eabi/10.3.1/thumb/v7-m/nofp/crtbegin.o

.rodata         0x08002710       0x30
                0x08002710                . = ALIGN (0x4)
 *(.rodata)
 *(.rodata*)
 .rodata.AHBPrescTable
                0x08002710       0x10 CMakeFiles/C8T6_MPU6050.elf.dir/Core/Src/system_stm32f1xx.c.obj
                0x08002710                AHBPrescTable
 .rodata.APBPrescTable
                0x08002720        0x8 CMakeFiles/C8T6_MPU6050.elf.dir/Core/Src/system_stm32f1xx.c.obj
                0x08002720                APBPrescTable
 .rodata.aPLLMULFactorTable.1
                0x08002728       0x10 CMakeFiles/C8T6_MPU6050.elf.dir/Drivers/STM32F1xx_HAL_Driver/Src/stm32f1xx_hal_rcc.c.obj
 .rodata.aPredivFactorTable.0
                0x08002738        0x2 CMakeFiles/C8T6_MPU6050.elf.dir/Drivers/STM32F1xx_HAL_Driver/Src/stm32f1xx_hal_rcc.c.obj
 *fill*         0x0800273a        0x2 
 .rodata._global_impure_ptr
                0x0800273c        0x4 d:/clion-environment/10 2021.10/bin/../lib/gcc/arm-none-eabi/10.3.1/../../../../arm-none-eabi/lib/thumb/v7-m/nofp\libg.a(lib_a-impure.o)
                0x0800273c                _global_impure_ptr
                0x08002740                . = ALIGN (0x4)

.rel.dyn        0x08002740        0x0
 .rel.iplt      0x08002740        0x0 d:/clion-environment/10 2021.10/bin/../lib/gcc/arm-none-eabi/10.3.1/thumb/v7-m/nofp/crtbegin.o

.ARM.extab      0x08002740        0x0
                0x08002740                . = ALIGN (0x4)
 *(.ARM.extab* .gnu.linkonce.armextab.*)
                0x08002740                . = ALIGN (0x4)

.ARM            0x08002740        0x0
                0x08002740                . = ALIGN (0x4)
                0x08002740                __exidx_start = .
 *(.ARM.exidx*)
                0x08002740                __exidx_end = .
                0x08002740                . = ALIGN (0x4)

.preinit_array  0x08002740        0x0
                0x08002740                . = ALIGN (0x4)
                0x08002740                PROVIDE (__preinit_array_start = .)
 *(.preinit_array*)
                0x08002740                PROVIDE (__preinit_array_end = .)
                0x08002740                . = ALIGN (0x4)

.init_array     0x08002740        0x8
                0x08002740                . = ALIGN (0x4)
                0x08002740                PROVIDE (__init_array_start = .)
 *(SORT_BY_NAME(.init_array.*))
 .init_array.00000
                0x08002740        0x4 d:/clion-environment/10 2021.10/bin/../lib/gcc/arm-none-eabi/10.3.1/../../../../arm-none-eabi/lib/thumb/v7-m/nofp\libg.a(lib_a-__call_atexit.o)
 *(.init_array*)
 .init_array    0x08002744        0x4 d:/clion-environment/10 2021.10/bin/../lib/gcc/arm-none-eabi/10.3.1/thumb/v7-m/nofp/crtbegin.o
                0x08002748                PROVIDE (__init_array_end = .)
                0x08002748                . = ALIGN (0x4)

.fini_array     0x08002748        0x4
                0x08002748                . = ALIGN (0x4)
                0x08002748                PROVIDE (__fini_array_start = .)
 *(SORT_BY_NAME(.fini_array.*))
 *(.fini_array*)
 .fini_array    0x08002748        0x4 d:/clion-environment/10 2021.10/bin/../lib/gcc/arm-none-eabi/10.3.1/thumb/v7-m/nofp/crtbegin.o
                0x0800274c                PROVIDE (__fini_array_end = .)
                0x0800274c                . = ALIGN (0x4)
                0x0800274c                _sidata = LOADADDR (.data)

.data           0x20000000      0x43c load address 0x0800274c
                0x20000000                . = ALIGN (0x4)
                0x20000000                _sdata = .
 *(.data)
 *(.data*)
 .data.SystemCoreClock
                0x20000000        0x4 CMakeFiles/C8T6_MPU6050.elf.dir/Core/Src/system_stm32f1xx.c.obj
                0x20000000                SystemCoreClock
 .data.uwTickFreq
                0x20000004        0x1 CMakeFiles/C8T6_MPU6050.elf.dir/Drivers/STM32F1xx_HAL_Driver/Src/stm32f1xx_hal.c.obj
                0x20000004                uwTickFreq
 *fill*         0x20000005        0x3 
 .data.uwTickPrio
                0x20000008        0x4 CMakeFiles/C8T6_MPU6050.elf.dir/Drivers/STM32F1xx_HAL_Driver/Src/stm32f1xx_hal.c.obj
                0x20000008                uwTickPrio
 *fill*         0x2000000c        0x4 
 .data.impure_data
                0x20000010      0x428 d:/clion-environment/10 2021.10/bin/../lib/gcc/arm-none-eabi/10.3.1/../../../../arm-none-eabi/lib/thumb/v7-m/nofp\libg.a(lib_a-impure.o)
 .data.__atexit_recursive_mutex
                0x20000438        0x4 d:/clion-environment/10 2021.10/bin/../lib/gcc/arm-none-eabi/10.3.1/../../../../arm-none-eabi/lib/thumb/v7-m/nofp\libg.a(lib_a-__call_atexit.o)
                0x20000438                __atexit_recursive_mutex
 *(.RamFunc)
 *(.RamFunc*)
                0x2000043c                . = ALIGN (0x4)
                0x2000043c                _edata = .

.igot.plt       0x2000043c        0x0 load address 0x08002b88
 .igot.plt      0x2000043c        0x0 d:/clion-environment/10 2021.10/bin/../lib/gcc/arm-none-eabi/10.3.1/thumb/v7-m/nofp/crtbegin.o
                0x2000043c                . = ALIGN (0x4)

.bss            0x20000440      0x120 load address 0x08002b88
                0x20000440                _sbss = .
                0x20000440                __bss_start__ = _sbss
 *(.bss)
 .bss           0x20000440       0x1c d:/clion-environment/10 2021.10/bin/../lib/gcc/arm-none-eabi/10.3.1/thumb/v7-m/nofp/crtbegin.o
 *(.bss*)
 .bss.hi2c2     0x2000045c       0x54 CMakeFiles/C8T6_MPU6050.elf.dir/Core/Src/i2c.c.obj
                0x2000045c                hi2c2
 .bss.Accl      0x200004b0        0x3 CMakeFiles/C8T6_MPU6050.elf.dir/Core/Src/main.c.obj
                0x200004b0                Accl
 *fill*         0x200004b3        0x5 
 .bss.mpu_6050_data
                0x200004b8       0x58 CMakeFiles/C8T6_MPU6050.elf.dir/Core/Src/main.c.obj
                0x200004b8                mpu_6050_data
 .bss.huart1    0x20000510       0x48 CMakeFiles/C8T6_MPU6050.elf.dir/Core/Src/usart.c.obj
                0x20000510                huart1
 .bss.uwTick    0x20000558        0x4 CMakeFiles/C8T6_MPU6050.elf.dir/Drivers/STM32F1xx_HAL_Driver/Src/stm32f1xx_hal.c.obj
                0x20000558                uwTick
 .bss.__lock___atexit_recursive_mutex
                0x2000055c        0x1 d:/clion-environment/10 2021.10/bin/../lib/gcc/arm-none-eabi/10.3.1/../../../../arm-none-eabi/lib/thumb/v7-m/nofp\libg.a(lib_a-lock.o)
                0x2000055c                __lock___atexit_recursive_mutex
 *(COMMON)
                0x20000560                . = ALIGN (0x4)
 *fill*         0x2000055d        0x3 
                0x20000560                _ebss = .
                0x20000560                __bss_end__ = _ebss

._user_heap_stack
                0x20000560      0x600 load address 0x08002b88
                0x20000560                . = ALIGN (0x8)
                [!provide]                PROVIDE (end = .)
                0x20000560                PROVIDE (_end = .)
                0x20000760                . = (. + _Min_Heap_Size)
 *fill*         0x20000560      0x200 
                0x20000b60                . = (. + _Min_Stack_Size)
 *fill*         0x20000760      0x400 
                0x20000b60                . = ALIGN (0x8)

/DISCARD/
 libc.a(*)
 libm.a(*)
 libgcc.a(*)

.ARM.attributes
                0x00000000       0x29
 *(.ARM.attributes)
 .ARM.attributes
                0x00000000       0x1d d:/clion-environment/10 2021.10/bin/../lib/gcc/arm-none-eabi/10.3.1/thumb/v7-m/nofp/crti.o
 .ARM.attributes
                0x0000001d       0x2d d:/clion-environment/10 2021.10/bin/../lib/gcc/arm-none-eabi/10.3.1/thumb/v7-m/nofp/crtbegin.o
 .ARM.attributes
                0x0000004a       0x2d CMakeFiles/C8T6_MPU6050.elf.dir/Bsp/mpu_6050.c.obj
 .ARM.attributes
                0x00000077       0x2d CMakeFiles/C8T6_MPU6050.elf.dir/Core/Src/gpio.c.obj
 .ARM.attributes
                0x000000a4       0x2d CMakeFiles/C8T6_MPU6050.elf.dir/Core/Src/i2c.c.obj
 .ARM.attributes
                0x000000d1       0x2d CMakeFiles/C8T6_MPU6050.elf.dir/Core/Src/main.c.obj
 .ARM.attributes
                0x000000fe       0x2d CMakeFiles/C8T6_MPU6050.elf.dir/Core/Src/stm32f1xx_hal_msp.c.obj
 .ARM.attributes
                0x0000012b       0x2d CMakeFiles/C8T6_MPU6050.elf.dir/Core/Src/stm32f1xx_it.c.obj
 .ARM.attributes
                0x00000158       0x2d CMakeFiles/C8T6_MPU6050.elf.dir/Core/Src/system_stm32f1xx.c.obj
 .ARM.attributes
                0x00000185       0x2d CMakeFiles/C8T6_MPU6050.elf.dir/Core/Src/usart.c.obj
 .ARM.attributes
                0x000001b2       0x21 CMakeFiles/C8T6_MPU6050.elf.dir/Core/Startup/startup_stm32f103c8tx.s.obj
 .ARM.attributes
                0x000001d3       0x2d CMakeFiles/C8T6_MPU6050.elf.dir/Drivers/STM32F1xx_HAL_Driver/Src/stm32f1xx_hal.c.obj
 .ARM.attributes
                0x00000200       0x2d CMakeFiles/C8T6_MPU6050.elf.dir/Drivers/STM32F1xx_HAL_Driver/Src/stm32f1xx_hal_cortex.c.obj
 .ARM.attributes
                0x0000022d       0x2d CMakeFiles/C8T6_MPU6050.elf.dir/Drivers/STM32F1xx_HAL_Driver/Src/stm32f1xx_hal_gpio.c.obj
 .ARM.attributes
                0x0000025a       0x2d CMakeFiles/C8T6_MPU6050.elf.dir/Drivers/STM32F1xx_HAL_Driver/Src/stm32f1xx_hal_i2c.c.obj
 .ARM.attributes
                0x00000287       0x2d CMakeFiles/C8T6_MPU6050.elf.dir/Drivers/STM32F1xx_HAL_Driver/Src/stm32f1xx_hal_rcc.c.obj
 .ARM.attributes
                0x000002b4       0x2d CMakeFiles/C8T6_MPU6050.elf.dir/Drivers/STM32F1xx_HAL_Driver/Src/stm32f1xx_hal_uart.c.obj
 .ARM.attributes
                0x000002e1       0x1d d:/clion-environment/10 2021.10/bin/../lib/gcc/arm-none-eabi/10.3.1/thumb/v7-m/nofp\libgcc.a(_arm_addsubdf3.o)
 .ARM.attributes
                0x000002fe       0x1d d:/clion-environment/10 2021.10/bin/../lib/gcc/arm-none-eabi/10.3.1/thumb/v7-m/nofp\libgcc.a(_arm_muldivdf3.o)
 .ARM.attributes
                0x0000031b       0x1d d:/clion-environment/10 2021.10/bin/../lib/gcc/arm-none-eabi/10.3.1/thumb/v7-m/nofp\libgcc.a(_arm_fixunsdfsi.o)
 .ARM.attributes
                0x00000338       0x2d d:/clion-environment/10 2021.10/bin/../lib/gcc/arm-none-eabi/10.3.1/../../../../arm-none-eabi/lib/thumb/v7-m/nofp\libg.a(lib_a-impure.o)
 .ARM.attributes
                0x00000365       0x2d d:/clion-environment/10 2021.10/bin/../lib/gcc/arm-none-eabi/10.3.1/../../../../arm-none-eabi/lib/thumb/v7-m/nofp\libg.a(lib_a-init.o)
 .ARM.attributes
                0x00000392       0x2d d:/clion-environment/10 2021.10/bin/../lib/gcc/arm-none-eabi/10.3.1/../../../../arm-none-eabi/lib/thumb/v7-m/nofp\libg.a(lib_a-memset.o)
 .ARM.attributes
                0x000003bf       0x2d d:/clion-environment/10 2021.10/bin/../lib/gcc/arm-none-eabi/10.3.1/../../../../arm-none-eabi/lib/thumb/v7-m/nofp\libg.a(lib_a-__call_atexit.o)
 .ARM.attributes
                0x000003ec       0x2d d:/clion-environment/10 2021.10/bin/../lib/gcc/arm-none-eabi/10.3.1/../../../../arm-none-eabi/lib/thumb/v7-m/nofp\libg.a(lib_a-atexit.o)
 .ARM.attributes
                0x00000419       0x2d d:/clion-environment/10 2021.10/bin/../lib/gcc/arm-none-eabi/10.3.1/../../../../arm-none-eabi/lib/thumb/v7-m/nofp\libg.a(lib_a-fini.o)
 .ARM.attributes
                0x00000446       0x2d d:/clion-environment/10 2021.10/bin/../lib/gcc/arm-none-eabi/10.3.1/../../../../arm-none-eabi/lib/thumb/v7-m/nofp\libg.a(lib_a-lock.o)
 .ARM.attributes
                0x00000473       0x2d d:/clion-environment/10 2021.10/bin/../lib/gcc/arm-none-eabi/10.3.1/../../../../arm-none-eabi/lib/thumb/v7-m/nofp\libg.a(lib_a-__atexit.o)
 .ARM.attributes
                0x000004a0       0x1d d:/clion-environment/10 2021.10/bin/../lib/gcc/arm-none-eabi/10.3.1/thumb/v7-m/nofp/crtn.o
OUTPUT(C8T6_MPU6050.elf elf32-littlearm)
LOAD linker stubs
LOAD d:/clion-environment/10 2021.10/bin/../lib/gcc/arm-none-eabi/10.3.1/../../../../arm-none-eabi/lib/thumb/v7-m/nofp\libc.a
LOAD d:/clion-environment/10 2021.10/bin/../lib/gcc/arm-none-eabi/10.3.1/../../../../arm-none-eabi/lib/thumb/v7-m/nofp\libm.a
LOAD d:/clion-environment/10 2021.10/bin/../lib/gcc/arm-none-eabi/10.3.1/thumb/v7-m/nofp\libgcc.a

.debug_info     0x00000000     0xd7e7
 .debug_info    0x00000000     0x105b CMakeFiles/C8T6_MPU6050.elf.dir/Bsp/mpu_6050.c.obj
 .debug_info    0x0000105b      0x199 CMakeFiles/C8T6_MPU6050.elf.dir/Core/Src/gpio.c.obj
 .debug_info    0x000011f4      0x8a6 CMakeFiles/C8T6_MPU6050.elf.dir/Core/Src/i2c.c.obj
 .debug_info    0x00001a9a      0xca9 CMakeFiles/C8T6_MPU6050.elf.dir/Core/Src/main.c.obj
 .debug_info    0x00002743      0x211 CMakeFiles/C8T6_MPU6050.elf.dir/Core/Src/stm32f1xx_hal_msp.c.obj
 .debug_info    0x00002954      0x130 CMakeFiles/C8T6_MPU6050.elf.dir/Core/Src/stm32f1xx_it.c.obj
 .debug_info    0x00002a84      0x248 CMakeFiles/C8T6_MPU6050.elf.dir/Core/Src/system_stm32f1xx.c.obj
 .debug_info    0x00002ccc      0x855 CMakeFiles/C8T6_MPU6050.elf.dir/Core/Src/usart.c.obj
 .debug_info    0x00003521       0x22 CMakeFiles/C8T6_MPU6050.elf.dir/Core/Startup/startup_stm32f103c8tx.s.obj
 .debug_info    0x00003543      0x7a8 CMakeFiles/C8T6_MPU6050.elf.dir/Drivers/STM32F1xx_HAL_Driver/Src/stm32f1xx_hal.c.obj
 .debug_info    0x00003ceb      0xd8a CMakeFiles/C8T6_MPU6050.elf.dir/Drivers/STM32F1xx_HAL_Driver/Src/stm32f1xx_hal_cortex.c.obj
 .debug_info    0x00004a75      0x66f CMakeFiles/C8T6_MPU6050.elf.dir/Drivers/STM32F1xx_HAL_Driver/Src/stm32f1xx_hal_gpio.c.obj
 .debug_info    0x000050e4     0x3ab6 CMakeFiles/C8T6_MPU6050.elf.dir/Drivers/STM32F1xx_HAL_Driver/Src/stm32f1xx_hal_i2c.c.obj
 .debug_info    0x00008b9a      0xa3b CMakeFiles/C8T6_MPU6050.elf.dir/Drivers/STM32F1xx_HAL_Driver/Src/stm32f1xx_hal_rcc.c.obj
 .debug_info    0x000095d5     0x4212 CMakeFiles/C8T6_MPU6050.elf.dir/Drivers/STM32F1xx_HAL_Driver/Src/stm32f1xx_hal_uart.c.obj

.debug_abbrev   0x00000000     0x1a68
 .debug_abbrev  0x00000000      0x246 CMakeFiles/C8T6_MPU6050.elf.dir/Bsp/mpu_6050.c.obj
 .debug_abbrev  0x00000246       0xbf CMakeFiles/C8T6_MPU6050.elf.dir/Core/Src/gpio.c.obj
 .debug_abbrev  0x00000305      0x1c1 CMakeFiles/C8T6_MPU6050.elf.dir/Core/Src/i2c.c.obj
 .debug_abbrev  0x000004c6      0x222 CMakeFiles/C8T6_MPU6050.elf.dir/Core/Src/main.c.obj
 .debug_abbrev  0x000006e8       0xe5 CMakeFiles/C8T6_MPU6050.elf.dir/Core/Src/stm32f1xx_hal_msp.c.obj
 .debug_abbrev  0x000007cd       0x7e CMakeFiles/C8T6_MPU6050.elf.dir/Core/Src/stm32f1xx_it.c.obj
 .debug_abbrev  0x0000084b      0x13e CMakeFiles/C8T6_MPU6050.elf.dir/Core/Src/system_stm32f1xx.c.obj
 .debug_abbrev  0x00000989      0x1c8 CMakeFiles/C8T6_MPU6050.elf.dir/Core/Src/usart.c.obj
 .debug_abbrev  0x00000b51       0x12 CMakeFiles/C8T6_MPU6050.elf.dir/Core/Startup/startup_stm32f103c8tx.s.obj
 .debug_abbrev  0x00000b63      0x1f4 CMakeFiles/C8T6_MPU6050.elf.dir/Drivers/STM32F1xx_HAL_Driver/Src/stm32f1xx_hal.c.obj
 .debug_abbrev  0x00000d57      0x341 CMakeFiles/C8T6_MPU6050.elf.dir/Drivers/STM32F1xx_HAL_Driver/Src/stm32f1xx_hal_cortex.c.obj
 .debug_abbrev  0x00001098      0x1e6 CMakeFiles/C8T6_MPU6050.elf.dir/Drivers/STM32F1xx_HAL_Driver/Src/stm32f1xx_hal_gpio.c.obj
 .debug_abbrev  0x0000127e      0x293 CMakeFiles/C8T6_MPU6050.elf.dir/Drivers/STM32F1xx_HAL_Driver/Src/stm32f1xx_hal_i2c.c.obj
 .debug_abbrev  0x00001511      0x27a CMakeFiles/C8T6_MPU6050.elf.dir/Drivers/STM32F1xx_HAL_Driver/Src/stm32f1xx_hal_rcc.c.obj
 .debug_abbrev  0x0000178b      0x2dd CMakeFiles/C8T6_MPU6050.elf.dir/Drivers/STM32F1xx_HAL_Driver/Src/stm32f1xx_hal_uart.c.obj

.debug_loc      0x00000000     0xa276
 .debug_loc     0x00000000      0x33d CMakeFiles/C8T6_MPU6050.elf.dir/Bsp/mpu_6050.c.obj
 .debug_loc     0x0000033d       0x67 CMakeFiles/C8T6_MPU6050.elf.dir/Core/Src/i2c.c.obj
 .debug_loc     0x000003a4       0x15 CMakeFiles/C8T6_MPU6050.elf.dir/Core/Src/stm32f1xx_hal_msp.c.obj
 .debug_loc     0x000003b9       0xff CMakeFiles/C8T6_MPU6050.elf.dir/Core/Src/system_stm32f1xx.c.obj
 .debug_loc     0x000004b8       0x84 CMakeFiles/C8T6_MPU6050.elf.dir/Core/Src/usart.c.obj
 .debug_loc     0x0000053c      0x141 CMakeFiles/C8T6_MPU6050.elf.dir/Drivers/STM32F1xx_HAL_Driver/Src/stm32f1xx_hal.c.obj
 .debug_loc     0x0000067d      0x71f CMakeFiles/C8T6_MPU6050.elf.dir/Drivers/STM32F1xx_HAL_Driver/Src/stm32f1xx_hal_cortex.c.obj
 .debug_loc     0x00000d9c      0x47d CMakeFiles/C8T6_MPU6050.elf.dir/Drivers/STM32F1xx_HAL_Driver/Src/stm32f1xx_hal_gpio.c.obj
 .debug_loc     0x00001219     0x41ca CMakeFiles/C8T6_MPU6050.elf.dir/Drivers/STM32F1xx_HAL_Driver/Src/stm32f1xx_hal_i2c.c.obj
 .debug_loc     0x000053e3      0x618 CMakeFiles/C8T6_MPU6050.elf.dir/Drivers/STM32F1xx_HAL_Driver/Src/stm32f1xx_hal_rcc.c.obj
 .debug_loc     0x000059fb     0x487b CMakeFiles/C8T6_MPU6050.elf.dir/Drivers/STM32F1xx_HAL_Driver/Src/stm32f1xx_hal_uart.c.obj

.debug_aranges  0x00000000      0x8d0
 .debug_aranges
                0x00000000       0x48 CMakeFiles/C8T6_MPU6050.elf.dir/Bsp/mpu_6050.c.obj
 .debug_aranges
                0x00000048       0x20 CMakeFiles/C8T6_MPU6050.elf.dir/Core/Src/gpio.c.obj
 .debug_aranges
                0x00000068       0x30 CMakeFiles/C8T6_MPU6050.elf.dir/Core/Src/i2c.c.obj
 .debug_aranges
                0x00000098       0x30 CMakeFiles/C8T6_MPU6050.elf.dir/Core/Src/main.c.obj
 .debug_aranges
                0x000000c8       0x20 CMakeFiles/C8T6_MPU6050.elf.dir/Core/Src/stm32f1xx_hal_msp.c.obj
 .debug_aranges
                0x000000e8       0x60 CMakeFiles/C8T6_MPU6050.elf.dir/Core/Src/stm32f1xx_it.c.obj
 .debug_aranges
                0x00000148       0x28 CMakeFiles/C8T6_MPU6050.elf.dir/Core/Src/system_stm32f1xx.c.obj
 .debug_aranges
                0x00000170       0x30 CMakeFiles/C8T6_MPU6050.elf.dir/Core/Src/usart.c.obj
 .debug_aranges
                0x000001a0       0x28 CMakeFiles/C8T6_MPU6050.elf.dir/Core/Startup/startup_stm32f103c8tx.s.obj
 .debug_aranges
                0x000001c8       0xe0 CMakeFiles/C8T6_MPU6050.elf.dir/Drivers/STM32F1xx_HAL_Driver/Src/stm32f1xx_hal.c.obj
 .debug_aranges
                0x000002a8       0x90 CMakeFiles/C8T6_MPU6050.elf.dir/Drivers/STM32F1xx_HAL_Driver/Src/stm32f1xx_hal_cortex.c.obj
 .debug_aranges
                0x00000338       0x58 CMakeFiles/C8T6_MPU6050.elf.dir/Drivers/STM32F1xx_HAL_Driver/Src/stm32f1xx_hal_gpio.c.obj
 .debug_aranges
                0x00000390      0x2a8 CMakeFiles/C8T6_MPU6050.elf.dir/Drivers/STM32F1xx_HAL_Driver/Src/stm32f1xx_hal_i2c.c.obj
 .debug_aranges
                0x00000638       0x90 CMakeFiles/C8T6_MPU6050.elf.dir/Drivers/STM32F1xx_HAL_Driver/Src/stm32f1xx_hal_rcc.c.obj
 .debug_aranges
                0x000006c8      0x208 CMakeFiles/C8T6_MPU6050.elf.dir/Drivers/STM32F1xx_HAL_Driver/Src/stm32f1xx_hal_uart.c.obj

.debug_ranges   0x00000000      0x898
 .debug_ranges  0x00000000       0x38 CMakeFiles/C8T6_MPU6050.elf.dir/Bsp/mpu_6050.c.obj
 .debug_ranges  0x00000038       0x10 CMakeFiles/C8T6_MPU6050.elf.dir/Core/Src/gpio.c.obj
 .debug_ranges  0x00000048       0x20 CMakeFiles/C8T6_MPU6050.elf.dir/Core/Src/i2c.c.obj
 .debug_ranges  0x00000068       0x20 CMakeFiles/C8T6_MPU6050.elf.dir/Core/Src/main.c.obj
 .debug_ranges  0x00000088       0x10 CMakeFiles/C8T6_MPU6050.elf.dir/Core/Src/stm32f1xx_hal_msp.c.obj
 .debug_ranges  0x00000098       0x50 CMakeFiles/C8T6_MPU6050.elf.dir/Core/Src/stm32f1xx_it.c.obj
 .debug_ranges  0x000000e8       0x18 CMakeFiles/C8T6_MPU6050.elf.dir/Core/Src/system_stm32f1xx.c.obj
 .debug_ranges  0x00000100       0x20 CMakeFiles/C8T6_MPU6050.elf.dir/Core/Src/usart.c.obj
 .debug_ranges  0x00000120       0x20 CMakeFiles/C8T6_MPU6050.elf.dir/Core/Startup/startup_stm32f103c8tx.s.obj
 .debug_ranges  0x00000140       0xd0 CMakeFiles/C8T6_MPU6050.elf.dir/Drivers/STM32F1xx_HAL_Driver/Src/stm32f1xx_hal.c.obj
 .debug_ranges  0x00000210       0xe0 CMakeFiles/C8T6_MPU6050.elf.dir/Drivers/STM32F1xx_HAL_Driver/Src/stm32f1xx_hal_cortex.c.obj
 .debug_ranges  0x000002f0       0x48 CMakeFiles/C8T6_MPU6050.elf.dir/Drivers/STM32F1xx_HAL_Driver/Src/stm32f1xx_hal_gpio.c.obj
 .debug_ranges  0x00000338      0x2b0 CMakeFiles/C8T6_MPU6050.elf.dir/Drivers/STM32F1xx_HAL_Driver/Src/stm32f1xx_hal_i2c.c.obj
 .debug_ranges  0x000005e8       0xa0 CMakeFiles/C8T6_MPU6050.elf.dir/Drivers/STM32F1xx_HAL_Driver/Src/stm32f1xx_hal_rcc.c.obj
 .debug_ranges  0x00000688      0x210 CMakeFiles/C8T6_MPU6050.elf.dir/Drivers/STM32F1xx_HAL_Driver/Src/stm32f1xx_hal_uart.c.obj

.debug_line     0x00000000     0xd0f4
 .debug_line    0x00000000      0x626 CMakeFiles/C8T6_MPU6050.elf.dir/Bsp/mpu_6050.c.obj
 .debug_line    0x00000626      0x175 CMakeFiles/C8T6_MPU6050.elf.dir/Core/Src/gpio.c.obj
 .debug_line    0x0000079b      0x327 CMakeFiles/C8T6_MPU6050.elf.dir/Core/Src/i2c.c.obj
 .debug_line    0x00000ac2      0x45c CMakeFiles/C8T6_MPU6050.elf.dir/Core/Src/main.c.obj
 .debug_line    0x00000f1e      0x182 CMakeFiles/C8T6_MPU6050.elf.dir/Core/Src/stm32f1xx_hal_msp.c.obj
 .debug_line    0x000010a0      0x1bf CMakeFiles/C8T6_MPU6050.elf.dir/Core/Src/stm32f1xx_it.c.obj
 .debug_line    0x0000125f      0x24c CMakeFiles/C8T6_MPU6050.elf.dir/Core/Src/system_stm32f1xx.c.obj
 .debug_line    0x000014ab      0x341 CMakeFiles/C8T6_MPU6050.elf.dir/Core/Src/usart.c.obj
 .debug_line    0x000017ec       0xa7 CMakeFiles/C8T6_MPU6050.elf.dir/Core/Startup/startup_stm32f103c8tx.s.obj
 .debug_line    0x00001893      0x57c CMakeFiles/C8T6_MPU6050.elf.dir/Drivers/STM32F1xx_HAL_Driver/Src/stm32f1xx_hal.c.obj
 .debug_line    0x00001e0f      0x663 CMakeFiles/C8T6_MPU6050.elf.dir/Drivers/STM32F1xx_HAL_Driver/Src/stm32f1xx_hal_cortex.c.obj
 .debug_line    0x00002472      0x60b CMakeFiles/C8T6_MPU6050.elf.dir/Drivers/STM32F1xx_HAL_Driver/Src/stm32f1xx_hal_gpio.c.obj
 .debug_line    0x00002a7d     0x563e CMakeFiles/C8T6_MPU6050.elf.dir/Drivers/STM32F1xx_HAL_Driver/Src/stm32f1xx_hal_i2c.c.obj
 .debug_line    0x000080bb      0xc48 CMakeFiles/C8T6_MPU6050.elf.dir/Drivers/STM32F1xx_HAL_Driver/Src/stm32f1xx_hal_rcc.c.obj
 .debug_line    0x00008d03     0x43f1 CMakeFiles/C8T6_MPU6050.elf.dir/Drivers/STM32F1xx_HAL_Driver/Src/stm32f1xx_hal_uart.c.obj

.debug_str      0x00000000     0x2cd3
 .debug_str     0x00000000      0x828 CMakeFiles/C8T6_MPU6050.elf.dir/Bsp/mpu_6050.c.obj
                                0x8f8 (size before relaxing)
 .debug_str     0x00000828       0x87 CMakeFiles/C8T6_MPU6050.elf.dir/Core/Src/gpio.c.obj
                                0x225 (size before relaxing)
 .debug_str     0x000008af      0x10e CMakeFiles/C8T6_MPU6050.elf.dir/Core/Src/i2c.c.obj
                                0x774 (size before relaxing)
 .debug_str     0x000009bd      0x3d2 CMakeFiles/C8T6_MPU6050.elf.dir/Core/Src/main.c.obj
                                0xb27 (size before relaxing)
 .debug_str     0x00000d8f       0x7b CMakeFiles/C8T6_MPU6050.elf.dir/Core/Src/stm32f1xx_hal_msp.c.obj
                                0x25f (size before relaxing)
 .debug_str     0x00000e0a       0xd8 CMakeFiles/C8T6_MPU6050.elf.dir/Core/Src/stm32f1xx_it.c.obj
                                0x262 (size before relaxing)
 .debug_str     0x00000ee2       0x9f CMakeFiles/C8T6_MPU6050.elf.dir/Core/Src/system_stm32f1xx.c.obj
                                0x294 (size before relaxing)
 .debug_str     0x00000f81       0x72 CMakeFiles/C8T6_MPU6050.elf.dir/Core/Src/usart.c.obj
                                0x700 (size before relaxing)
 .debug_str     0x00000ff3       0x57 CMakeFiles/C8T6_MPU6050.elf.dir/Core/Startup/startup_stm32f103c8tx.s.obj
                                 0x8d (size before relaxing)
 .debug_str     0x0000104a      0x603 CMakeFiles/C8T6_MPU6050.elf.dir/Drivers/STM32F1xx_HAL_Driver/Src/stm32f1xx_hal.c.obj
                                0x864 (size before relaxing)
 .debug_str     0x0000164d      0x3e6 CMakeFiles/C8T6_MPU6050.elf.dir/Drivers/STM32F1xx_HAL_Driver/Src/stm32f1xx_hal_cortex.c.obj
                                0x913 (size before relaxing)
 .debug_str     0x00001a33      0x164 CMakeFiles/C8T6_MPU6050.elf.dir/Drivers/STM32F1xx_HAL_Driver/Src/stm32f1xx_hal_gpio.c.obj
                                0x440 (size before relaxing)
 .debug_str     0x00001b97      0x905 CMakeFiles/C8T6_MPU6050.elf.dir/Drivers/STM32F1xx_HAL_Driver/Src/stm32f1xx_hal_i2c.c.obj
                               0x1005 (size before relaxing)
 .debug_str     0x0000249c      0x1f5 CMakeFiles/C8T6_MPU6050.elf.dir/Drivers/STM32F1xx_HAL_Driver/Src/stm32f1xx_hal_rcc.c.obj
                                0x66b (size before relaxing)
 .debug_str     0x00002691      0x642 CMakeFiles/C8T6_MPU6050.elf.dir/Drivers/STM32F1xx_HAL_Driver/Src/stm32f1xx_hal_uart.c.obj
                                0xd34 (size before relaxing)

.comment        0x00000000       0x49
 .comment       0x00000000       0x49 CMakeFiles/C8T6_MPU6050.elf.dir/Bsp/mpu_6050.c.obj
                                 0x4a (size before relaxing)
 .comment       0x00000049       0x4a CMakeFiles/C8T6_MPU6050.elf.dir/Core/Src/gpio.c.obj
 .comment       0x00000049       0x4a CMakeFiles/C8T6_MPU6050.elf.dir/Core/Src/i2c.c.obj
 .comment       0x00000049       0x4a CMakeFiles/C8T6_MPU6050.elf.dir/Core/Src/main.c.obj
 .comment       0x00000049       0x4a CMakeFiles/C8T6_MPU6050.elf.dir/Core/Src/stm32f1xx_hal_msp.c.obj
 .comment       0x00000049       0x4a CMakeFiles/C8T6_MPU6050.elf.dir/Core/Src/stm32f1xx_it.c.obj
 .comment       0x00000049       0x4a CMakeFiles/C8T6_MPU6050.elf.dir/Core/Src/system_stm32f1xx.c.obj
 .comment       0x00000049       0x4a CMakeFiles/C8T6_MPU6050.elf.dir/Core/Src/usart.c.obj
 .comment       0x00000049       0x4a CMakeFiles/C8T6_MPU6050.elf.dir/Drivers/STM32F1xx_HAL_Driver/Src/stm32f1xx_hal.c.obj
 .comment       0x00000049       0x4a CMakeFiles/C8T6_MPU6050.elf.dir/Drivers/STM32F1xx_HAL_Driver/Src/stm32f1xx_hal_cortex.c.obj
 .comment       0x00000049       0x4a CMakeFiles/C8T6_MPU6050.elf.dir/Drivers/STM32F1xx_HAL_Driver/Src/stm32f1xx_hal_gpio.c.obj
 .comment       0x00000049       0x4a CMakeFiles/C8T6_MPU6050.elf.dir/Drivers/STM32F1xx_HAL_Driver/Src/stm32f1xx_hal_i2c.c.obj
 .comment       0x00000049       0x4a CMakeFiles/C8T6_MPU6050.elf.dir/Drivers/STM32F1xx_HAL_Driver/Src/stm32f1xx_hal_rcc.c.obj
 .comment       0x00000049       0x4a CMakeFiles/C8T6_MPU6050.elf.dir/Drivers/STM32F1xx_HAL_Driver/Src/stm32f1xx_hal_uart.c.obj

.debug_frame    0x00000000     0x1af0
 .debug_frame   0x00000000       0xfc CMakeFiles/C8T6_MPU6050.elf.dir/Bsp/mpu_6050.c.obj
 .debug_frame   0x000000fc       0x28 CMakeFiles/C8T6_MPU6050.elf.dir/Core/Src/gpio.c.obj
 .debug_frame   0x00000124       0x60 CMakeFiles/C8T6_MPU6050.elf.dir/Core/Src/i2c.c.obj
 .debug_frame   0x00000184       0x58 CMakeFiles/C8T6_MPU6050.elf.dir/Core/Src/main.c.obj
 .debug_frame   0x000001dc       0x28 CMakeFiles/C8T6_MPU6050.elf.dir/Core/Src/stm32f1xx_hal_msp.c.obj
 .debug_frame   0x00000204       0xa8 CMakeFiles/C8T6_MPU6050.elf.dir/Core/Src/stm32f1xx_it.c.obj
 .debug_frame   0x000002ac       0x30 CMakeFiles/C8T6_MPU6050.elf.dir/Core/Src/system_stm32f1xx.c.obj
 .debug_frame   0x000002dc       0x60 CMakeFiles/C8T6_MPU6050.elf.dir/Core/Src/usart.c.obj
 .debug_frame   0x0000033c      0x1cc CMakeFiles/C8T6_MPU6050.elf.dir/Drivers/STM32F1xx_HAL_Driver/Src/stm32f1xx_hal.c.obj
 .debug_frame   0x00000508      0x118 CMakeFiles/C8T6_MPU6050.elf.dir/Drivers/STM32F1xx_HAL_Driver/Src/stm32f1xx_hal_cortex.c.obj
 .debug_frame   0x00000620       0xe4 CMakeFiles/C8T6_MPU6050.elf.dir/Drivers/STM32F1xx_HAL_Driver/Src/stm32f1xx_hal_gpio.c.obj
 .debug_frame   0x00000704      0x984 CMakeFiles/C8T6_MPU6050.elf.dir/Drivers/STM32F1xx_HAL_Driver/Src/stm32f1xx_hal_i2c.c.obj
 .debug_frame   0x00001088      0x184 CMakeFiles/C8T6_MPU6050.elf.dir/Drivers/STM32F1xx_HAL_Driver/Src/stm32f1xx_hal_rcc.c.obj
 .debug_frame   0x0000120c      0x5d8 CMakeFiles/C8T6_MPU6050.elf.dir/Drivers/STM32F1xx_HAL_Driver/Src/stm32f1xx_hal_uart.c.obj
 .debug_frame   0x000017e4       0xac d:/clion-environment/10 2021.10/bin/../lib/gcc/arm-none-eabi/10.3.1/thumb/v7-m/nofp\libgcc.a(_arm_addsubdf3.o)
 .debug_frame   0x00001890       0x50 d:/clion-environment/10 2021.10/bin/../lib/gcc/arm-none-eabi/10.3.1/thumb/v7-m/nofp\libgcc.a(_arm_muldivdf3.o)
 .debug_frame   0x000018e0       0x24 d:/clion-environment/10 2021.10/bin/../lib/gcc/arm-none-eabi/10.3.1/thumb/v7-m/nofp\libgcc.a(_arm_fixunsdfsi.o)
 .debug_frame   0x00001904       0x2c d:/clion-environment/10 2021.10/bin/../lib/gcc/arm-none-eabi/10.3.1/../../../../arm-none-eabi/lib/thumb/v7-m/nofp\libg.a(lib_a-init.o)
 .debug_frame   0x00001930       0x2c d:/clion-environment/10 2021.10/bin/../lib/gcc/arm-none-eabi/10.3.1/../../../../arm-none-eabi/lib/thumb/v7-m/nofp\libg.a(lib_a-memset.o)
 .debug_frame   0x0000195c       0x5c d:/clion-environment/10 2021.10/bin/../lib/gcc/arm-none-eabi/10.3.1/../../../../arm-none-eabi/lib/thumb/v7-m/nofp\libg.a(lib_a-__call_atexit.o)
 .debug_frame   0x000019b8       0x20 d:/clion-environment/10 2021.10/bin/../lib/gcc/arm-none-eabi/10.3.1/../../../../arm-none-eabi/lib/thumb/v7-m/nofp\libg.a(lib_a-atexit.o)
 .debug_frame   0x000019d8       0x34 d:/clion-environment/10 2021.10/bin/../lib/gcc/arm-none-eabi/10.3.1/../../../../arm-none-eabi/lib/thumb/v7-m/nofp\libg.a(lib_a-fini.o)
 .debug_frame   0x00001a0c       0xb0 d:/clion-environment/10 2021.10/bin/../lib/gcc/arm-none-eabi/10.3.1/../../../../arm-none-eabi/lib/thumb/v7-m/nofp\libg.a(lib_a-lock.o)
 .debug_frame   0x00001abc       0x34 d:/clion-environment/10 2021.10/bin/../lib/gcc/arm-none-eabi/10.3.1/../../../../arm-none-eabi/lib/thumb/v7-m/nofp\libg.a(lib_a-__atexit.o)
