Archive member included to satisfy reference by file (symbol)

d:/clion-environment/10 2021.10/bin/../lib/gcc/arm-none-eabi/10.3.1/thumb/v7-m/nofp\libgcc.a(_arm_muldf3.o)
                              CMakeFiles/C8T6_MPU6050.elf.dir/Bsp/mpu_6050.c.obj (__aeabi_dmul)
d:/clion-environment/10 2021.10/bin/../lib/gcc/arm-none-eabi/10.3.1/thumb/v7-m/nofp\libgcc.a(_arm_addsubdf3.o)
                              CMakeFiles/C8T6_MPU6050.elf.dir/Bsp/mpu_6050.c.obj (__aeabi_dsub)
d:/clion-environment/10 2021.10/bin/../lib/gcc/arm-none-eabi/10.3.1/thumb/v7-m/nofp\libgcc.a(_arm_muldivdf3.o)
                              CMakeFiles/C8T6_MPU6050.elf.dir/Bsp/mpu_6050.c.obj (__aeabi_ddiv)
d:/clion-environment/10 2021.10/bin/../lib/gcc/arm-none-eabi/10.3.1/thumb/v7-m/nofp\libgcc.a(_arm_cmpdf2.o)
                              CMakeFiles/C8T6_MPU6050.elf.dir/Bsp/mpu_6050.c.obj (__aeabi_dcmpeq)
d:/clion-environment/10 2021.10/bin/../lib/gcc/arm-none-eabi/10.3.1/thumb/v7-m/nofp\libgcc.a(_arm_fixunsdfsi.o)
                              CMakeFiles/C8T6_MPU6050.elf.dir/Core/Src/main.c.obj (__aeabi_d2uiz)
d:/clion-environment/10 2021.10/bin/../lib/gcc/arm-none-eabi/10.3.1/thumb/v7-m/nofp\libgcc.a(_arm_addsubsf3.o)
                              CMakeFiles/C8T6_MPU6050.elf.dir/Bsp/mpu_6050.c.obj (__aeabi_fadd)
d:/clion-environment/10 2021.10/bin/../lib/gcc/arm-none-eabi/10.3.1/thumb/v7-m/nofp\libgcc.a(_arm_muldivsf3.o)
                              CMakeFiles/C8T6_MPU6050.elf.dir/Bsp/mpu_6050.c.obj (__aeabi_fdiv)
d:/clion-environment/10 2021.10/bin/../lib/gcc/arm-none-eabi/10.3.1/../../../../arm-none-eabi/lib/thumb/v7-m/nofp\libg.a(lib_a-errno.o)
                              CMakeFiles/C8T6_MPU6050.elf.dir/Core/Src/syscalls.c.obj (__errno)
d:/clion-environment/10 2021.10/bin/../lib/gcc/arm-none-eabi/10.3.1/../../../../arm-none-eabi/lib/thumb/v7-m/nofp\libg.a(lib_a-exit.o)
                              d:/clion-environment/10 2021.10/bin/../lib/gcc/arm-none-eabi/10.3.1/../../../../arm-none-eabi/lib/thumb/v7-m/nofp/crt0.o (exit)
d:/clion-environment/10 2021.10/bin/../lib/gcc/arm-none-eabi/10.3.1/../../../../arm-none-eabi/lib/thumb/v7-m/nofp\libg.a(lib_a-impure.o)
                              d:/clion-environment/10 2021.10/bin/../lib/gcc/arm-none-eabi/10.3.1/../../../../arm-none-eabi/lib/thumb/v7-m/nofp\libg.a(lib_a-exit.o) (_global_impure_ptr)
d:/clion-environment/10 2021.10/bin/../lib/gcc/arm-none-eabi/10.3.1/../../../../arm-none-eabi/lib/thumb/v7-m/nofp\libg.a(lib_a-init.o)
                              d:/clion-environment/10 2021.10/bin/../lib/gcc/arm-none-eabi/10.3.1/../../../../arm-none-eabi/lib/thumb/v7-m/nofp/crt0.o (__libc_init_array)
d:/clion-environment/10 2021.10/bin/../lib/gcc/arm-none-eabi/10.3.1/../../../../arm-none-eabi/lib/thumb/v7-m/nofp\libg.a(lib_a-memset.o)
                              d:/clion-environment/10 2021.10/bin/../lib/gcc/arm-none-eabi/10.3.1/../../../../arm-none-eabi/lib/thumb/v7-m/nofp/crt0.o (memset)
d:/clion-environment/10 2021.10/bin/../lib/gcc/arm-none-eabi/10.3.1/../../../../arm-none-eabi/lib/thumb/v7-m/nofp\libg.a(lib_a-__call_atexit.o)
                              d:/clion-environment/10 2021.10/bin/../lib/gcc/arm-none-eabi/10.3.1/../../../../arm-none-eabi/lib/thumb/v7-m/nofp\libg.a(lib_a-exit.o) (__call_exitprocs)
d:/clion-environment/10 2021.10/bin/../lib/gcc/arm-none-eabi/10.3.1/../../../../arm-none-eabi/lib/thumb/v7-m/nofp\libg.a(lib_a-atexit.o)
                              d:/clion-environment/10 2021.10/bin/../lib/gcc/arm-none-eabi/10.3.1/../../../../arm-none-eabi/lib/thumb/v7-m/nofp\libg.a(lib_a-__call_atexit.o) (atexit)
d:/clion-environment/10 2021.10/bin/../lib/gcc/arm-none-eabi/10.3.1/../../../../arm-none-eabi/lib/thumb/v7-m/nofp\libg.a(lib_a-fini.o)
                              d:/clion-environment/10 2021.10/bin/../lib/gcc/arm-none-eabi/10.3.1/../../../../arm-none-eabi/lib/thumb/v7-m/nofp\libg.a(lib_a-__call_atexit.o) (__libc_fini_array)
d:/clion-environment/10 2021.10/bin/../lib/gcc/arm-none-eabi/10.3.1/../../../../arm-none-eabi/lib/thumb/v7-m/nofp\libg.a(lib_a-lock.o)
                              d:/clion-environment/10 2021.10/bin/../lib/gcc/arm-none-eabi/10.3.1/../../../../arm-none-eabi/lib/thumb/v7-m/nofp\libg.a(lib_a-__call_atexit.o) (__retarget_lock_acquire_recursive)
d:/clion-environment/10 2021.10/bin/../lib/gcc/arm-none-eabi/10.3.1/../../../../arm-none-eabi/lib/thumb/v7-m/nofp\libg.a(lib_a-__atexit.o)
                              d:/clion-environment/10 2021.10/bin/../lib/gcc/arm-none-eabi/10.3.1/../../../../arm-none-eabi/lib/thumb/v7-m/nofp\libg.a(lib_a-atexit.o) (__register_exitproc)
d:/clion-environment/10 2021.10/bin/../lib/gcc/arm-none-eabi/10.3.1/../../../../arm-none-eabi/lib/thumb/v7-m/nofp\libm.a(lib_a-s_atan.o)
                              CMakeFiles/C8T6_MPU6050.elf.dir/Bsp/mpu_6050.c.obj (atan)
d:/clion-environment/10 2021.10/bin/../lib/gcc/arm-none-eabi/10.3.1/../../../../arm-none-eabi/lib/thumb/v7-m/nofp\libm.a(lib_a-s_fabs.o)
[...]
Memory Configuration

Name             Origin             Length             Attributes
RAM              0x20000000         0x00005000         xrw
FLASH            0x08000000         0x00010000         xr
*default*        0x00000000         0xffffffff

Linker script and memory map

LOAD d:/clion-environment/10 2021.10/bin/../lib/gcc/arm-none-eabi/10.3.1/thumb/v7-m/nofp/crti.o
LOAD d:/clion-environment/10 2021.10/bin/../lib/gcc/arm-none-eabi/10.3.1/thumb/v7-m/nofp/crtbegin.o
LOAD d:/clion-environment/10 2021.10/bin/../lib/gcc/arm-none-eabi/10.3.1/../../../../arm-none-eabi/lib/thumb/v7-m/nofp/crt0.o
LOAD CMakeFiles/C8T6_MPU6050.elf.dir/Bsp/mpu_6050.c.obj
LOAD CMakeFiles/C8T6_MPU6050.elf.dir/Core/Src/gpio.c.obj
LOAD CMakeFiles/C8T6_MPU6050.elf.dir/Core/Src/i2c.c.obj
LOAD CMakeFiles/C8T6_MPU6050.elf.dir/Core/Src/main.c.obj
LOAD CMakeFiles/C8T6_MPU6050.elf.dir/Core/Src/stm32f1xx_hal_msp.c.obj
LOAD CMakeFiles/C8T6_MPU6050.elf.dir/Core/Src/stm32f1xx_it.c.obj
LOAD CMakeFiles/C8T6_MPU6050.elf.dir/Core/Src/syscalls.c.obj
LOAD CMakeFiles/C8T6_MPU6050.elf.dir/Core/Src/sysmem.c.obj
LOAD CMakeFiles/C8T6_MPU6050.elf.dir/Core/Src/system_stm32f1xx.c.obj
LOAD CMakeFiles/C8T6_MPU6050.elf.dir/Core/Src/usart.c.obj
LOAD CMakeFiles/C8T6_MPU6050.elf.dir/Core/Startup/startup_stm32f103c8tx.s.obj
LOAD CMakeFiles/C8T6_MPU6050.elf.dir/Drivers/STM32F1xx_HAL_Driver/Src/stm32f1xx_hal.c.obj
LOAD CMakeFiles/C8T6_MPU6050.elf.dir/Drivers/STM32F1xx_HAL_Driver/Src/stm32f1xx_hal_cortex.c.obj
LOAD CMakeFiles/C8T6_MPU6050.elf.dir/Drivers/STM32F1xx_HAL_Driver/Src/stm32f1xx_hal_dma.c.obj
LOAD CMakeFiles/C8T6_MPU6050.elf.dir/Drivers/STM32F1xx_HAL_Driver/Src/stm32f1xx_hal_exti.c.obj
LOAD CMakeFiles/C8T6_MPU6050.elf.dir/Drivers/STM32F1xx_HAL_Driver/Src/stm32f1xx_hal_flash.c.obj
LOAD CMakeFiles/C8T6_MPU6050.elf.dir/Drivers/STM32F1xx_HAL_Driver/Src/stm32f1xx_hal_flash_ex.c.obj
LOAD CMakeFiles/C8T6_MPU6050.elf.dir/Drivers/STM32F1xx_HAL_Driver/Src/stm32f1xx_hal_gpio.c.obj
LOAD CMakeFiles/C8T6_MPU6050.elf.dir/Drivers/STM32F1xx_HAL_Driver/Src/stm32f1xx_hal_gpio_ex.c.obj
LOAD CMakeFiles/C8T6_MPU6050.elf.dir/Drivers/STM32F1xx_HAL_Driver/Src/stm32f1xx_hal_i2c.c.obj
LOAD CMakeFiles/C8T6_MPU6050.elf.dir/Drivers/STM32F1xx_HAL_Driver/Src/stm32f1xx_hal_pwr.c.obj
LOAD CMakeFiles/C8T6_MPU6050.elf.dir/Drivers/STM32F1xx_HAL_Driver/Src/stm32f1xx_hal_rcc.c.obj
LOAD CMakeFiles/C8T6_MPU6050.elf.dir/Drivers/STM32F1xx_HAL_Driver/Src/stm32f1xx_hal_rcc_ex.c.obj
LOAD CMakeFiles/C8T6_MPU6050.elf.dir/Drivers/STM32F1xx_HAL_Driver/Src/stm32f1xx_hal_tim.c.obj
LOAD CMakeFiles/C8T6_MPU6050.elf.dir/Drivers/STM32F1xx_HAL_Driver/Src/stm32f1xx_hal_tim_ex.c.obj
LOAD CMakeFiles/C8T6_MPU6050.elf.dir/Drivers/STM32F1xx_HAL_Driver/Src/stm32f1xx_hal_uart.c.obj
START GROUP
LOAD d:/clion-environment/10 2021.10/bin/../lib/gcc/arm-none-eabi/10.3.1/thumb/v7-m/nofp\libgcc.a
LOAD d:/clion-environment/10 2021.10/bin/../lib/gcc/arm-none-eabi/10.3.1/../../../../arm-none-eabi/lib/thumb/v7-m/nofp\libg.a
LOAD d:/clion-environment/10 2021.10/bin/../lib/gcc/arm-none-eabi/10.3.1/../../../../arm-none-eabi/lib/thumb/v7-m/nofp\libc.a
END GROUP
LOAD d:/clion-environment/10 2021.10/bin/../lib/gcc/arm-none-eabi/10.3.1/thumb/v7-m/nofp/crtend.o
LOAD d:/clion-environment/10 2021.10/bin/../lib/gcc/arm-none-eabi/10.3.1/thumb/v7-m/nofp/crtn.o
                0x20005000                _estack = (ORIGIN (RAM) + LENGTH (RAM))
                0x00000200                _Min_Heap_Size = 0x200
                0x00000400                _Min_Stack_Size = 0x400

.isr_vector     0x08000000      0x10c
                0x08000000                . = ALIGN (0x4)
 *(.isr_vector)
 .isr_vector    0x08000000      0x10c CMakeFiles/C8T6_MPU6050.elf.dir/Core/Startup/startup_stm32f103c8tx.s.obj
                0x08000000                g_pfnVectors
                0x0800010c                . = ALIGN (0x4)

.text           0x08000110     0x25d0
                0x08000110                . = ALIGN (0x4)
 *(.text)
 .text          0x08000110       0x40 d:/clion-environment/10 2021.10/bin/../lib/gcc/arm-none-eabi/10.3.1/thumb/v7-m/nofp/crtbegin.o
 .text          0x08000150      0x378 d:/clion-environment/10 2021.10/bin/../lib/gcc/arm-none-eabi/10.3.1/thumb/v7-m/nofp\libgcc.a(_arm_addsubdf3.o)
                0x08000150                __aeabi_drsub
                0x08000158                __aeabi_dsub
                0x08000158                __subdf3
                0x0800015c                __aeabi_dadd
                0x0800015c                __adddf3
                0x080003d4                __floatunsidf
                0x080003d4                __aeabi_ui2d
                0x080003f4                __floatsidf
                0x080003f4                __aeabi_i2d
                0x08000418                __aeabi_f2d
                0x08000418                __extendsfdf2
                0x0800045c                __floatundidf
                0x0800045c                __aeabi_ul2d
                0x0800046c                __floatdidf
                0x0800046c                __aeabi_l2d
 .text          0x080004c8      0x424 d:/clion-environment/10 2021.10/bin/../lib/gcc/arm-none-eabi/10.3.1/thumb/v7-m/nofp\libgcc.a(_arm_muldivdf3.o)
                0x080004c8                __aeabi_dmul
                0x080004c8                __muldf3
                0x0800071c                __divdf3
                0x0800071c                __aeabi_ddiv
 .text          0x080008ec       0x40 d:/clion-environment/10 2021.10/bin/../lib/gcc/arm-none-eabi/10.3.1/thumb/v7-m/nofp\libgcc.a(_arm_fixunsdfsi.o)
                0x080008ec                __aeabi_d2uiz
                0x080008ec                __fixunsdfsi
 *(.text*)
 .text.MPU6050_Init
                0x0800092c       0xa0 CMakeFiles/C8T6_MPU6050.elf.dir/Bsp/mpu_6050.c.obj
                0x0800092c                MPU6050_Init
 *fill*         0x080009cc        0x4 
 .text.MPU6050_Read_Accel
                0x080009d0       0x94 CMakeFiles/C8T6_MPU6050.elf.dir/Bsp/mpu_6050.c.obj
                0x080009d0                MPU6050_Read_Accel
 .text.MX_GPIO_Init
                0x08000a64       0x44 CMakeFiles/C8T6_MPU6050.elf.dir/Core/Src/gpio.c.obj
                0x08000a64                MX_GPIO_Init
 .text.MX_I2C2_Init
                0x08000aa8       0x3c CMakeFiles/C8T6_MPU6050.elf.dir/Core/Src/i2c.c.obj
                0x08000aa8                MX_I2C2_Init
 .text.HAL_I2C_MspInit
                0x08000ae4       0x64 CMakeFiles/C8T6_MPU6050.elf.dir/Core/Src/i2c.c.obj
                0x08000ae4                HAL_I2C_MspInit
 .text.Error_Handler
                0x08000b48        0x4 CMakeFiles/C8T6_MPU6050.elf.dir/Core/Src/main.c.obj
                0x08000b48                Error_Handler
 .text.SystemClock_Config
                0x08000b4c       0x64 CMakeFiles/C8T6_MPU6050.elf.dir/Core/Src/main.c.obj
                0x08000b4c                SystemClock_Config
 .text.main     0x08000bb0       0x80 CMakeFiles/C8T6_MPU6050.elf.dir/Core/Src/main.c.obj
                0x08000bb0                main
 .text.HAL_MspInit
                0x08000c30       0x44 CMakeFiles/C8T6_MPU6050.elf.dir/Core/Src/stm32f1xx_hal_msp.c.obj
                0x08000c30                HAL_MspInit
 .text.NMI_Handler
                0x08000c74        0x2 CMakeFiles/C8T6_MPU6050.elf.dir/Core/Src/stm32f1xx_it.c.obj
                0x08000c74                NMI_Handler
 .text.HardFault_Handler
                0x08000c76        0x2 CMakeFiles/C8T6_MPU6050.elf.dir/Core/Src/stm32f1xx_it.c.obj
                0x08000c76                HardFault_Handler
 .text.MemManage_Handler
                0x08000c78        0x2 CMakeFiles/C8T6_MPU6050.elf.dir/Core/Src/stm32f1xx_it.c.obj
                0x08000c78                MemManage_Handler
 .text.BusFault_Handler
                0x08000c7a        0x2 CMakeFiles/C8T6_MPU6050.elf.dir/Core/Src/stm32f1xx_it.c.obj
                0x08000c7a                BusFault_Handler
 .text.UsageFault_Handler
                0x08000c7c        0x2 CMakeFiles/C8T6_MPU6050.elf.dir/Core/Src/stm32f1xx_it.c.obj
                0x08000c7c                UsageFault_Handler
 .text.SVC_Handler
                0x08000c7e        0x2 CMakeFiles/C8T6_MPU6050.elf.dir/Core/Src/stm32f1xx_it.c.obj
                0x08000c7e                SVC_Handler
 .text.DebugMon_Handler
                0x08000c80        0x2 CMakeFiles/C8T6_MPU6050.elf.dir/Core/Src/stm32f1xx_it.c.obj
                0x08000c80                DebugMon_Handler
 .text.PendSV_Handler
                0x08000c82        0x2 CMakeFiles/C8T6_MPU6050.elf.dir/Core/Src/stm32f1xx_it.c.obj
                0x08000c82                PendSV_Handler
 .text.SysTick_Handler
                0x08000c84        0x8 CMakeFiles/C8T6_MPU6050.elf.dir/Core/Src/stm32f1xx_it.c.obj
                0x08000c84                SysTick_Handler
 .text.SystemInit
                0x08000c8c        0x2 CMakeFiles/C8T6_MPU6050.elf.dir/Core/Src/system_stm32f1xx.c.obj
                0x08000c8c                SystemInit
 *fill*         0x08000c8e        0x2 
 .text.MX_USART1_UART_Init
                0x08000c90       0x34 CMakeFiles/C8T6_MPU6050.elf.dir/Core/Src/usart.c.obj
                0x08000c90                MX_USART1_UART_Init
 .text.HAL_UART_MspInit
                0x08000cc4       0x78 CMakeFiles/C8T6_MPU6050.elf.dir/Core/Src/usart.c.obj
                0x08000cc4                HAL_UART_MspInit
 .text.Reset_Handler
                0x08000d3c       0x48 CMakeFiles/C8T6_MPU6050.elf.dir/Core/Startup/startup_stm32f103c8tx.s.obj
                0x08000d3c                Reset_Handler
 .text.Default_Handler
                0x08000d84        0x2 CMakeFiles/C8T6_MPU6050.elf.dir/Core/Startup/startup_stm32f103c8tx.s.obj
                0x08000d84                RTC_Alarm_IRQHandler
                0x08000d84                EXTI2_IRQHandler
                0x08000d84                TIM1_CC_IRQHandler
                0x08000d84                PVD_IRQHandler
                0x08000d84                EXTI3_IRQHandler
                0x08000d84                EXTI0_IRQHandler
                0x08000d84                I2C2_EV_IRQHandler
                0x08000d84                ADC1_2_IRQHandler
                0x08000d84                SPI1_IRQHandler
                0x08000d84                TAMPER_IRQHandler
                0x08000d84                DMA1_Channel4_IRQHandler
                0x08000d84                USART3_IRQHandler
                0x08000d84                RTC_IRQHandler
                0x08000d84                DMA1_Channel7_IRQHandler
                0x08000d84                CAN1_RX1_IRQHandler
                0x08000d84                TIM4_IRQHandler
                0x08000d84                I2C1_EV_IRQHandler
                0x08000d84                DMA1_Channel6_IRQHandler
                0x08000d84                TIM3_IRQHandler
                0x08000d84                RCC_IRQHandler
                0x08000d84                TIM1_TRG_COM_IRQHandler
                0x08000d84                DMA1_Channel1_IRQHandler
                0x08000d84                Default_Handler
                0x08000d84                EXTI15_10_IRQHandler
                0x08000d84                EXTI9_5_IRQHandler
                0x08000d84                SPI2_IRQHandler
                0x08000d84                DMA1_Channel5_IRQHandler
                0x08000d84                EXTI4_IRQHandler
                0x08000d84                USB_LP_CAN1_RX0_IRQHandler
                0x08000d84                USB_HP_CAN1_TX_IRQHandler
                0x08000d84                DMA1_Channel3_IRQHandler
                0x08000d84                TIM1_UP_IRQHandler
                0x08000d84                WWDG_IRQHandler
                0x08000d84                TIM2_IRQHandler
                0x08000d84                TIM1_BRK_IRQHandler
                0x08000d84                EXTI1_IRQHandler
                0x08000d84                USART2_IRQHandler
                0x08000d84                I2C2_ER_IRQHandler
                0x08000d84                DMA1_Channel2_IRQHandler
                0x08000d84                CAN1_SCE_IRQHandler
                0x08000d84                FLASH_IRQHandler
                0x08000d84                USART1_IRQHandler
                0x08000d84                I2C1_ER_IRQHandler
                0x08000d84                USBWakeUp_IRQHandler
 *fill*         0x08000d86        0x2 
 .text.HAL_InitTick
                0x08000d88       0x4c CMakeFiles/C8T6_MPU6050.elf.dir/Drivers/STM32F1xx_HAL_Driver/Src/stm32f1xx_hal.c.obj
                0x08000d88                HAL_InitTick
 .text.HAL_Init
                0x08000dd4       0x24 CMakeFiles/C8T6_MPU6050.elf.dir/Drivers/STM32F1xx_HAL_Driver/Src/stm32f1xx_hal.c.obj
                0x08000dd4                HAL_Init
 .text.HAL_IncTick
                0x08000df8       0x18 CMakeFiles/C8T6_MPU6050.elf.dir/Drivers/STM32F1xx_HAL_Driver/Src/stm32f1xx_hal.c.obj
                0x08000df8                HAL_IncTick
 .text.HAL_GetTick
                0x08000e10        0xc CMakeFiles/C8T6_MPU6050.elf.dir/Drivers/STM32F1xx_HAL_Driver/Src/stm32f1xx_hal.c.obj
                0x08000e10                HAL_GetTick
 .text.HAL_NVIC_SetPriorityGrouping
                0x08000e1c       0x24 CMakeFiles/C8T6_MPU6050.elf.dir/Drivers/STM32F1xx_HAL_Driver/Src/stm32f1xx_hal_cortex.c.obj
                0x08000e1c                HAL_NVIC_SetPriorityGrouping
 .text.HAL_NVIC_SetPriority
                0x08000e40       0x70 CMakeFiles/C8T6_MPU6050.elf.dir/Drivers/STM32F1xx_HAL_Driver/Src/stm32f1xx_hal_cortex.c.obj
                0x08000e40                HAL_NVIC_SetPriority
 .text.HAL_SYSTICK_Config
                0x08000eb0       0x28 CMakeFiles/C8T6_MPU6050.elf.dir/Drivers/STM32F1xx_HAL_Driver/Src/stm32f1xx_hal_cortex.c.obj
                0x08000eb0                HAL_SYSTICK_Config
 .text.HAL_GPIO_Init
                0x08000ed8      0x224 CMakeFiles/C8T6_MPU6050.elf.dir/Drivers/STM32F1xx_HAL_Driver/Src/stm32f1xx_hal_gpio.c.obj
                0x08000ed8                HAL_GPIO_Init
 .text.I2C_IsAcknowledgeFailed
                0x080010fc       0x32 CMakeFiles/C8T6_MPU6050.elf.dir/Drivers/STM32F1xx_HAL_Driver/Src/stm32f1xx_hal_i2c.c.obj
 .text.I2C_WaitOnFlagUntilTimeout
                0x0800112e       0xaa CMakeFiles/C8T6_MPU6050.elf.dir/Drivers/STM32F1xx_HAL_Driver/Src/stm32f1xx_hal_i2c.c.obj
 .text.I2C_WaitOnMasterAddressFlagUntilTimeout
                0x080011d8       0xd6 CMakeFiles/C8T6_MPU6050.elf.dir/Drivers/STM32F1xx_HAL_Driver/Src/stm32f1xx_hal_i2c.c.obj
 .text.I2C_WaitOnTXEFlagUntilTimeout
                0x080012ae       0x5e CMakeFiles/C8T6_MPU6050.elf.dir/Drivers/STM32F1xx_HAL_Driver/Src/stm32f1xx_hal_i2c.c.obj
 .text.I2C_RequestMemoryWrite
                0x0800130c       0xd8 CMakeFiles/C8T6_MPU6050.elf.dir/Drivers/STM32F1xx_HAL_Driver/Src/stm32f1xx_hal_i2c.c.obj
 .text.I2C_RequestMemoryRead
                0x080013e4      0x154 CMakeFiles/C8T6_MPU6050.elf.dir/Drivers/STM32F1xx_HAL_Driver/Src/stm32f1xx_hal_i2c.c.obj
 .text.I2C_WaitOnBTFFlagUntilTimeout
                0x08001538       0x5e CMakeFiles/C8T6_MPU6050.elf.dir/Drivers/STM32F1xx_HAL_Driver/Src/stm32f1xx_hal_i2c.c.obj
 .text.I2C_WaitOnRXNEFlagUntilTimeout
                0x08001596       0x78 CMakeFiles/C8T6_MPU6050.elf.dir/Drivers/STM32F1xx_HAL_Driver/Src/stm32f1xx_hal_i2c.c.obj
 *fill*         0x0800160e        0x2 
 .text.HAL_I2C_Init
                0x08001610      0x1bc CMakeFiles/C8T6_MPU6050.elf.dir/Drivers/STM32F1xx_HAL_Driver/Src/stm32f1xx_hal_i2c.c.obj
                0x08001610                HAL_I2C_Init
 .text.HAL_I2C_Mem_Write
                0x080017cc      0x164 CMakeFiles/C8T6_MPU6050.elf.dir/Drivers/STM32F1xx_HAL_Driver/Src/stm32f1xx_hal_i2c.c.obj
                0x080017cc                HAL_I2C_Mem_Write
 .text.HAL_I2C_Mem_Read
                0x08001930      0x348 CMakeFiles/C8T6_MPU6050.elf.dir/Drivers/STM32F1xx_HAL_Driver/Src/stm32f1xx_hal_i2c.c.obj
                0x08001930                HAL_I2C_Mem_Read
 .text.RCC_Delay
                0x08001c78       0x2c CMakeFiles/C8T6_MPU6050.elf.dir/Drivers/STM32F1xx_HAL_Driver/Src/stm32f1xx_hal_rcc.c.obj
 .text.HAL_RCC_OscConfig
                0x08001ca4      0x410 CMakeFiles/C8T6_MPU6050.elf.dir/Drivers/STM32F1xx_HAL_Driver/Src/stm32f1xx_hal_rcc.c.obj
                0x08001ca4                HAL_RCC_OscConfig
 .text.HAL_RCC_GetSysClockFreq
                0x080020b4       0x54 CMakeFiles/C8T6_MPU6050.elf.dir/Drivers/STM32F1xx_HAL_Driver/Src/stm32f1xx_hal_rcc.c.obj
                0x080020b4                HAL_RCC_GetSysClockFreq
 .text.HAL_RCC_ClockConfig
                0x08002108      0x16c CMakeFiles/C8T6_MPU6050.elf.dir/Drivers/STM32F1xx_HAL_Driver/Src/stm32f1xx_hal_rcc.c.obj
                0x08002108                HAL_RCC_ClockConfig
 .text.HAL_RCC_GetHCLKFreq
                0x08002274        0xc CMakeFiles/C8T6_MPU6050.elf.dir/Drivers/STM32F1xx_HAL_Driver/Src/stm32f1xx_hal_rcc.c.obj
                0x08002274                HAL_RCC_GetHCLKFreq
 .text.HAL_RCC_GetPCLK1Freq
                0x08002280       0x20 CMakeFiles/C8T6_MPU6050.elf.dir/Drivers/STM32F1xx_HAL_Driver/Src/stm32f1xx_hal_rcc.c.obj
                0x08002280                HAL_RCC_GetPCLK1Freq
 .text.HAL_RCC_GetPCLK2Freq
                0x080022a0       0x20 CMakeFiles/C8T6_MPU6050.elf.dir/Drivers/STM32F1xx_HAL_Driver/Src/stm32f1xx_hal_rcc.c.obj
                0x080022a0                HAL_RCC_GetPCLK2Freq
 .text.UART_SetConfig
                0x080022c0       0x94 CMakeFiles/C8T6_MPU6050.elf.dir/Drivers/STM32F1xx_HAL_Driver/Src/stm32f1xx_hal_uart.c.obj
 .text.UART_WaitOnFlagUntilTimeout
                0x08002354       0x88 CMakeFiles/C8T6_MPU6050.elf.dir/Drivers/STM32F1xx_HAL_Driver/Src/stm32f1xx_hal_uart.c.obj
 .text.HAL_UART_Init
                0x080023dc       0x60 CMakeFiles/C8T6_MPU6050.elf.dir/Drivers/STM32F1xx_HAL_Driver/Src/stm32f1xx_hal_uart.c.obj
                0x080023dc                HAL_UART_Init
 .text.HAL_UART_Transmit
                0x0800243c       0xbe CMakeFiles/C8T6_MPU6050.elf.dir/Drivers/STM32F1xx_HAL_Driver/Src/stm32f1xx_hal_uart.c.obj
                0x0800243c                HAL_UART_Transmit
 *fill*         0x080024fa        0x2 
 .text.__libc_init_array
                0x080024fc       0x48 d:/clion-environment/10 2021.10/bin/../lib/gcc/arm-none-eabi/10.3.1/../../../../arm-none-eabi/lib/thumb/v7-m/nofp\libg.a(lib_a-init.o)
                0x080024fc                __libc_init_array
 .text.memset   0x08002544       0xa4 d:/clion-environment/10 2021.10/bin/../lib/gcc/arm-none-eabi/10.3.1/../../../../arm-none-eabi/lib/thumb/v7-m/nofp\libg.a(lib_a-memset.o)
                0x08002544                memset
 .text.startup.register_fini
                0x080025e8       0x14 d:/clion-environment/10 2021.10/bin/../lib/gcc/arm-none-eabi/10.3.1/../../../../arm-none-eabi/lib/thumb/v7-m/nofp\libg.a(lib_a-__call_atexit.o)
 .text.atexit   0x080025fc        0xc d:/clion-environment/10 2021.10/bin/../lib/gcc/arm-none-eabi/10.3.1/../../../../arm-none-eabi/lib/thumb/v7-m/nofp\libg.a(lib_a-atexit.o)
                0x080025fc                atexit
 .text.__libc_fini_array
                0x08002608       0x2c d:/clion-environment/10 2021.10/bin/../lib/gcc/arm-none-eabi/10.3.1/../../../../arm-none-eabi/lib/thumb/v7-m/nofp\libg.a(lib_a-fini.o)
                0x08002608                __libc_fini_array
 .text.__retarget_lock_acquire_recursive
                0x08002634        0x4 d:/clion-environment/10 2021.10/bin/../lib/gcc/arm-none-eabi/10.3.1/../../../../arm-none-eabi/lib/thumb/v7-m/nofp\libg.a(lib_a-lock.o)
                0x08002634                __retarget_lock_acquire_recursive
 .text.__retarget_lock_release_recursive
                0x08002638        0x4 d:/clion-environment/10 2021.10/bin/../lib/gcc/arm-none-eabi/10.3.1/../../../../arm-none-eabi/lib/thumb/v7-m/nofp\libg.a(lib_a-lock.o)
                0x08002638                __retarget_lock_release_recursive
 .text.__register_exitproc
                0x0800263c       0x8c d:/clion-environment/10 2021.10/bin/../lib/gcc/arm-none-eabi/10.3.1/../../../../arm-none-eabi/lib/thumb/v7-m/nofp\libg.a(lib_a-__atexit.o)
                0x0800263c                __register_exitproc
 *(.glue_7)
 .glue_7        0x080026c8        0x0 linker stubs
 *(.glue_7t)
 .glue_7t       0x080026c8        0x0 linker stubs
 *(.eh_frame)
 .eh_frame      0x080026c8        0x0 d:/clion-environment/10 2021.10/bin/../lib/gcc/arm-none-eabi/10.3.1/thumb/v7-m/nofp/crtbegin.o
 *(.init)
 .init          0x080026c8        0x4 d:/clion-environment/10 2021.10/bin/../lib/gcc/arm-none-eabi/10.3.1/thumb/v7-m/nofp/crti.o
                0x080026c8                _init
 .init          0x080026cc        0x8 d:/clion-environment/10 2021.10/bin/../lib/gcc/arm-none-eabi/10.3.1/thumb/v7-m/nofp/crtn.o
 *(.fini)
 .fini          0x080026d4        0x4 d:/clion-environment/10 2021.10/bin/../lib/gcc/arm-none-eabi/10.3.1/thumb/v7-m/nofp/crti.o
                0x080026d4                _fini
 .fini          0x080026d8        0x8 d:/clion-environment/10 2021.10/bin/../lib/gcc/arm-none-eabi/10.3.1/thumb/v7-m/nofp/crtn.o
                0x080026e0                . = ALIGN (0x4)
                0x080026e0                _etext = .

.vfp11_veneer   0x080026e0        0x0
 .vfp11_veneer  0x080026e0        0x0 linker stubs

.v4_bx          0x080026e0        0x0
 .v4_bx         0x080026e0        0x0 linker stubs

.iplt           0x080026e0        0x0
 .iplt          0x080026e0        0x0 d:/clion-environment/10 2021.10/bin/../lib/gcc/arm-none-eabi/10.3.1/thumb/v7-m/nofp/crtbegin.o

.rodata         0x080026e0       0x30
                0x080026e0                . = ALIGN (0x4)
 *(.rodata)
 *(.rodata*)
 .rodata.AHBPrescTable
                0x080026e0       0x10 CMakeFiles/C8T6_MPU6050.elf.dir/Core/Src/system_stm32f1xx.c.obj
                0x080026e0                AHBPrescTable
 .rodata.APBPrescTable
                0x080026f0        0x8 CMakeFiles/C8T6_MPU6050.elf.dir/Core/Src/system_stm32f1xx.c.obj
                0x080026f0                APBPrescTable
 .rodata.aPLLMULFactorTable.1
                0x080026f8       0x10 CMakeFiles/C8T6_MPU6050.elf.dir/Drivers/STM32F1xx_HAL_Driver/Src/stm32f1xx_hal_rcc.c.obj
 .rodata.aPredivFactorTable.0
                0x08002708        0x2 CMakeFiles/C8T6_MPU6050.elf.dir/Drivers/STM32F1xx_HAL_Driver/Src/stm32f1xx_hal_rcc.c.obj
 *fill*         0x0800270a        0x2 
 .rodata._global_impure_ptr
                0x0800270c        0x4 d:/clion-environment/10 2021.10/bin/../lib/gcc/arm-none-eabi/10.3.1/../../../../arm-none-eabi/lib/thumb/v7-m/nofp\libg.a(lib_a-impure.o)
                0x0800270c                _global_impure_ptr
                0x08002710                . = ALIGN (0x4)

.rel.dyn        0x08002710        0x0
 .rel.iplt      0x08002710        0x0 d:/clion-environment/10 2021.10/bin/../lib/gcc/arm-none-eabi/10.3.1/thumb/v7-m/nofp/crtbegin.o

.ARM.extab      0x08002710        0x0
                0x08002710                . = ALIGN (0x4)
 *(.ARM.extab* .gnu.linkonce.armextab.*)
                0x08002710                . = ALIGN (0x4)

.ARM            0x08002710        0x0
                0x08002710                . = ALIGN (0x4)
                0x08002710                __exidx_start = .
 *(.ARM.exidx*)
                0x08002710                __exidx_end = .
                0x08002710                . = ALIGN (0x4)

.preinit_array  0x08002710        0x0
                0x08002710                . = ALIGN (0x4)
                0x08002710                PROVIDE (__preinit_array_start = .)
 *(.preinit_array*)
                0x08002710                PROVIDE (__preinit_array_end = .)
                0x08002710                . = ALIGN (0x4)

.init_array     0x08002710        0x8
                0x08002710                . = ALIGN (0x4)
                0x08002710                PROVIDE (__init_array_start = .)
 *(SORT_BY_NAME(.init_array.*))
 .init_array.00000
                0x08002710        0x4 d:/clion-environment/10 2021.10/bin/../lib/gcc/arm-none-eabi/10.3.1/../../../../arm-none-eabi/lib/thumb/v7-m/nofp\libg.a(lib_a-__call_atexit.o)
 *(.init_array*)
 .init_array    0x08002714        0x4 d:/clion-environment/10 2021.10/bin/../lib/gcc/arm-none-eabi/10.3.1/thumb/v7-m/nofp/crtbegin.o
                0x08002718                PROVIDE (__init_array_end = .)
                0x08002718                . = ALIGN (0x4)

.fini_array     0x08002718        0x4
                0x08002718                . = ALIGN (0x4)
                0x08002718                PROVIDE (__fini_array_start = .)
 *(SORT_BY_NAME(.fini_array.*))
 *(.fini_array*)
 .fini_array    0x08002718        0x4 d:/clion-environment/10 2021.10/bin/../lib/gcc/arm-none-eabi/10.3.1/thumb/v7-m/nofp/crtbegin.o
                0x0800271c                PROVIDE (__fini_array_end = .)
                0x0800271c                . = ALIGN (0x4)
                0x0800271c                _sidata = LOADADDR (.data)

.data           0x20000000      0x43c load address 0x0800271c
                0x20000000                . = ALIGN (0x4)
                0x20000000                _sdata = .
 *(.data)
 *(.data*)
 .data.SystemCoreClock
                0x20000000        0x4 CMakeFiles/C8T6_MPU6050.elf.dir/Core/Src/system_stm32f1xx.c.obj
                0x20000000                SystemCoreClock
 .data.uwTickFreq
                0x20000004        0x1 CMakeFiles/C8T6_MPU6050.elf.dir/Drivers/STM32F1xx_HAL_Driver/Src/stm32f1xx_hal.c.obj
                0x20000004                uwTickFreq
 *fill*         0x20000005        0x3 
 .data.uwTickPrio
                0x20000008        0x4 CMakeFiles/C8T6_MPU6050.elf.dir/Drivers/STM32F1xx_HAL_Driver/Src/stm32f1xx_hal.c.obj
                0x20000008                uwTickPrio
 *fill*         0x2000000c        0x4 
 .data.impure_data
                0x20000010      0x428 d:/clion-environment/10 2021.10/bin/../lib/gcc/arm-none-eabi/10.3.1/../../../../arm-none-eabi/lib/thumb/v7-m/nofp\libg.a(lib_a-impure.o)
 .data.__atexit_recursive_mutex
                0x20000438        0x4 d:/clion-environment/10 2021.10/bin/../lib/gcc/arm-none-eabi/10.3.1/../../../../arm-none-eabi/lib/thumb/v7-m/nofp\libg.a(lib_a-__call_atexit.o)
                0x20000438                __atexit_recursive_mutex
 *(.RamFunc)
 *(.RamFunc*)
                0x2000043c                . = ALIGN (0x4)
                0x2000043c                _edata = .

.igot.plt       0x2000043c        0x0 load address 0x08002b58
 .igot.plt      0x2000043c        0x0 d:/clion-environment/10 2021.10/bin/../lib/gcc/arm-none-eabi/10.3.1/thumb/v7-m/nofp/crtbegin.o
                0x2000043c                . = ALIGN (0x4)

.bss            0x20000440      0x120 load address 0x08002b58
                0x20000440                _sbss = .
                0x20000440                __bss_start__ = _sbss
 *(.bss)
 .bss           0x20000440       0x1c d:/clion-environment/10 2021.10/bin/../lib/gcc/arm-none-eabi/10.3.1/thumb/v7-m/nofp/crtbegin.o
 *(.bss*)
 .bss.hi2c2     0x2000045c       0x54 CMakeFiles/C8T6_MPU6050.elf.dir/Core/Src/i2c.c.obj
                0x2000045c                hi2c2
 .bss.Accl      0x200004b0        0x3 CMakeFiles/C8T6_MPU6050.elf.dir/Core/Src/main.c.obj
                0x200004b0                Accl
 *fill*         0x200004b3        0x5 
 .bss.mpu_6050_data
                0x200004b8       0x58 CMakeFiles/C8T6_MPU6050.elf.dir/Core/Src/main.c.obj
                0x200004b8                mpu_6050_data
 .bss.huart1    0x20000510       0x48 CMakeFiles/C8T6_MPU6050.elf.dir/Core/Src/usart.c.obj
                0x20000510                huart1
 .bss.uwTick    0x20000558        0x4 CMakeFiles/C8T6_MPU6050.elf.dir/Drivers/STM32F1xx_HAL_Driver/Src/stm32f1xx_hal.c.obj
                0x20000558                uwTick
 .bss.__lock___atexit_recursive_mutex
                0x2000055c        0x1 d:/clion-environment/10 2021.10/bin/../lib/gcc/arm-none-eabi/10.3.1/../../../../arm-none-eabi/lib/thumb/v7-m/nofp\libg.a(lib_a-lock.o)
                0x2000055c                __lock___atexit_recursive_mutex
 *(COMMON)
                0x20000560                . = ALIGN (0x4)
 *fill*         0x2000055d        0x3 
                0x20000560                _ebss = .
                0x20000560                __bss_end__ = _ebss

._user_heap_stack
                0x20000560      0x600 load address 0x08002b58
                0x20000560                . = ALIGN (0x8)
                [!provide]                PROVIDE (end = .)
                0x20000560                PROVIDE (_end = .)
                0x20000760                . = (. + _Min_Heap_Size)
 *fill*         0x20000560      0x200 
                0x20000b60                . = (. + _Min_Stack_Size)
 *fill*         0x20000760      0x400 
                0x20000b60                . = ALIGN (0x8)

/DISCARD/
 libc.a(*)
 libm.a(*)
 libgcc.a(*)

.ARM.attributes
                0x00000000       0x29
 *(.ARM.attributes)
 .ARM.attributes
                0x00000000       0x1d d:/clion-environment/10 2021.10/bin/../lib/gcc/arm-none-eabi/10.3.1/thumb/v7-m/nofp/crti.o
 .ARM.attributes
                0x0000001d       0x2d d:/clion-environment/10 2021.10/bin/../lib/gcc/arm-none-eabi/10.3.1/thumb/v7-m/nofp/crtbegin.o
 .ARM.attributes
                0x0000004a       0x2d CMakeFiles/C8T6_MPU6050.elf.dir/Bsp/mpu_6050.c.obj
 .ARM.attributes
                0x00000077       0x2d CMakeFiles/C8T6_MPU6050.elf.dir/Core/Src/gpio.c.obj
 .ARM.attributes
                0x000000a4       0x2d CMakeFiles/C8T6_MPU6050.elf.dir/Core/Src/i2c.c.obj
 .ARM.attributes
                0x000000d1       0x2d CMakeFiles/C8T6_MPU6050.elf.dir/Core/Src/main.c.obj
 .ARM.attributes
                0x000000fe       0x2d CMakeFiles/C8T6_MPU6050.elf.dir/Core/Src/stm32f1xx_hal_msp.c.obj
 .ARM.attributes
                0x0000012b       0x2d CMakeFiles/C8T6_MPU6050.elf.dir/Core/Src/stm32f1xx_it.c.obj
 .ARM.attributes
                0x00000158       0x2d CMakeFiles/C8T6_MPU6050.elf.dir/Core/Src/system_stm32f1xx.c.obj
 .ARM.attributes
                0x00000185       0x2d CMakeFiles/C8T6_MPU6050.elf.dir/Core/Src/usart.c.obj
 .ARM.attributes
                0x000001b2       0x21 CMakeFiles/C8T6_MPU6050.elf.dir/Core/Startup/startup_stm32f103c8tx.s.obj
 .ARM.attributes
                0x000001d3       0x2d CMakeFiles/C8T6_MPU6050.elf.dir/Drivers/STM32F1xx_HAL_Driver/Src/stm32f1xx_hal.c.obj
 .ARM.attributes
                0x00000200       0x2d CMakeFiles/C8T6_MPU6050.elf.dir/Drivers/STM32F1xx_HAL_Driver/Src/stm32f1xx_hal_cortex.c.obj
 .ARM.attributes
                0x0000022d       0x2d CMakeFiles/C8T6_MPU6050.elf.dir/Drivers/STM32F1xx_HAL_Driver/Src/stm32f1xx_hal_gpio.c.obj
 .ARM.attributes
                0x0000025a       0x2d CMakeFiles/C8T6_MPU6050.elf.dir/Drivers/STM32F1xx_HAL_Driver/Src/stm32f1xx_hal_i2c.c.obj
 .ARM.attributes
                0x00000287       0x2d CMakeFiles/C8T6_MPU6050.elf.dir/Drivers/STM32F1xx_HAL_Driver/Src/stm32f1xx_hal_rcc.c.obj
 .ARM.attributes
                0x000002b4       0x2d CMakeFiles/C8T6_MPU6050.elf.dir/Drivers/STM32F1xx_HAL_Driver/Src/stm32f1xx_hal_uart.c.obj
 .ARM.attributes
                0x000002e1       0x1d d:/clion-environment/10 2021.10/bin/../lib/gcc/arm-none-eabi/10.3.1/thumb/v7-m/nofp\libgcc.a(_arm_addsubdf3.o)
 .ARM.attributes
                0x000002fe       0x1d d:/clion-environment/10 2021.10/bin/../lib/gcc/arm-none-eabi/10.3.1/thumb/v7-m/nofp\libgcc.a(_arm_muldivdf3.o)
 .ARM.attributes
                0x0000031b       0x1d d:/clion-environment/10 2021.10/bin/../lib/gcc/arm-none-eabi/10.3.1/thumb/v7-m/nofp\libgcc.a(_arm_fixunsdfsi.o)
 .ARM.attributes
                0x00000338       0x2d d:/clion-environment/10 2021.10/bin/../lib/gcc/arm-none-eabi/10.3.1/../../../../arm-none-eabi/lib/thumb/v7-m/nofp\libg.a(lib_a-impure.o)
 .ARM.attributes
                0x00000365       0x2d d:/clion-environment/10 2021.10/bin/../lib/gcc/arm-none-eabi/10.3.1/../../../../arm-none-eabi/lib/thumb/v7-m/nofp\libg.a(lib_a-init.o)
 .ARM.attributes
                0x00000392       0x2d d:/clion-environment/10 2021.10/bin/../lib/gcc/arm-none-eabi/10.3.1/../../../../arm-none-eabi/lib/thumb/v7-m/nofp\libg.a(lib_a-memset.o)
 .ARM.attributes
                0x000003bf       0x2d d:/clion-environment/10 2021.10/bin/../lib/gcc/arm-none-eabi/10.3.1/../../../../arm-none-eabi/lib/thumb/v7-m/nofp\libg.a(lib_a-__call_atexit.o)
 .ARM.attributes
                0x000003ec       0x2d d:/clion-environment/10 2021.10/bin/../lib/gcc/arm-none-eabi/10.3.1/../../../../arm-none-eabi/lib/thumb/v7-m/nofp\libg.a(lib_a-atexit.o)
 .ARM.attributes
                0x00000419       0x2d d:/clion-environment/10 2021.10/bin/../lib/gcc/arm-none-eabi/10.3.1/../../../../arm-none-eabi/lib/thumb/v7-m/nofp\libg.a(lib_a-fini.o)
 .ARM.attributes
                0x00000446       0x2d d:/clion-environment/10 2021.10/bin/../lib/gcc/arm-none-eabi/10.3.1/../../../../arm-none-eabi/lib/thumb/v7-m/nofp\libg.a(lib_a-lock.o)
 .ARM.attributes
                0x00000473       0x2d d:/clion-environment/10 2021.10/bin/../lib/gcc/arm-none-eabi/10.3.1/../../../../arm-none-eabi/lib/thumb/v7-m/nofp\libg.a(lib_a-__atexit.o)
 .ARM.attributes
                0x000004a0       0x1d d:/clion-environment/10 2021.10/bin/../lib/gcc/arm-none-eabi/10.3.1/thumb/v7-m/nofp/crtn.o
OUTPUT(C8T6_MPU6050.elf elf32-littlearm)
LOAD linker stubs
LOAD d:/clion-environment/10 2021.10/bin/../lib/gcc/arm-none-eabi/10.3.1/../../../../arm-none-eabi/lib/thumb/v7-m/nofp\libc.a
LOAD d:/clion-environment/10 2021.10/bin/../lib/gcc/arm-none-eabi/10.3.1/../../../../arm-none-eabi/lib/thumb/v7-m/nofp\libm.a
LOAD d:/clion-environment/10 2021.10/bin/../lib/gcc/arm-none-eabi/10.3.1/thumb/v7-m/nofp\libgcc.a

.debug_info     0x00000000     0xd7c6
 .debug_info    0x00000000     0x105b CMakeFiles/C8T6_MPU6050.elf.dir/Bsp/mpu_6050.c.obj
 .debug_info    0x0000105b      0x199 CMakeFiles/C8T6_MPU6050.elf.dir/Core/Src/gpio.c.obj
 .debug_info    0x000011f4      0x8a6 CMakeFiles/C8T6_MPU6050.elf.dir/Core/Src/i2c.c.obj
 .debug_info    0x00001a9a      0xc88 CMakeFiles/C8T6_MPU6050.elf.dir/Core/Src/main.c.obj
 .debug_info    0x00002722      0x211 CMakeFiles/C8T6_MPU6050.elf.dir/Core/Src/stm32f1xx_hal_msp.c.obj
 .debug_info    0x00002933      0x130 CMakeFiles/C8T6_MPU6050.elf.dir/Core/Src/stm32f1xx_it.c.obj
 .debug_info    0x00002a63      0x248 CMakeFiles/C8T6_MPU6050.elf.dir/Core/Src/system_stm32f1xx.c.obj
 .debug_info    0x00002cab      0x855 CMakeFiles/C8T6_MPU6050.elf.dir/Core/Src/usart.c.obj
 .debug_info    0x00003500       0x22 CMakeFiles/C8T6_MPU6050.elf.dir/Core/Startup/startup_stm32f103c8tx.s.obj
 .debug_info    0x00003522      0x7a8 CMakeFiles/C8T6_MPU6050.elf.dir/Drivers/STM32F1xx_HAL_Driver/Src/stm32f1xx_hal.c.obj
 .debug_info    0x00003cca      0xd8a CMakeFiles/C8T6_MPU6050.elf.dir/Drivers/STM32F1xx_HAL_Driver/Src/stm32f1xx_hal_cortex.c.obj
 .debug_info    0x00004a54      0x66f CMakeFiles/C8T6_MPU6050.elf.dir/Drivers/STM32F1xx_HAL_Driver/Src/stm32f1xx_hal_gpio.c.obj
 .debug_info    0x000050c3     0x3ab6 CMakeFiles/C8T6_MPU6050.elf.dir/Drivers/STM32F1xx_HAL_Driver/Src/stm32f1xx_hal_i2c.c.obj
 .debug_info    0x00008b79      0xa3b CMakeFiles/C8T6_MPU6050.elf.dir/Drivers/STM32F1xx_HAL_Driver/Src/stm32f1xx_hal_rcc.c.obj
 .debug_info    0x000095b4     0x4212 CMakeFiles/C8T6_MPU6050.elf.dir/Drivers/STM32F1xx_HAL_Driver/Src/stm32f1xx_hal_uart.c.obj

.debug_abbrev   0x00000000     0x1a68
 .debug_abbrev  0x00000000      0x246 CMakeFiles/C8T6_MPU6050.elf.dir/Bsp/mpu_6050.c.obj
 .debug_abbrev  0x00000246       0xbf CMakeFiles/C8T6_MPU6050.elf.dir/Core/Src/gpio.c.obj
 .debug_abbrev  0x00000305      0x1c1 CMakeFiles/C8T6_MPU6050.elf.dir/Core/Src/i2c.c.obj
 .debug_abbrev  0x000004c6      0x222 CMakeFiles/C8T6_MPU6050.elf.dir/Core/Src/main.c.obj
 .debug_abbrev  0x000006e8       0xe5 CMakeFiles/C8T6_MPU6050.elf.dir/Core/Src/stm32f1xx_hal_msp.c.obj
 .debug_abbrev  0x000007cd       0x7e CMakeFiles/C8T6_MPU6050.elf.dir/Core/Src/stm32f1xx_it.c.obj
 .debug_abbrev  0x0000084b      0x13e CMakeFiles/C8T6_MPU6050.elf.dir/Core/Src/system_stm32f1xx.c.obj
 .debug_abbrev  0x00000989      0x1c8 CMakeFiles/C8T6_MPU6050.elf.dir/Core/Src/usart.c.obj
 .debug_abbrev  0x00000b51       0x12 CMakeFiles/C8T6_MPU6050.elf.dir/Core/Startup/startup_stm32f103c8tx.s.obj
 .debug_abbrev  0x00000b63      0x1f4 CMakeFiles/C8T6_MPU6050.elf.dir/Drivers/STM32F1xx_HAL_Driver/Src/stm32f1xx_hal.c.obj
 .debug_abbrev  0x00000d57      0x341 CMakeFiles/C8T6_MPU6050.elf.dir/Drivers/STM32F1xx_HAL_Driver/Src/stm32f1xx_hal_cortex.c.obj
 .debug_abbrev  0x00001098      0x1e6 CMakeFiles/C8T6_MPU6050.elf.dir/Drivers/STM32F1xx_HAL_Driver/Src/stm32f1xx_hal_gpio.c.obj
 .debug_abbrev  0x0000127e      0x293 CMakeFiles/C8T6_MPU6050.elf.dir/Drivers/STM32F1xx_HAL_Driver/Src/stm32f1xx_hal_i2c.c.obj
 .debug_abbrev  0x00001511      0x27a CMakeFiles/C8T6_MPU6050.elf.dir/Drivers/STM32F1xx_HAL_Driver/Src/stm32f1xx_hal_rcc.c.obj
 .debug_abbrev  0x0000178b      0x2dd CMakeFiles/C8T6_MPU6050.elf.dir/Drivers/STM32F1xx_HAL_Driver/Src/stm32f1xx_hal_uart.c.obj

.debug_loc      0x00000000     0xa276
 .debug_loc     0x00000000      0x33d CMakeFiles/C8T6_MPU6050.elf.dir/Bsp/mpu_6050.c.obj
 .debug_loc     0x0000033d       0x67 CMakeFiles/C8T6_MPU6050.elf.dir/Core/Src/i2c.c.obj
 .debug_loc     0x000003a4       0x15 CMakeFiles/C8T6_MPU6050.elf.dir/Core/Src/stm32f1xx_hal_msp.c.obj
 .debug_loc     0x000003b9       0xff CMakeFiles/C8T6_MPU6050.elf.dir/Core/Src/system_stm32f1xx.c.obj
 .debug_loc     0x000004b8       0x84 CMakeFiles/C8T6_MPU6050.elf.dir/Core/Src/usart.c.obj
 .debug_loc     0x0000053c      0x141 CMakeFiles/C8T6_MPU6050.elf.dir/Drivers/STM32F1xx_HAL_Driver/Src/stm32f1xx_hal.c.obj
 .debug_loc     0x0000067d      0x71f CMakeFiles/C8T6_MPU6050.elf.dir/Drivers/STM32F1xx_HAL_Driver/Src/stm32f1xx_hal_cortex.c.obj
 .debug_loc     0x00000d9c      0x47d CMakeFiles/C8T6_MPU6050.elf.dir/Drivers/STM32F1xx_HAL_Driver/Src/stm32f1xx_hal_gpio.c.obj
 .debug_loc     0x00001219     0x41ca CMakeFiles/C8T6_MPU6050.elf.dir/Drivers/STM32F1xx_HAL_Driver/Src/stm32f1xx_hal_i2c.c.obj
 .debug_loc     0x000053e3      0x618 CMakeFiles/C8T6_MPU6050.elf.dir/Drivers/STM32F1xx_HAL_Driver/Src/stm32f1xx_hal_rcc.c.obj
 .debug_loc     0x000059fb     0x487b CMakeFiles/C8T6_MPU6050.elf.dir/Drivers/STM32F1xx_HAL_Driver/Src/stm32f1xx_hal_uart.c.obj

.debug_aranges  0x00000000      0x8d0
 .debug_aranges
                0x00000000       0x48 CMakeFiles/C8T6_MPU6050.elf.dir/Bsp/mpu_6050.c.obj
 .debug_aranges
                0x00000048       0x20 CMakeFiles/C8T6_MPU6050.elf.dir/Core/Src/gpio.c.obj
 .debug_aranges
                0x00000068       0x30 CMakeFiles/C8T6_MPU6050.elf.dir/Core/Src/i2c.c.obj
 .debug_aranges
                0x00000098       0x30 CMakeFiles/C8T6_MPU6050.elf.dir/Core/Src/main.c.obj
 .debug_aranges
                0x000000c8       0x20 CMakeFiles/C8T6_MPU6050.elf.dir/Core/Src/stm32f1xx_hal_msp.c.obj
 .debug_aranges
                0x000000e8       0x60 CMakeFiles/C8T6_MPU6050.elf.dir/Core/Src/stm32f1xx_it.c.obj
 .debug_aranges
                0x00000148       0x28 CMakeFiles/C8T6_MPU6050.elf.dir/Core/Src/system_stm32f1xx.c.obj
 .debug_aranges
                0x00000170       0x30 CMakeFiles/C8T6_MPU6050.elf.dir/Core/Src/usart.c.obj
 .debug_aranges
                0x000001a0       0x28 CMakeFiles/C8T6_MPU6050.elf.dir/Core/Startup/startup_stm32f103c8tx.s.obj
 .debug_aranges
                0x000001c8       0xe0 CMakeFiles/C8T6_MPU6050.elf.dir/Drivers/STM32F1xx_HAL_Driver/Src/stm32f1xx_hal.c.obj
 .debug_aranges
                0x000002a8       0x90 CMakeFiles/C8T6_MPU6050.elf.dir/Drivers/STM32F1xx_HAL_Driver/Src/stm32f1xx_hal_cortex.c.obj
 .debug_aranges
                0x00000338       0x58 CMakeFiles/C8T6_MPU6050.elf.dir/Drivers/STM32F1xx_HAL_Driver/Src/stm32f1xx_hal_gpio.c.obj
 .debug_aranges
                0x00000390      0x2a8 CMakeFiles/C8T6_MPU6050.elf.dir/Drivers/STM32F1xx_HAL_Driver/Src/stm32f1xx_hal_i2c.c.obj
 .debug_aranges
                0x00000638       0x90 CMakeFiles/C8T6_MPU6050.elf.dir/Drivers/STM32F1xx_HAL_Driver/Src/stm32f1xx_hal_rcc.c.obj
 .debug_aranges
                0x000006c8      0x208 CMakeFiles/C8T6_MPU6050.elf.dir/Drivers/STM32F1xx_HAL_Driver/Src/stm32f1xx_hal_uart.c.obj

.debug_ranges   0x00000000      0x898
 .debug_ranges  0x00000000       0x38 CMakeFiles/C8T6_MPU6050.elf.dir/Bsp/mpu_6050.c.obj
 .debug_ranges  0x00000038       0x10 CMakeFiles/C8T6_MPU6050.elf.dir/Core/Src/gpio.c.obj
 .debug_ranges  0x00000048       0x20 CMakeFiles/C8T6_MPU6050.elf.dir/Core/Src/i2c.c.obj
 .debug_ranges  0x00000068       0x20 CMakeFiles/C8T6_MPU6050.elf.dir/Core/Src/main.c.obj
 .debug_ranges  0x00000088       0x10 CMakeFiles/C8T6_MPU6050.elf.dir/Core/Src/stm32f1xx_hal_msp.c.obj
 .debug_ranges  0x00000098       0x50 CMakeFiles/C8T6_MPU6050.elf.dir/Core/Src/stm32f1xx_it.c.obj
 .debug_ranges  0x000000e8       0x18 CMakeFiles/C8T6_MPU6050.elf.dir/Core/Src/system_stm32f1xx.c.obj
 .debug_ranges  0x00000100       0x20 CMakeFiles/C8T6_MPU6050.elf.dir/Core/Src/usart.c.obj
 .debug_ranges  0x00000120       0x20 CMakeFiles/C8T6_MPU6050.elf.dir/Core/Startup/startup_stm32f103c8tx.s.obj
 .debug_ranges  0x00000140       0xd0 CMakeFiles/C8T6_MPU6050.elf.dir/Drivers/STM32F1xx_HAL_Driver/Src/stm32f1xx_hal.c.obj
 .debug_ranges  0x00000210       0xe0 CMakeFiles/C8T6_MPU6050.elf.dir/Drivers/STM32F1xx_HAL_Driver/Src/stm32f1xx_hal_cortex.c.obj
 .debug_ranges  0x000002f0       0x48 CMakeFiles/C8T6_MPU6050.elf.dir/Drivers/STM32F1xx_HAL_Driver/Src/stm32f1xx_hal_gpio.c.obj
 .debug_ranges  0x00000338      0x2b0 CMakeFiles/C8T6_MPU6050.elf.dir/Drivers/STM32F1xx_HAL_Driver/Src/stm32f1xx_hal_i2c.c.obj
 .debug_ranges  0x000005e8       0xa0 CMakeFiles/C8T6_MPU6050.elf.dir/Drivers/STM32F1xx_HAL_Driver/Src/stm32f1xx_hal_rcc.c.obj
 .debug_ranges  0x00000688      0x210 CMakeFiles/C8T6_MPU6050.elf.dir/Drivers/STM32F1xx_HAL_Driver/Src/stm32f1xx_hal_uart.c.obj

.debug_line     0x00000000     0xd14d
 .debug_line    0x00000000      0x62c CMakeFiles/C8T6_MPU6050.elf.dir/Bsp/mpu_6050.c.obj
 .debug_line    0x0000062c      0x179 CMakeFiles/C8T6_MPU6050.elf.dir/Core/Src/gpio.c.obj
 .debug_line    0x000007a5      0x32f CMakeFiles/C8T6_MPU6050.elf.dir/Core/Src/i2c.c.obj
 .debug_line    0x00000ad4      0x463 CMakeFiles/C8T6_MPU6050.elf.dir/Core/Src/main.c.obj
 .debug_line    0x00000f37      0x186 CMakeFiles/C8T6_MPU6050.elf.dir/Core/Src/stm32f1xx_hal_msp.c.obj
 .debug_line    0x000010bd      0x1c3 CMakeFiles/C8T6_MPU6050.elf.dir/Core/Src/stm32f1xx_it.c.obj
 .debug_line    0x00001280      0x250 CMakeFiles/C8T6_MPU6050.elf.dir/Core/Src/system_stm32f1xx.c.obj
 .debug_line    0x000014d0      0x349 CMakeFiles/C8T6_MPU6050.elf.dir/Core/Src/usart.c.obj
 .debug_line    0x00001819       0xa9 CMakeFiles/C8T6_MPU6050.elf.dir/Core/Startup/startup_stm32f103c8tx.s.obj
 .debug_line    0x000018c2      0x584 CMakeFiles/C8T6_MPU6050.elf.dir/Drivers/STM32F1xx_HAL_Driver/Src/stm32f1xx_hal.c.obj
 .debug_line    0x00001e46      0x669 CMakeFiles/C8T6_MPU6050.elf.dir/Drivers/STM32F1xx_HAL_Driver/Src/stm32f1xx_hal_cortex.c.obj
 .debug_line    0x000024af      0x611 CMakeFiles/C8T6_MPU6050.elf.dir/Drivers/STM32F1xx_HAL_Driver/Src/stm32f1xx_hal_gpio.c.obj
 .debug_line    0x00002ac0     0x5646 CMakeFiles/C8T6_MPU6050.elf.dir/Drivers/STM32F1xx_HAL_Driver/Src/stm32f1xx_hal_i2c.c.obj
 .debug_line    0x00008106      0xc4e CMakeFiles/C8T6_MPU6050.elf.dir/Drivers/STM32F1xx_HAL_Driver/Src/stm32f1xx_hal_rcc.c.obj
 .debug_line    0x00008d54     0x43f9 CMakeFiles/C8T6_MPU6050.elf.dir/Drivers/STM32F1xx_HAL_Driver/Src/stm32f1xx_hal_uart.c.obj

.debug_str      0x00000000     0x2cf3
 .debug_str     0x00000000      0x82c CMakeFiles/C8T6_MPU6050.elf.dir/Bsp/mpu_6050.c.obj
                                0x8fc (size before relaxing)
 .debug_str     0x0000082c       0x89 CMakeFiles/C8T6_MPU6050.elf.dir/Core/Src/gpio.c.obj
                                0x229 (size before relaxing)
 .debug_str     0x000008b5      0x110 CMakeFiles/C8T6_MPU6050.elf.dir/Core/Src/i2c.c.obj
                                0x778 (size before relaxing)
 .debug_str     0x000009c5      0x3ca CMakeFiles/C8T6_MPU6050.elf.dir/Core/Src/main.c.obj
                                0xb21 (size before relaxing)
 .debug_str     0x00000d8f       0x7d CMakeFiles/C8T6_MPU6050.elf.dir/Core/Src/stm32f1xx_hal_msp.c.obj
                                0x263 (size before relaxing)
 .debug_str     0x00000e0c       0xda CMakeFiles/C8T6_MPU6050.elf.dir/Core/Src/stm32f1xx_it.c.obj
                                0x266 (size before relaxing)
 .debug_str     0x00000ee6       0xa1 CMakeFiles/C8T6_MPU6050.elf.dir/Core/Src/system_stm32f1xx.c.obj
                                0x298 (size before relaxing)
 .debug_str     0x00000f87       0x74 CMakeFiles/C8T6_MPU6050.elf.dir/Core/Src/usart.c.obj
                                0x704 (size before relaxing)
 .debug_str     0x00000ffb       0x59 CMakeFiles/C8T6_MPU6050.elf.dir/Core/Startup/startup_stm32f103c8tx.s.obj
                                 0x91 (size before relaxing)
 .debug_str     0x00001054      0x60f CMakeFiles/C8T6_MPU6050.elf.dir/Drivers/STM32F1xx_HAL_Driver/Src/stm32f1xx_hal.c.obj
                                0x868 (size before relaxing)
 .debug_str     0x00001663      0x3e8 CMakeFiles/C8T6_MPU6050.elf.dir/Drivers/STM32F1xx_HAL_Driver/Src/stm32f1xx_hal_cortex.c.obj
                                0x917 (size before relaxing)
 .debug_str     0x00001a4b      0x166 CMakeFiles/C8T6_MPU6050.elf.dir/Drivers/STM32F1xx_HAL_Driver/Src/stm32f1xx_hal_gpio.c.obj
                                0x444 (size before relaxing)
 .debug_str     0x00001bb1      0x907 CMakeFiles/C8T6_MPU6050.elf.dir/Drivers/STM32F1xx_HAL_Driver/Src/stm32f1xx_hal_i2c.c.obj
                               0x1009 (size before relaxing)
 .debug_str     0x000024b8      0x1f7 CMakeFiles/C8T6_MPU6050.elf.dir/Drivers/STM32F1xx_HAL_Driver/Src/stm32f1xx_hal_rcc.c.obj
                                0x66f (size before relaxing)
 .debug_str     0x000026af      0x644 CMakeFiles/C8T6_MPU6050.elf.dir/Drivers/STM32F1xx_HAL_Driver/Src/stm32f1xx_hal_uart.c.obj
                                0xd38 (size before relaxing)

.comment        0x00000000       0x49
 .comment       0x00000000       0x49 CMakeFiles/C8T6_MPU6050.elf.dir/Bsp/mpu_6050.c.obj
                                 0x4a (size before relaxing)
 .comment       0x00000049       0x4a CMakeFiles/C8T6_MPU6050.elf.dir/Core/Src/gpio.c.obj
 .comment       0x00000049       0x4a CMakeFiles/C8T6_MPU6050.elf.dir/Core/Src/i2c.c.obj
 .comment       0x00000049       0x4a CMakeFiles/C8T6_MPU6050.elf.dir/Core/Src/main.c.obj
 .comment       0x00000049       0x4a CMakeFiles/C8T6_MPU6050.elf.dir/Core/Src/stm32f1xx_hal_msp.c.obj
 .comment       0x00000049       0x4a CMakeFiles/C8T6_MPU6050.elf.dir/Core/Src/stm32f1xx_it.c.obj
 .comment       0x00000049       0x4a CMakeFiles/C8T6_MPU6050.elf.dir/Core/Src/system_stm32f1xx.c.obj
 .comment       0x00000049       0x4a CMakeFiles/C8T6_MPU6050.elf.dir/Core/Src/usart.c.obj
 .comment       0x00000049       0x4a CMakeFiles/C8T6_MPU6050.elf.dir/Drivers/STM32F1xx_HAL_Driver/Src/stm32f1xx_hal.c.obj
 .comment       0x00000049       0x4a CMakeFiles/C8T6_MPU6050.elf.dir/Drivers/STM32F1xx_HAL_Driver/Src/stm32f1xx_hal_cortex.c.obj
 .comment       0x00000049       0x4a CMakeFiles/C8T6_MPU6050.elf.dir/Drivers/STM32F1xx_HAL_Driver/Src/stm32f1xx_hal_gpio.c.obj
 .comment       0x00000049       0x4a CMakeFiles/C8T6_MPU6050.elf.dir/Drivers/STM32F1xx_HAL_Driver/Src/stm32f1xx_hal_i2c.c.obj
 .comment       0x00000049       0x4a CMakeFiles/C8T6_MPU6050.elf.dir/Drivers/STM32F1xx_HAL_Driver/Src/stm32f1xx_hal_rcc.c.obj
 .comment       0x00000049       0x4a CMakeFiles/C8T6_MPU6050.elf.dir/Drivers/STM32F1xx_HAL_Driver/Src/stm32f1xx_hal_uart.c.obj

.debug_frame    0x00000000     0x1af0
 .debug_frame   0x00000000       0xfc CMakeFiles/C8T6_MPU6050.elf.dir/Bsp/mpu_6050.c.obj
 .debug_frame   0x000000fc       0x28 CMakeFiles/C8T6_MPU6050.elf.dir/Core/Src/gpio.c.obj
 .debug_frame   0x00000124       0x60 CMakeFiles/C8T6_MPU6050.elf.dir/Core/Src/i2c.c.obj
 .debug_frame   0x00000184       0x58 CMakeFiles/C8T6_MPU6050.elf.dir/Core/Src/main.c.obj
 .debug_frame   0x000001dc       0x28 CMakeFiles/C8T6_MPU6050.elf.dir/Core/Src/stm32f1xx_hal_msp.c.obj
 .debug_frame   0x00000204       0xa8 CMakeFiles/C8T6_MPU6050.elf.dir/Core/Src/stm32f1xx_it.c.obj
 .debug_frame   0x000002ac       0x30 CMakeFiles/C8T6_MPU6050.elf.dir/Core/Src/system_stm32f1xx.c.obj
 .debug_frame   0x000002dc       0x60 CMakeFiles/C8T6_MPU6050.elf.dir/Core/Src/usart.c.obj
 .debug_frame   0x0000033c      0x1cc CMakeFiles/C8T6_MPU6050.elf.dir/Drivers/STM32F1xx_HAL_Driver/Src/stm32f1xx_hal.c.obj
 .debug_frame   0x00000508      0x118 CMakeFiles/C8T6_MPU6050.elf.dir/Drivers/STM32F1xx_HAL_Driver/Src/stm32f1xx_hal_cortex.c.obj
 .debug_frame   0x00000620       0xe4 CMakeFiles/C8T6_MPU6050.elf.dir/Drivers/STM32F1xx_HAL_Driver/Src/stm32f1xx_hal_gpio.c.obj
 .debug_frame   0x00000704      0x984 CMakeFiles/C8T6_MPU6050.elf.dir/Drivers/STM32F1xx_HAL_Driver/Src/stm32f1xx_hal_i2c.c.obj
 .debug_frame   0x00001088      0x184 CMakeFiles/C8T6_MPU6050.elf.dir/Drivers/STM32F1xx_HAL_Driver/Src/stm32f1xx_hal_rcc.c.obj
 .debug_frame   0x0000120c      0x5d8 CMakeFiles/C8T6_MPU6050.elf.dir/Drivers/STM32F1xx_HAL_Driver/Src/stm32f1xx_hal_uart.c.obj
 .debug_frame   0x000017e4       0xac d:/clion-environment/10 2021.10/bin/../lib/gcc/arm-none-eabi/10.3.1/thumb/v7-m/nofp\libgcc.a(_arm_addsubdf3.o)
 .debug_frame   0x00001890       0x50 d:/clion-environment/10 2021.10/bin/../lib/gcc/arm-none-eabi/10.3.1/thumb/v7-m/nofp\libgcc.a(_arm_muldivdf3.o)
 .debug_frame   0x000018e0       0x24 d:/clion-environment/10 2021.10/bin/../lib/gcc/arm-none-eabi/10.3.1/thumb/v7-m/nofp\libgcc.a(_arm_fixunsdfsi.o)
 .debug_frame   0x00001904       0x2c d:/clion-environment/10 2021.10/bin/../lib/gcc/arm-none-eabi/10.3.1/../../../../arm-none-eabi/lib/thumb/v7-m/nofp\libg.a(lib_a-init.o)
 .debug_frame   0x00001930       0x2c d:/clion-environment/10 2021.10/bin/../lib/gcc/arm-none-eabi/10.3.1/../../../../arm-none-eabi/lib/thumb/v7-m/nofp\libg.a(lib_a-memset.o)
 .debug_frame   0x0000195c       0x5c d:/clion-environment/10 2021.10/bin/../lib/gcc/arm-none-eabi/10.3.1/../../../../arm-none-eabi/lib/thumb/v7-m/nofp\libg.a(lib_a-__call_atexit.o)
 .debug_frame   0x000019b8       0x20 d:/clion-environment/10 2021.10/bin/../lib/gcc/arm-none-eabi/10.3.1/../../../../arm-none-eabi/lib/thumb/v7-m/nofp\libg.a(lib_a-atexit.o)
 .debug_frame   0x000019d8       0x34 d:/clion-environment/10 2021.10/bin/../lib/gcc/arm-none-eabi/10.3.1/../../../../arm-none-eabi/lib/thumb/v7-m/nofp\libg.a(lib_a-fini.o)
 .debug_frame   0x00001a0c       0xb0 d:/clion-environment/10 2021.10/bin/../lib/gcc/arm-none-eabi/10.3.1/../../../../arm-none-eabi/lib/thumb/v7-m/nofp\libg.a(lib_a-lock.o)
 .debug_frame   0x00001abc       0x34 d:/clion-environment/10 2021.10/bin/../lib/gcc/arm-none-eabi/10.3.1/../../../../arm-none-eabi/lib/thumb/v7-m/nofp\libg.a(lib_a-__atexit.o)
