Archive member included to satisfy reference by file (symbol)

d:/clion-environment/10 2021.10/bin/../lib/gcc/arm-none-eabi/10.3.1/thumb/v7e-m+fp/hard\libgcc.a(_arm_addsubdf3.o)
                              CMakeFiles/HNU_RM_DOWN.elf.dir/Tasks/Src/BSP/bsp_dwt.c.obj (__aeabi_ui2d)
d:/clion-environment/10 2021.10/bin/../lib/gcc/arm-none-eabi/10.3.1/thumb/v7e-m+fp/hard\libgcc.a(_arm_muldivdf3.o)
                              CMakeFiles/HNU_RM_DOWN.elf.dir/Tasks/Src/BSP/bsp_dwt.c.obj (__aeabi_ddiv)
d:/clion-environment/10 2021.10/bin/../lib/gcc/arm-none-eabi/10.3.1/thumb/v7e-m+fp/hard\libgcc.a(_arm_cmpdf2.o)
                              CMakeFiles/HNU_RM_DOWN.elf.dir/Tasks/Src/Chassis.c.obj (__aeabi_dcmple)
d:/clion-environment/10 2021.10/bin/../lib/gcc/arm-none-eabi/10.3.1/thumb/v7e-m+fp/hard\libgcc.a(_arm_truncdfsf2.o)
                              CMakeFiles/HNU_RM_DOWN.elf.dir/UserLib/Algorithm/controller.c.obj (__aeabi_d2f)
d:/clion-environment/10 2021.10/bin/../lib/gcc/arm-none-eabi/10.3.1/thumb/v7e-m+fp/hard\libgcc.a(_aeabi_uldivmod.o)
                              CMakeFiles/HNU_RM_DOWN.elf.dir/Drivers/STM32F4xx_HAL_Driver/Src/stm32f4xx_hal_rcc.c.obj (__aeabi_uldivmod)
d:/clion-environment/10 2021.10/bin/../lib/gcc/arm-none-eabi/10.3.1/thumb/v7e-m+fp/hard\libgcc.a(_udivmoddi4.o)
                              d:/clion-environment/10 2021.10/bin/../lib/gcc/arm-none-eabi/10.3.1/thumb/v7e-m+fp/hard\libgcc.a(_aeabi_uldivmod.o) (__udivmoddi4)
d:/clion-environment/10 2021.10/bin/../lib/gcc/arm-none-eabi/10.3.1/thumb/v7e-m+fp/hard\libgcc.a(_dvmd_tls.o)
                              d:/clion-environment/10 2021.10/bin/../lib/gcc/arm-none-eabi/10.3.1/thumb/v7e-m+fp/hard\libgcc.a(_aeabi_uldivmod.o) (__aeabi_ldiv0)
d:/clion-environment/10 2021.10/bin/../lib/gcc/arm-none-eabi/10.3.1/../../../../arm-none-eabi/lib/thumb/v7e-m+fp/hard\libg.a(lib_a-errno.o)
                              CMakeFiles/HNU_RM_DOWN.elf.dir/Core/Src/syscalls.c.obj (__errno)
d:/clion-environment/10 2021.10/bin/../lib/gcc/arm-none-eabi/10.3.1/../../../../arm-none-eabi/lib/thumb/v7e-m+fp/hard\libg.a(lib_a-exit.o)
                              d:/clion-environment/10 2021.10/bin/../lib/gcc/arm-none-eabi/10.3.1/../../../../arm-none-eabi/lib/thumb/v7e-m+fp/hard/crt0.o (exit)
d:/clion-environment/10 2021.10/bin/../lib/gcc/arm-none-eabi/10.3.1/../../../../arm-none-eabi/lib/thumb/v7e-m+fp/hard\libg.a(lib_a-impure.o)
                              d:/clion-environment/10 2021.10/bin/../lib/gcc/arm-none-eabi/10.3.1/../../../../arm-none-eabi/lib/thumb/v7e-m+fp/hard\libg.a(lib_a-exit.o) (_global_impure_ptr)
d:/clion-environment/10 2021.10/bin/../lib/gcc/arm-none-eabi/10.3.1/../../../../arm-none-eabi/lib/thumb/v7e-m+fp/hard\libg.a(lib_a-init.o)
                              d:/clion-environment/10 2021.10/bin/../lib/gcc/arm-none-eabi/10.3.1/../../../../arm-none-eabi/lib/thumb/v7e-m+fp/hard/crt0.o (__libc_init_array)
d:/clion-environment/10 2021.10/bin/../lib/gcc/arm-none-eabi/10.3.1/../../../../arm-none-eabi/lib/thumb/v7e-m+fp/hard\libg.a(lib_a-malloc.o)
                              CMakeFiles/HNU_RM_DOWN.elf.dir/Tasks/Src/BSP/bsp_referee_UI/fifo.c.obj (malloc)
d:/clion-environment/10 2021.10/bin/../lib/gcc/arm-none-eabi/10.3.1/../../../../arm-none-eabi/lib/thumb/v7e-m+fp/hard\libg.a(lib_a-mallocr.o)
                              d:/clion-environment/10 2021.10/bin/../lib/gcc/arm-none-eabi/10.3.1/../../../../arm-none-eabi/lib/thumb/v7e-m+fp/hard\libg.a(lib_a-malloc.o) (_malloc_r)
d:/clion-environment/10 2021.10/bin/../lib/gcc/arm-none-eabi/10.3.1/../../../../arm-none-eabi/lib/thumb/v7e-m+fp/hard\libg.a(lib_a-memcpy.o)
                              CMakeFiles/HNU_RM_DOWN.elf.dir/Middlewares/Third_Party/FreeRTOS/Source/queue.c.obj (memcpy)
d:/clion-environment/10 2021.10/bin/../lib/gcc/arm-none-eabi/10.3.1/../../../../arm-none-eabi/lib/thumb/v7e-m+fp/hard\libg.a(lib_a-memset.o)
                              d:/clion-environment/10 2021.10/bin/../lib/gcc/arm-none-eabi/10.3.1/../../../../arm-none-eabi/lib/thumb/v7e-m+fp/hard/crt0.o (memset)
d:/clion-environment/10 2021.10/bin/../lib/gcc/arm-none-eabi/10.3.1/../../../../arm-none-eabi/lib/thumb/v7e-m+fp/hard\libg.a(lib_a-mlock.o)
                              d:/clion-environment/10 2021.10/bin/../lib/gcc/arm-none-eabi/10.3.1/../../../../arm-none-eabi/lib/thumb/v7e-m+fp/hard\libg.a(lib_a-mallocr.o) (__malloc_lock)
d:/clion-environment/10 2021.10/bin/../lib/gcc/arm-none-eabi/10.3.1/../../../../arm-none-eabi/lib/thumb/v7e-m+fp/hard\libg.a(lib_a-sbrkr.o)
                              d:/clion-environment/10 2021.10/bin/../lib/gcc/arm-none-eabi/10.3.1/../../../../arm-none-eabi/lib/thumb/v7e-m+fp/hard\libg.a(lib_a-mallocr.o) (_sbrk_r)
d:/clion-environment/10 2021.10/bin/../lib/gcc/arm-none-eabi/10.3.1/../../../../arm-none-eabi/lib/thumb/v7e-m+fp/hard\libg.a(lib_a-strlen.o)
                              CMakeFiles/HNU_RM_DOWN.elf.dir/Middlewares/Third_Party/FreeRTOS/Source/tasks.c.obj (strlen)
[...]
Memory Configuration

Name             Origin             Length             Attributes
RAM              0x20000000         0x00020000         xrw
CCMRAM           0x10000000         0x00010000         xrw
FLASH            0x08000000         0x00100000         xr
*default*        0x00000000         0xffffffff

Linker script and memory map

LOAD d:/clion-environment/10 2021.10/bin/../lib/gcc/arm-none-eabi/10.3.1/thumb/v7e-m+fp/hard/crti.o
LOAD d:/clion-environment/10 2021.10/bin/../lib/gcc/arm-none-eabi/10.3.1/thumb/v7e-m+fp/hard/crtbegin.o
LOAD d:/clion-environment/10 2021.10/bin/../lib/gcc/arm-none-eabi/10.3.1/../../../../arm-none-eabi/lib/thumb/v7e-m+fp/hard/crt0.o
LOAD CMakeFiles/HNU_RM_DOWN.elf.dir/Core/Src/can.c.obj
LOAD CMakeFiles/HNU_RM_DOWN.elf.dir/Core/Src/dma.c.obj
LOAD CMakeFiles/HNU_RM_DOWN.elf.dir/Core/Src/freertos.c.obj
LOAD CMakeFiles/HNU_RM_DOWN.elf.dir/Core/Src/gpio.c.obj
LOAD CMakeFiles/HNU_RM_DOWN.elf.dir/Core/Src/main.c.obj
LOAD CMakeFiles/HNU_RM_DOWN.elf.dir/Core/Src/spi.c.obj
LOAD CMakeFiles/HNU_RM_DOWN.elf.dir/Core/Src/stm32f4xx_hal_msp.c.obj
LOAD CMakeFiles/HNU_RM_DOWN.elf.dir/Core/Src/stm32f4xx_it.c.obj
LOAD CMakeFiles/HNU_RM_DOWN.elf.dir/Core/Src/syscalls.c.obj
LOAD CMakeFiles/HNU_RM_DOWN.elf.dir/Core/Src/system_stm32f4xx.c.obj
LOAD CMakeFiles/HNU_RM_DOWN.elf.dir/Core/Src/usart.c.obj
LOAD CMakeFiles/HNU_RM_DOWN.elf.dir/Drivers/STM32F4xx_HAL_Driver/Src/stm32f4xx_hal.c.obj
LOAD CMakeFiles/HNU_RM_DOWN.elf.dir/Drivers/STM32F4xx_HAL_Driver/Src/stm32f4xx_hal_can.c.obj
LOAD CMakeFiles/HNU_RM_DOWN.elf.dir/Drivers/STM32F4xx_HAL_Driver/Src/stm32f4xx_hal_cortex.c.obj
LOAD CMakeFiles/HNU_RM_DOWN.elf.dir/Drivers/STM32F4xx_HAL_Driver/Src/stm32f4xx_hal_dma.c.obj
LOAD CMakeFiles/HNU_RM_DOWN.elf.dir/Drivers/STM32F4xx_HAL_Driver/Src/stm32f4xx_hal_dma_ex.c.obj
LOAD CMakeFiles/HNU_RM_DOWN.elf.dir/Drivers/STM32F4xx_HAL_Driver/Src/stm32f4xx_hal_exti.c.obj
LOAD CMakeFiles/HNU_RM_DOWN.elf.dir/Drivers/STM32F4xx_HAL_Driver/Src/stm32f4xx_hal_flash.c.obj
LOAD CMakeFiles/HNU_RM_DOWN.elf.dir/Drivers/STM32F4xx_HAL_Driver/Src/stm32f4xx_hal_flash_ex.c.obj
LOAD CMakeFiles/HNU_RM_DOWN.elf.dir/Drivers/STM32F4xx_HAL_Driver/Src/stm32f4xx_hal_flash_ramfunc.c.obj
LOAD CMakeFiles/HNU_RM_DOWN.elf.dir/Drivers/STM32F4xx_HAL_Driver/Src/stm32f4xx_hal_gpio.c.obj
LOAD CMakeFiles/HNU_RM_DOWN.elf.dir/Drivers/STM32F4xx_HAL_Driver/Src/stm32f4xx_hal_pwr.c.obj
LOAD CMakeFiles/HNU_RM_DOWN.elf.dir/Drivers/STM32F4xx_HAL_Driver/Src/stm32f4xx_hal_pwr_ex.c.obj
LOAD CMakeFiles/HNU_RM_DOWN.elf.dir/Drivers/STM32F4xx_HAL_Driver/Src/stm32f4xx_hal_rcc.c.obj
LOAD CMakeFiles/HNU_RM_DOWN.elf.dir/Drivers/STM32F4xx_HAL_Driver/Src/stm32f4xx_hal_rcc_ex.c.obj
LOAD CMakeFiles/HNU_RM_DOWN.elf.dir/Drivers/STM32F4xx_HAL_Driver/Src/stm32f4xx_hal_spi.c.obj
LOAD CMakeFiles/HNU_RM_DOWN.elf.dir/Drivers/STM32F4xx_HAL_Driver/Src/stm32f4xx_hal_tim.c.obj
LOAD CMakeFiles/HNU_RM_DOWN.elf.dir/Drivers/STM32F4xx_HAL_Driver/Src/stm32f4xx_hal_tim_ex.c.obj
LOAD CMakeFiles/HNU_RM_DOWN.elf.dir/Drivers/STM32F4xx_HAL_Driver/Src/stm32f4xx_hal_uart.c.obj
LOAD CMakeFiles/HNU_RM_DOWN.elf.dir/Middlewares/Third_Party/FreeRTOS/Source/CMSIS_RTOS/cmsis_os.c.obj
LOAD CMakeFiles/HNU_RM_DOWN.elf.dir/Middlewares/Third_Party/FreeRTOS/Source/croutine.c.obj
LOAD CMakeFiles/HNU_RM_DOWN.elf.dir/Middlewares/Third_Party/FreeRTOS/Source/event_groups.c.obj
LOAD CMakeFiles/HNU_RM_DOWN.elf.dir/Middlewares/Third_Party/FreeRTOS/Source/list.c.obj
LOAD CMakeFiles/HNU_RM_DOWN.elf.dir/Middlewares/Third_Party/FreeRTOS/Source/portable/GCC/ARM_CM4F/port.c.obj
LOAD CMakeFiles/HNU_RM_DOWN.elf.dir/Middlewares/Third_Party/FreeRTOS/Source/portable/MemMang/heap_4.c.obj
LOAD CMakeFiles/HNU_RM_DOWN.elf.dir/Middlewares/Third_Party/FreeRTOS/Source/queue.c.obj
LOAD CMakeFiles/HNU_RM_DOWN.elf.dir/Middlewares/Third_Party/FreeRTOS/Source/stream_buffer.c.obj
LOAD CMakeFiles/HNU_RM_DOWN.elf.dir/Middlewares/Third_Party/FreeRTOS/Source/tasks.c.obj
LOAD CMakeFiles/HNU_RM_DOWN.elf.dir/Middlewares/Third_Party/FreeRTOS/Source/timers.c.obj
LOAD CMakeFiles/HNU_RM_DOWN.elf.dir/Tasks/Src/BSP/bsp_can.c.obj
LOAD CMakeFiles/HNU_RM_DOWN.elf.dir/Tasks/Src/BSP/bsp_dwt.c.obj
LOAD CMakeFiles/HNU_RM_DOWN.elf.dir/Tasks/Src/BSP/bsp_referee_UI/BSP_CRC.c.obj
LOAD CMakeFiles/HNU_RM_DOWN.elf.dir/Tasks/Src/BSP/bsp_referee_UI/Referee_system.c.obj
LOAD CMakeFiles/HNU_RM_DOWN.elf.dir/Tasks/Src/BSP/bsp_referee_UI/UI_print.c.obj
LOAD CMakeFiles/HNU_RM_DOWN.elf.dir/Tasks/Src/BSP/bsp_referee_UI/fifo.c.obj
LOAD CMakeFiles/HNU_RM_DOWN.elf.dir/Tasks/Src/BSP/bsp_uart.c.obj
LOAD CMakeFiles/HNU_RM_DOWN.elf.dir/Tasks/Src/Chassis.c.obj
LOAD CMakeFiles/HNU_RM_DOWN.elf.dir/Tasks/Src/Transmission.c.obj
LOAD CMakeFiles/HNU_RM_DOWN.elf.dir/UserLib/Algorithm/controller.c.obj
LOAD CMakeFiles/HNU_RM_DOWN.elf.dir/UserLib/Algorithm/filter32.c.obj
LOAD CMakeFiles/HNU_RM_DOWN.elf.dir/UserLib/Algorithm/keyboard.c.obj
LOAD CMakeFiles/HNU_RM_DOWN.elf.dir/UserLib/Algorithm/user_lib.c.obj
LOAD CMakeFiles/HNU_RM_DOWN.elf.dir/UserLib/Motor/motor.c.obj
LOAD CMakeFiles/HNU_RM_DOWN.elf.dir/startup/startup_stm32f407xx.s.obj
LOAD D:/GitHub/DIAN-GONG-HOME/DOWN-master/UserLib\libarm_cortexM4lf_math.a
START GROUP
LOAD d:/clion-environment/10 2021.10/bin/../lib/gcc/arm-none-eabi/10.3.1/thumb/v7e-m+fp/hard\libgcc.a
LOAD d:/clion-environment/10 2021.10/bin/../lib/gcc/arm-none-eabi/10.3.1/../../../../arm-none-eabi/lib/thumb/v7e-m+fp/hard\libg.a
LOAD d:/clion-environment/10 2021.10/bin/../lib/gcc/arm-none-eabi/10.3.1/../../../../arm-none-eabi/lib/thumb/v7e-m+fp/hard\libc.a
END GROUP
LOAD d:/clion-environment/10 2021.10/bin/../lib/gcc/arm-none-eabi/10.3.1/thumb/v7e-m+fp/hard/crtend.o
LOAD d:/clion-environment/10 2021.10/bin/../lib/gcc/arm-none-eabi/10.3.1/thumb/v7e-m+fp/hard/crtn.o
                0x20020000                _estack = (ORIGIN (RAM) + LENGTH (RAM))
                0x00002000                _Min_Heap_Size = 0x2000
                0x00002000                _Min_Stack_Size = 0x2000

.isr_vector     0x08000000      0x188
                0x08000000                . = ALIGN (0x4)
 *(.isr_vector)
 .isr_vector    0x08000000      0x188 CMakeFiles/HNU_RM_DOWN.elf.dir/startup/startup_stm32f407xx.s.obj
                0x08000000                g_pfnVectors
                0x08000188                . = ALIGN (0x4)

.text           0x08000190     0x6bec
                0x08000190                . = ALIGN (0x4)
 *(.text)
 .text          0x08000190       0x40 d:/clion-environment/10 2021.10/bin/../lib/gcc/arm-none-eabi/10.3.1/thumb/v7e-m+fp/hard/crtbegin.o
 .text          0x080001d0      0x378 d:/clion-environment/10 2021.10/bin/../lib/gcc/arm-none-eabi/10.3.1/thumb/v7e-m+fp/hard\libgcc.a(_arm_addsubdf3.o)
                0x080001d0                __aeabi_drsub
                0x080001d8                __aeabi_dsub
                0x080001d8                __subdf3
                0x080001dc                __aeabi_dadd
                0x080001dc                __adddf3
                0x08000454                __floatunsidf
                0x08000454                __aeabi_ui2d
                0x08000474                __floatsidf
                0x08000474                __aeabi_i2d
                0x08000498                __aeabi_f2d
                0x08000498                __extendsfdf2
                0x080004dc                __floatundidf
                0x080004dc                __aeabi_ul2d
                0x080004ec                __floatdidf
                0x080004ec                __aeabi_l2d
 .text          0x08000548      0x110 d:/clion-environment/10 2021.10/bin/../lib/gcc/arm-none-eabi/10.3.1/thumb/v7e-m+fp/hard\libgcc.a(_arm_cmpdf2.o)
                0x08000548                __gtdf2
                0x08000548                __gedf2
                0x08000550                __ltdf2
                0x08000550                __ledf2
                0x08000558                __nedf2
                0x08000558                __eqdf2
                0x08000558                __cmpdf2
                0x080005d4                __aeabi_cdrcmple
                0x080005e4                __aeabi_cdcmpeq
                0x080005e4                __aeabi_cdcmple
                0x080005f4                __aeabi_dcmpeq
                0x08000608                __aeabi_dcmplt
                0x0800061c                __aeabi_dcmple
                0x08000630                __aeabi_dcmpge
                0x08000644                __aeabi_dcmpgt
 .text          0x08000658       0x30 d:/clion-environment/10 2021.10/bin/../lib/gcc/arm-none-eabi/10.3.1/thumb/v7e-m+fp/hard\libgcc.a(_aeabi_uldivmod.o)
                0x08000658                __aeabi_uldivmod
 .text          0x08000688      0x2d0 d:/clion-environment/10 2021.10/bin/../lib/gcc/arm-none-eabi/10.3.1/thumb/v7e-m+fp/hard\libgcc.a(_udivmoddi4.o)
                0x08000688                __udivmoddi4
 .text          0x08000958        0x4 d:/clion-environment/10 2021.10/bin/../lib/gcc/arm-none-eabi/10.3.1/thumb/v7e-m+fp/hard\libgcc.a(_dvmd_tls.o)
                0x08000958                __aeabi_idiv0
                0x08000958                __aeabi_ldiv0
 *(.text*)
 .text.MX_CAN1_Init
                0x0800095c       0x40 CMakeFiles/HNU_RM_DOWN.elf.dir/Core/Src/can.c.obj
                0x0800095c                MX_CAN1_Init
 .text.MX_CAN2_Init
                0x0800099c       0x40 CMakeFiles/HNU_RM_DOWN.elf.dir/Core/Src/can.c.obj
                0x0800099c                MX_CAN2_Init
 .text.HAL_CAN_MspInit
                0x080009dc      0x120 CMakeFiles/HNU_RM_DOWN.elf.dir/Core/Src/can.c.obj
                0x080009dc                HAL_CAN_MspInit
 .text.MX_DMA_Init
                0x08000afc       0x98 CMakeFiles/HNU_RM_DOWN.elf.dir/Core/Src/dma.c.obj
                0x08000afc                MX_DMA_Init
 .text.Detect_Task
                0x08000b94        0xa CMakeFiles/HNU_RM_DOWN.elf.dir/Core/Src/freertos.c.obj
                0x08000b94                Detect_Task
 .text.Debug_Task
                0x08000b9e        0xa CMakeFiles/HNU_RM_DOWN.elf.dir/Core/Src/freertos.c.obj
                0x08000b9e                Debug_Task
 .text.Referee_Task
                0x08000ba8        0xa CMakeFiles/HNU_RM_DOWN.elf.dir/Core/Src/freertos.c.obj
                0x08000ba8                Referee_Task
 *fill*         0x08000bb2        0x2 
 .text.vApplicationGetIdleTaskMemory
                0x08000bb4       0x18 CMakeFiles/HNU_RM_DOWN.elf.dir/Core/Src/freertos.c.obj
                0x08000bb4                vApplicationGetIdleTaskMemory
 .text.MX_FREERTOS_Init
                0x08000bcc       0xd4 CMakeFiles/HNU_RM_DOWN.elf.dir/Core/Src/freertos.c.obj
                0x08000bcc                MX_FREERTOS_Init
 .text.MX_GPIO_Init
                0x08000ca0      0x170 CMakeFiles/HNU_RM_DOWN.elf.dir/Core/Src/gpio.c.obj
                0x08000ca0                MX_GPIO_Init
 .text.Error_Handler
                0x08000e10        0x4 CMakeFiles/HNU_RM_DOWN.elf.dir/Core/Src/main.c.obj
                0x08000e10                Error_Handler
 .text.SystemClock_Config
                0x08000e14       0xa8 CMakeFiles/HNU_RM_DOWN.elf.dir/Core/Src/main.c.obj
                0x08000e14                SystemClock_Config
 .text.main     0x08000ebc       0x42 CMakeFiles/HNU_RM_DOWN.elf.dir/Core/Src/main.c.obj
                0x08000ebc                main
 *fill*         0x08000efe        0x2 
 .text.MX_SPI1_Init
                0x08000f00       0x48 CMakeFiles/HNU_RM_DOWN.elf.dir/Core/Src/spi.c.obj
                0x08000f00                MX_SPI1_Init
 .text.HAL_SPI_MspInit
                0x08000f48      0x124 CMakeFiles/HNU_RM_DOWN.elf.dir/Core/Src/spi.c.obj
                0x08000f48                HAL_SPI_MspInit
 .text.HAL_MspInit
                0x0800106c       0x44 CMakeFiles/HNU_RM_DOWN.elf.dir/Core/Src/stm32f4xx_hal_msp.c.obj
                0x0800106c                HAL_MspInit
 .text.NMI_Handler
                0x080010b0        0x2 CMakeFiles/HNU_RM_DOWN.elf.dir/Core/Src/stm32f4xx_it.c.obj
                0x080010b0                NMI_Handler
 .text.HardFault_Handler
                0x080010b2        0x2 CMakeFiles/HNU_RM_DOWN.elf.dir/Core/Src/stm32f4xx_it.c.obj
                0x080010b2                HardFault_Handler
 .text.MemManage_Handler
                0x080010b4        0x2 CMakeFiles/HNU_RM_DOWN.elf.dir/Core/Src/stm32f4xx_it.c.obj
                0x080010b4                MemManage_Handler
 .text.BusFault_Handler
                0x080010b6        0x2 CMakeFiles/HNU_RM_DOWN.elf.dir/Core/Src/stm32f4xx_it.c.obj
                0x080010b6                BusFault_Handler
 .text.UsageFault_Handler
                0x080010b8        0x2 CMakeFiles/HNU_RM_DOWN.elf.dir/Core/Src/stm32f4xx_it.c.obj
                0x080010b8                UsageFault_Handler
 .text.DebugMon_Handler
                0x080010ba        0x2 CMakeFiles/HNU_RM_DOWN.elf.dir/Core/Src/stm32f4xx_it.c.obj
                0x080010ba                DebugMon_Handler
 .text.SysTick_Handler
                0x080010bc       0x16 CMakeFiles/HNU_RM_DOWN.elf.dir/Core/Src/stm32f4xx_it.c.obj
                0x080010bc                SysTick_Handler
 .text.EXTI4_IRQHandler
                0x080010d2        0xa CMakeFiles/HNU_RM_DOWN.elf.dir/Core/Src/stm32f4xx_it.c.obj
                0x080010d2                EXTI4_IRQHandler
 .text.DMA1_Stream1_IRQHandler
                0x080010dc       0x10 CMakeFiles/HNU_RM_DOWN.elf.dir/Core/Src/stm32f4xx_it.c.obj
                0x080010dc                DMA1_Stream1_IRQHandler
 .text.CAN1_RX0_IRQHandler
                0x080010ec       0x10 CMakeFiles/HNU_RM_DOWN.elf.dir/Core/Src/stm32f4xx_it.c.obj
                0x080010ec                CAN1_RX0_IRQHandler
 .text.EXTI9_5_IRQHandler
                0x080010fc        0xa CMakeFiles/HNU_RM_DOWN.elf.dir/Core/Src/stm32f4xx_it.c.obj
                0x080010fc                EXTI9_5_IRQHandler
 *fill*         0x08001106        0x2 
 .text.USART1_IRQHandler
                0x08001108       0x10 CMakeFiles/HNU_RM_DOWN.elf.dir/Core/Src/stm32f4xx_it.c.obj
                0x08001108                USART1_IRQHandler
 .text.USART3_IRQHandler
                0x08001118       0xe8 CMakeFiles/HNU_RM_DOWN.elf.dir/Core/Src/stm32f4xx_it.c.obj
                0x08001118                USART3_IRQHandler
 .text.DMA2_Stream1_IRQHandler
                0x08001200       0x10 CMakeFiles/HNU_RM_DOWN.elf.dir/Core/Src/stm32f4xx_it.c.obj
                0x08001200                DMA2_Stream1_IRQHandler
 .text.CAN2_RX0_IRQHandler
                0x08001210       0x10 CMakeFiles/HNU_RM_DOWN.elf.dir/Core/Src/stm32f4xx_it.c.obj
                0x08001210                CAN2_RX0_IRQHandler
 .text.DMA2_Stream5_IRQHandler
                0x08001220       0x10 CMakeFiles/HNU_RM_DOWN.elf.dir/Core/Src/stm32f4xx_it.c.obj
                0x08001220                DMA2_Stream5_IRQHandler
 .text.DMA2_Stream6_IRQHandler
                0x08001230       0x10 CMakeFiles/HNU_RM_DOWN.elf.dir/Core/Src/stm32f4xx_it.c.obj
                0x08001230                DMA2_Stream6_IRQHandler
 .text.SystemInit
                0x08001240       0x14 CMakeFiles/HNU_RM_DOWN.elf.dir/Core/Src/system_stm32f4xx.c.obj
                0x08001240                SystemInit
 .text.MX_USART1_UART_Init
                0x08001254       0x34 CMakeFiles/HNU_RM_DOWN.elf.dir/Core/Src/usart.c.obj
                0x08001254                MX_USART1_UART_Init
 .text.MX_USART3_UART_Init
                0x08001288       0x3c CMakeFiles/HNU_RM_DOWN.elf.dir/Core/Src/usart.c.obj
                0x08001288                MX_USART3_UART_Init
 .text.MX_USART6_UART_Init
                0x080012c4       0x34 CMakeFiles/HNU_RM_DOWN.elf.dir/Core/Src/usart.c.obj
                0x080012c4                MX_USART6_UART_Init
 .text.HAL_UART_MspInit
                0x080012f8      0x284 CMakeFiles/HNU_RM_DOWN.elf.dir/Core/Src/usart.c.obj
                0x080012f8                HAL_UART_MspInit
 .text.HAL_InitTick
                0x0800157c       0x4c CMakeFiles/HNU_RM_DOWN.elf.dir/Drivers/STM32F4xx_HAL_Driver/Src/stm32f4xx_hal.c.obj
                0x0800157c                HAL_InitTick
 .text.HAL_Init
                0x080015c8       0x34 CMakeFiles/HNU_RM_DOWN.elf.dir/Drivers/STM32F4xx_HAL_Driver/Src/stm32f4xx_hal.c.obj
                0x080015c8                HAL_Init
 .text.HAL_IncTick
                0x080015fc       0x18 CMakeFiles/HNU_RM_DOWN.elf.dir/Drivers/STM32F4xx_HAL_Driver/Src/stm32f4xx_hal.c.obj
                0x080015fc                HAL_IncTick
 .text.HAL_GetTick
                0x08001614        0xc CMakeFiles/HNU_RM_DOWN.elf.dir/Drivers/STM32F4xx_HAL_Driver/Src/stm32f4xx_hal.c.obj
                0x08001614                HAL_GetTick
 .text.HAL_CAN_Init
                0x08001620      0x14c CMakeFiles/HNU_RM_DOWN.elf.dir/Drivers/STM32F4xx_HAL_Driver/Src/stm32f4xx_hal_can.c.obj
                0x08001620                HAL_CAN_Init
 .text.HAL_CAN_ConfigFilter
                0x0800176c      0x138 CMakeFiles/HNU_RM_DOWN.elf.dir/Drivers/STM32F4xx_HAL_Driver/Src/stm32f4xx_hal_can.c.obj
                0x0800176c                HAL_CAN_ConfigFilter
 .text.HAL_CAN_Start
                0x080018a4       0x5c CMakeFiles/HNU_RM_DOWN.elf.dir/Drivers/STM32F4xx_HAL_Driver/Src/stm32f4xx_hal_can.c.obj
                0x080018a4                HAL_CAN_Start
 .text.HAL_CAN_AddTxMessage
                0x08001900       0xfc CMakeFiles/HNU_RM_DOWN.elf.dir/Drivers/STM32F4xx_HAL_Driver/Src/stm32f4xx_hal_can.c.obj
                0x08001900                HAL_CAN_AddTxMessage
 .text.HAL_CAN_GetRxMessage
                0x080019fc      0x14a CMakeFiles/HNU_RM_DOWN.elf.dir/Drivers/STM32F4xx_HAL_Driver/Src/stm32f4xx_hal_can.c.obj
                0x080019fc                HAL_CAN_GetRxMessage
 .text.HAL_CAN_ActivateNotification
                0x08001b46       0x24 CMakeFiles/HNU_RM_DOWN.elf.dir/Drivers/STM32F4xx_HAL_Driver/Src/stm32f4xx_hal_can.c.obj
                0x08001b46                HAL_CAN_ActivateNotification
 .text.HAL_CAN_TxMailbox0CompleteCallback
                0x08001b6a        0x2 CMakeFiles/HNU_RM_DOWN.elf.dir/Drivers/STM32F4xx_HAL_Driver/Src/stm32f4xx_hal_can.c.obj
                0x08001b6a                HAL_CAN_TxMailbox0CompleteCallback
 .text.HAL_CAN_TxMailbox1CompleteCallback
                0x08001b6c        0x2 CMakeFiles/HNU_RM_DOWN.elf.dir/Drivers/STM32F4xx_HAL_Driver/Src/stm32f4xx_hal_can.c.obj
                0x08001b6c                HAL_CAN_TxMailbox1CompleteCallback
 .text.HAL_CAN_TxMailbox2CompleteCallback
                0x08001b6e        0x2 CMakeFiles/HNU_RM_DOWN.elf.dir/Drivers/STM32F4xx_HAL_Driver/Src/stm32f4xx_hal_can.c.obj
                0x08001b6e                HAL_CAN_TxMailbox2CompleteCallback
 .text.HAL_CAN_TxMailbox0AbortCallback
                0x08001b70        0x2 CMakeFiles/HNU_RM_DOWN.elf.dir/Drivers/STM32F4xx_HAL_Driver/Src/stm32f4xx_hal_can.c.obj
                0x08001b70                HAL_CAN_TxMailbox0AbortCallback
 .text.HAL_CAN_TxMailbox1AbortCallback
                0x08001b72        0x2 CMakeFiles/HNU_RM_DOWN.elf.dir/Drivers/STM32F4xx_HAL_Driver/Src/stm32f4xx_hal_can.c.obj
                0x08001b72                HAL_CAN_TxMailbox1AbortCallback
 .text.HAL_CAN_TxMailbox2AbortCallback
                0x08001b74        0x2 CMakeFiles/HNU_RM_DOWN.elf.dir/Drivers/STM32F4xx_HAL_Driver/Src/stm32f4xx_hal_can.c.obj
                0x08001b74                HAL_CAN_TxMailbox2AbortCallback
 .text.HAL_CAN_RxFifo0FullCallback
                0x08001b76        0x2 CMakeFiles/HNU_RM_DOWN.elf.dir/Drivers/STM32F4xx_HAL_Driver/Src/stm32f4xx_hal_can.c.obj
                0x08001b76                HAL_CAN_RxFifo0FullCallback
 .text.HAL_CAN_RxFifo1MsgPendingCallback
                0x08001b78        0x2 CMakeFiles/HNU_RM_DOWN.elf.dir/Drivers/STM32F4xx_HAL_Driver/Src/stm32f4xx_hal_can.c.obj
                0x08001b78                HAL_CAN_RxFifo1MsgPendingCallback
 .text.HAL_CAN_RxFifo1FullCallback
                0x08001b7a        0x2 CMakeFiles/HNU_RM_DOWN.elf.dir/Drivers/STM32F4xx_HAL_Driver/Src/stm32f4xx_hal_can.c.obj
                0x08001b7a                HAL_CAN_RxFifo1FullCallback
 .text.HAL_CAN_SleepCallback
                0x08001b7c        0x2 CMakeFiles/HNU_RM_DOWN.elf.dir/Drivers/STM32F4xx_HAL_Driver/Src/stm32f4xx_hal_can.c.obj
                0x08001b7c                HAL_CAN_SleepCallback
 .text.HAL_CAN_WakeUpFromRxMsgCallback
                0x08001b7e        0x2 CMakeFiles/HNU_RM_DOWN.elf.dir/Drivers/STM32F4xx_HAL_Driver/Src/stm32f4xx_hal_can.c.obj
                0x08001b7e                HAL_CAN_WakeUpFromRxMsgCallback
 .text.HAL_CAN_ErrorCallback
                0x08001b80        0x2 CMakeFiles/HNU_RM_DOWN.elf.dir/Drivers/STM32F4xx_HAL_Driver/Src/stm32f4xx_hal_can.c.obj
                0x08001b80                HAL_CAN_ErrorCallback
 .text.HAL_CAN_IRQHandler
                0x08001b82      0x24a CMakeFiles/HNU_RM_DOWN.elf.dir/Drivers/STM32F4xx_HAL_Driver/Src/stm32f4xx_hal_can.c.obj
                0x08001b82                HAL_CAN_IRQHandler
 .text.HAL_NVIC_SetPriorityGrouping
                0x08001dcc       0x24 CMakeFiles/HNU_RM_DOWN.elf.dir/Drivers/STM32F4xx_HAL_Driver/Src/stm32f4xx_hal_cortex.c.obj
                0x08001dcc                HAL_NVIC_SetPriorityGrouping
 .text.HAL_NVIC_SetPriority
                0x08001df0       0x70 CMakeFiles/HNU_RM_DOWN.elf.dir/Drivers/STM32F4xx_HAL_Driver/Src/stm32f4xx_hal_cortex.c.obj
                0x08001df0                HAL_NVIC_SetPriority
 .text.HAL_NVIC_EnableIRQ
                0x08001e60       0x1c CMakeFiles/HNU_RM_DOWN.elf.dir/Drivers/STM32F4xx_HAL_Driver/Src/stm32f4xx_hal_cortex.c.obj
                0x08001e60                HAL_NVIC_EnableIRQ
 .text.HAL_SYSTICK_Config
                0x08001e7c       0x28 CMakeFiles/HNU_RM_DOWN.elf.dir/Drivers/STM32F4xx_HAL_Driver/Src/stm32f4xx_hal_cortex.c.obj
                0x08001e7c                HAL_SYSTICK_Config
 .text.DMA_CalcBaseAndBitshift
                0x08001ea4       0x44 CMakeFiles/HNU_RM_DOWN.elf.dir/Drivers/STM32F4xx_HAL_Driver/Src/stm32f4xx_hal_dma.c.obj
 .text.DMA_CheckFifoParam
                0x08001ee8       0x8e CMakeFiles/HNU_RM_DOWN.elf.dir/Drivers/STM32F4xx_HAL_Driver/Src/stm32f4xx_hal_dma.c.obj
 *fill*         0x08001f76        0x2 
 .text.HAL_DMA_Init
                0x08001f78       0xcc CMakeFiles/HNU_RM_DOWN.elf.dir/Drivers/STM32F4xx_HAL_Driver/Src/stm32f4xx_hal_dma.c.obj
                0x08001f78                HAL_DMA_Init
 .text.HAL_DMA_Abort
                0x08002044       0x94 CMakeFiles/HNU_RM_DOWN.elf.dir/Drivers/STM32F4xx_HAL_Driver/Src/stm32f4xx_hal_dma.c.obj
                0x08002044                HAL_DMA_Abort
 .text.HAL_DMA_Abort_IT
                0x080020d8       0x26 CMakeFiles/HNU_RM_DOWN.elf.dir/Drivers/STM32F4xx_HAL_Driver/Src/stm32f4xx_hal_dma.c.obj
                0x080020d8                HAL_DMA_Abort_IT
 *fill*         0x080020fe        0x2 
 .text.HAL_DMA_IRQHandler
                0x08002100      0x1dc CMakeFiles/HNU_RM_DOWN.elf.dir/Drivers/STM32F4xx_HAL_Driver/Src/stm32f4xx_hal_dma.c.obj
                0x08002100                HAL_DMA_IRQHandler
 .text.HAL_GPIO_Init
                0x080022dc      0x1e4 CMakeFiles/HNU_RM_DOWN.elf.dir/Drivers/STM32F4xx_HAL_Driver/Src/stm32f4xx_hal_gpio.c.obj
                0x080022dc                HAL_GPIO_Init
 .text.HAL_GPIO_WritePin
                0x080024c0        0xc CMakeFiles/HNU_RM_DOWN.elf.dir/Drivers/STM32F4xx_HAL_Driver/Src/stm32f4xx_hal_gpio.c.obj
                0x080024c0                HAL_GPIO_WritePin
 .text.HAL_GPIO_EXTI_Callback
                0x080024cc        0x2 CMakeFiles/HNU_RM_DOWN.elf.dir/Drivers/STM32F4xx_HAL_Driver/Src/stm32f4xx_hal_gpio.c.obj
                0x080024cc                HAL_GPIO_EXTI_Callback
 *fill*         0x080024ce        0x2 
 .text.HAL_GPIO_EXTI_IRQHandler
                0x080024d0       0x1c CMakeFiles/HNU_RM_DOWN.elf.dir/Drivers/STM32F4xx_HAL_Driver/Src/stm32f4xx_hal_gpio.c.obj
                0x080024d0                HAL_GPIO_EXTI_IRQHandler
 .text.HAL_RCC_OscConfig
                0x080024ec      0x3f8 CMakeFiles/HNU_RM_DOWN.elf.dir/Drivers/STM32F4xx_HAL_Driver/Src/stm32f4xx_hal_rcc.c.obj
                0x080024ec                HAL_RCC_OscConfig
 .text.HAL_RCC_GetSysClockFreq
                0x080028e4       0xa4 CMakeFiles/HNU_RM_DOWN.elf.dir/Drivers/STM32F4xx_HAL_Driver/Src/stm32f4xx_hal_rcc.c.obj
                0x080028e4                HAL_RCC_GetSysClockFreq
 .text.HAL_RCC_ClockConfig
                0x08002988      0x160 CMakeFiles/HNU_RM_DOWN.elf.dir/Drivers/STM32F4xx_HAL_Driver/Src/stm32f4xx_hal_rcc.c.obj
                0x08002988                HAL_RCC_ClockConfig
 .text.HAL_RCC_GetHCLKFreq
                0x08002ae8        0xc CMakeFiles/HNU_RM_DOWN.elf.dir/Drivers/STM32F4xx_HAL_Driver/Src/stm32f4xx_hal_rcc.c.obj
                0x08002ae8                HAL_RCC_GetHCLKFreq
 .text.HAL_RCC_GetPCLK1Freq
                0x08002af4       0x20 CMakeFiles/HNU_RM_DOWN.elf.dir/Drivers/STM32F4xx_HAL_Driver/Src/stm32f4xx_hal_rcc.c.obj
                0x08002af4                HAL_RCC_GetPCLK1Freq
 .text.HAL_RCC_GetPCLK2Freq
                0x08002b14       0x20 CMakeFiles/HNU_RM_DOWN.elf.dir/Drivers/STM32F4xx_HAL_Driver/Src/stm32f4xx_hal_rcc.c.obj
                0x08002b14                HAL_RCC_GetPCLK2Freq
 .text.HAL_SPI_Init
                0x08002b34       0xbe CMakeFiles/HNU_RM_DOWN.elf.dir/Drivers/STM32F4xx_HAL_Driver/Src/stm32f4xx_hal_spi.c.obj
                0x08002b34                HAL_SPI_Init
 .text.UART_EndRxTransfer
                0x08002bf2       0x5c CMakeFiles/HNU_RM_DOWN.elf.dir/Drivers/STM32F4xx_HAL_Driver/Src/stm32f4xx_hal_uart.c.obj
 .text.UART_Transmit_IT
                0x08002c4e       0x60 CMakeFiles/HNU_RM_DOWN.elf.dir/Drivers/STM32F4xx_HAL_Driver/Src/stm32f4xx_hal_uart.c.obj
 *fill*         0x08002cae        0x2 
 .text.UART_SetConfig
                0x08002cb0      0x110 CMakeFiles/HNU_RM_DOWN.elf.dir/Drivers/STM32F4xx_HAL_Driver/Src/stm32f4xx_hal_uart.c.obj
 .text.HAL_UART_Init
                0x08002dc0       0x5e CMakeFiles/HNU_RM_DOWN.elf.dir/Drivers/STM32F4xx_HAL_Driver/Src/stm32f4xx_hal_uart.c.obj
                0x08002dc0                HAL_UART_Init
 .text.HAL_UART_TxCpltCallback
                0x08002e1e        0x2 CMakeFiles/HNU_RM_DOWN.elf.dir/Drivers/STM32F4xx_HAL_Driver/Src/stm32f4xx_hal_uart.c.obj
                0x08002e1e                HAL_UART_TxCpltCallback
 .text.UART_EndTransmit_IT
                0x08002e20       0x1a CMakeFiles/HNU_RM_DOWN.elf.dir/Drivers/STM32F4xx_HAL_Driver/Src/stm32f4xx_hal_uart.c.obj
 .text.HAL_UART_RxCpltCallback
                0x08002e3a        0x2 CMakeFiles/HNU_RM_DOWN.elf.dir/Drivers/STM32F4xx_HAL_Driver/Src/stm32f4xx_hal_uart.c.obj
                0x08002e3a                HAL_UART_RxCpltCallback
 .text.HAL_UART_ErrorCallback
                0x08002e3c        0x2 CMakeFiles/HNU_RM_DOWN.elf.dir/Drivers/STM32F4xx_HAL_Driver/Src/stm32f4xx_hal_uart.c.obj
                0x08002e3c                HAL_UART_ErrorCallback
 .text.UART_DMAAbortOnError
                0x08002e3e       0x10 CMakeFiles/HNU_RM_DOWN.elf.dir/Drivers/STM32F4xx_HAL_Driver/Src/stm32f4xx_hal_uart.c.obj
 .text.HAL_UARTEx_RxEventCallback
                0x08002e4e        0x2 CMakeFiles/HNU_RM_DOWN.elf.dir/Drivers/STM32F4xx_HAL_Driver/Src/stm32f4xx_hal_uart.c.obj
                0x08002e4e                HAL_UARTEx_RxEventCallback
 .text.UART_Receive_IT
                0x08002e50       0xe2 CMakeFiles/HNU_RM_DOWN.elf.dir/Drivers/STM32F4xx_HAL_Driver/Src/stm32f4xx_hal_uart.c.obj
 *fill*         0x08002f32        0x2 
 .text.HAL_UART_IRQHandler
                0x08002f34      0x280 CMakeFiles/HNU_RM_DOWN.elf.dir/Drivers/STM32F4xx_HAL_Driver/Src/stm32f4xx_hal_uart.c.obj
                0x08002f34                HAL_UART_IRQHandler
 .text.makeFreeRtosPriority
                0x080031b4        0xc CMakeFiles/HNU_RM_DOWN.elf.dir/Middlewares/Third_Party/FreeRTOS/Source/CMSIS_RTOS/cmsis_os.c.obj
 .text.inHandlerMode
                0x080031c0        0xc CMakeFiles/HNU_RM_DOWN.elf.dir/Middlewares/Third_Party/FreeRTOS/Source/CMSIS_RTOS/cmsis_os.c.obj
 .text.osKernelStart
                0x080031cc        0xa CMakeFiles/HNU_RM_DOWN.elf.dir/Middlewares/Third_Party/FreeRTOS/Source/CMSIS_RTOS/cmsis_os.c.obj
                0x080031cc                osKernelStart
 .text.osKernelSysTick
                0x080031d6       0x14 CMakeFiles/HNU_RM_DOWN.elf.dir/Middlewares/Third_Party/FreeRTOS/Source/CMSIS_RTOS/cmsis_os.c.obj
                0x080031d6                osKernelSysTick
 .text.osThreadCreate
                0x080031ea       0x6a CMakeFiles/HNU_RM_DOWN.elf.dir/Middlewares/Third_Party/FreeRTOS/Source/CMSIS_RTOS/cmsis_os.c.obj
                0x080031ea                osThreadCreate
 .text.osDelay  0x08003254        0xe CMakeFiles/HNU_RM_DOWN.elf.dir/Middlewares/Third_Party/FreeRTOS/Source/CMSIS_RTOS/cmsis_os.c.obj
                0x08003254                osDelay
 .text.osDelayUntil
                0x08003262        0xe CMakeFiles/HNU_RM_DOWN.elf.dir/Middlewares/Third_Party/FreeRTOS/Source/CMSIS_RTOS/cmsis_os.c.obj
                0x08003262                osDelayUntil
 .text.vListInitialise
                0x08003270       0x16 CMakeFiles/HNU_RM_DOWN.elf.dir/Middlewares/Third_Party/FreeRTOS/Source/list.c.obj
                0x08003270                vListInitialise
 .text.vListInitialiseItem
                0x08003286        0x6 CMakeFiles/HNU_RM_DOWN.elf.dir/Middlewares/Third_Party/FreeRTOS/Source/list.c.obj
                0x08003286                vListInitialiseItem
 .text.vListInsertEnd
                0x0800328c       0x16 CMakeFiles/HNU_RM_DOWN.elf.dir/Middlewares/Third_Party/FreeRTOS/Source/list.c.obj
                0x0800328c                vListInsertEnd
 .text.vListInsert
                0x080032a2       0x32 CMakeFiles/HNU_RM_DOWN.elf.dir/Middlewares/Third_Party/FreeRTOS/Source/list.c.obj
                0x080032a2                vListInsert
 .text.uxListRemove
                0x080032d4       0x26 CMakeFiles/HNU_RM_DOWN.elf.dir/Middlewares/Third_Party/FreeRTOS/Source/list.c.obj
                0x080032d4                uxListRemove
 *fill*         0x080032fa        0x2 
 .text.prvTaskExitError
                0x080032fc       0x40 CMakeFiles/HNU_RM_DOWN.elf.dir/Middlewares/Third_Party/FreeRTOS/Source/portable/GCC/ARM_CM4F/port.c.obj
 .text.prvPortStartFirstTask
                0x0800333c       0x28 CMakeFiles/HNU_RM_DOWN.elf.dir/Middlewares/Third_Party/FreeRTOS/Source/portable/GCC/ARM_CM4F/port.c.obj
 .text.vPortEnableVFP
                0x08003364       0x14 CMakeFiles/HNU_RM_DOWN.elf.dir/Middlewares/Third_Party/FreeRTOS/Source/portable/GCC/ARM_CM4F/port.c.obj
 .text.pxPortInitialiseStack
                0x08003378       0x2c CMakeFiles/HNU_RM_DOWN.elf.dir/Middlewares/Third_Party/FreeRTOS/Source/portable/GCC/ARM_CM4F/port.c.obj
                0x08003378                pxPortInitialiseStack
 *fill*         0x080033a4        0xc 
 .text.SVC_Handler
                0x080033b0       0x24 CMakeFiles/HNU_RM_DOWN.elf.dir/Middlewares/Third_Party/FreeRTOS/Source/portable/GCC/ARM_CM4F/port.c.obj
                0x080033b0                SVC_Handler
 .text.vPortEnterCritical
                0x080033d4       0x44 CMakeFiles/HNU_RM_DOWN.elf.dir/Middlewares/Third_Party/FreeRTOS/Source/portable/GCC/ARM_CM4F/port.c.obj
                0x080033d4                vPortEnterCritical
 .text.vPortExitCritical
                0x08003418       0x2c CMakeFiles/HNU_RM_DOWN.elf.dir/Middlewares/Third_Party/FreeRTOS/Source/portable/GCC/ARM_CM4F/port.c.obj
                0x08003418                vPortExitCritical
 *fill*         0x08003444        0xc 
 .text.PendSV_Handler
                0x08003450       0x64 CMakeFiles/HNU_RM_DOWN.elf.dir/Middlewares/Third_Party/FreeRTOS/Source/portable/GCC/ARM_CM4F/port.c.obj
                0x08003450                PendSV_Handler
 .text.xPortSysTickHandler
                0x080034b4       0x2c CMakeFiles/HNU_RM_DOWN.elf.dir/Middlewares/Third_Party/FreeRTOS/Source/portable/GCC/ARM_CM4F/port.c.obj
                0x080034b4                xPortSysTickHandler
 .text.vPortSetupTimerInterrupt
                0x080034e0       0x28 CMakeFiles/HNU_RM_DOWN.elf.dir/Middlewares/Third_Party/FreeRTOS/Source/portable/GCC/ARM_CM4F/port.c.obj
                0x080034e0                vPortSetupTimerInterrupt
 .text.xPortStartScheduler
                0x08003508      0x118 CMakeFiles/HNU_RM_DOWN.elf.dir/Middlewares/Third_Party/FreeRTOS/Source/portable/GCC/ARM_CM4F/port.c.obj
                0x08003508                xPortStartScheduler
 .text.vPortValidateInterruptPriority
                0x08003620       0x5c CMakeFiles/HNU_RM_DOWN.elf.dir/Middlewares/Third_Party/FreeRTOS/Source/portable/GCC/ARM_CM4F/port.c.obj
                0x08003620                vPortValidateInterruptPriority
 .text.prvHeapInit
                0x0800367c       0x64 CMakeFiles/HNU_RM_DOWN.elf.dir/Middlewares/Third_Party/FreeRTOS/Source/portable/MemMang/heap_4.c.obj
 .text.prvInsertBlockIntoFreeList
                0x080036e0       0x64 CMakeFiles/HNU_RM_DOWN.elf.dir/Middlewares/Third_Party/FreeRTOS/Source/portable/MemMang/heap_4.c.obj
 .text.pvPortMalloc
                0x08003744       0xfc CMakeFiles/HNU_RM_DOWN.elf.dir/Middlewares/Third_Party/FreeRTOS/Source/portable/MemMang/heap_4.c.obj
                0x08003744                pvPortMalloc
 .text.vPortFree
                0x08003840       0x7c CMakeFiles/HNU_RM_DOWN.elf.dir/Middlewares/Third_Party/FreeRTOS/Source/portable/MemMang/heap_4.c.obj
                0x08003840                vPortFree
 .text.prvResetNextTaskUnblockTime
                0x080038bc       0x2c CMakeFiles/HNU_RM_DOWN.elf.dir/Middlewares/Third_Party/FreeRTOS/Source/tasks.c.obj
 .text.prvInitialiseNewTask
                0x080038e8       0xa2 CMakeFiles/HNU_RM_DOWN.elf.dir/Middlewares/Third_Party/FreeRTOS/Source/tasks.c.obj
 *fill*         0x0800398a        0x2 
 .text.prvInitialiseTaskLists
                0x0800398c       0x68 CMakeFiles/HNU_RM_DOWN.elf.dir/Middlewares/Third_Party/FreeRTOS/Source/tasks.c.obj
 .text.prvAddNewTaskToReadyList
                0x080039f4       0xa8 CMakeFiles/HNU_RM_DOWN.elf.dir/Middlewares/Third_Party/FreeRTOS/Source/tasks.c.obj
 .text.prvDeleteTCB
                0x08003a9c       0x38 CMakeFiles/HNU_RM_DOWN.elf.dir/Middlewares/Third_Party/FreeRTOS/Source/tasks.c.obj
 .text.prvCheckTasksWaitingTermination
                0x08003ad4       0x4c CMakeFiles/HNU_RM_DOWN.elf.dir/Middlewares/Third_Party/FreeRTOS/Source/tasks.c.obj
 .text.prvIdleTask
                0x08003b20       0x28 CMakeFiles/HNU_RM_DOWN.elf.dir/Middlewares/Third_Party/FreeRTOS/Source/tasks.c.obj
 .text.prvAddCurrentTaskToDelayedList
                0x08003b48       0x98 CMakeFiles/HNU_RM_DOWN.elf.dir/Middlewares/Third_Party/FreeRTOS/Source/tasks.c.obj
 .text.xTaskCreateStatic
                0x08003be0       0x76 CMakeFiles/HNU_RM_DOWN.elf.dir/Middlewares/Third_Party/FreeRTOS/Source/tasks.c.obj
                0x08003be0                xTaskCreateStatic
 .text.xTaskCreate
                0x08003c56       0x68 CMakeFiles/HNU_RM_DOWN.elf.dir/Middlewares/Third_Party/FreeRTOS/Source/tasks.c.obj
                0x08003c56                xTaskCreate
 *fill*         0x08003cbe        0x2 
 .text.vTaskStartScheduler
                0x08003cc0       0x74 CMakeFiles/HNU_RM_DOWN.elf.dir/Middlewares/Third_Party/FreeRTOS/Source/tasks.c.obj
                0x08003cc0                vTaskStartScheduler
 .text.vTaskSuspendAll
                0x08003d34       0x10 CMakeFiles/HNU_RM_DOWN.elf.dir/Middlewares/Third_Party/FreeRTOS/Source/tasks.c.obj
                0x08003d34                vTaskSuspendAll
 .text.xTaskGetTickCount
                0x08003d44        0xc CMakeFiles/HNU_RM_DOWN.elf.dir/Middlewares/Third_Party/FreeRTOS/Source/tasks.c.obj
                0x08003d44                xTaskGetTickCount
 .text.xTaskGetTickCountFromISR
                0x08003d50       0x10 CMakeFiles/HNU_RM_DOWN.elf.dir/Middlewares/Third_Party/FreeRTOS/Source/tasks.c.obj
                0x08003d50                xTaskGetTickCountFromISR
 .text.xTaskIncrementTick
                0x08003d60      0x118 CMakeFiles/HNU_RM_DOWN.elf.dir/Middlewares/Third_Party/FreeRTOS/Source/tasks.c.obj
                0x08003d60                xTaskIncrementTick
 .text.xTaskResumeAll
                0x08003e78       0xf8 CMakeFiles/HNU_RM_DOWN.elf.dir/Middlewares/Third_Party/FreeRTOS/Source/tasks.c.obj
                0x08003e78                xTaskResumeAll
 .text.vTaskDelayUntil
                0x08003f70       0xa4 CMakeFiles/HNU_RM_DOWN.elf.dir/Middlewares/Third_Party/FreeRTOS/Source/tasks.c.obj
                0x08003f70                vTaskDelayUntil
 .text.vTaskDelay
                0x08004014       0x4c CMakeFiles/HNU_RM_DOWN.elf.dir/Middlewares/Third_Party/FreeRTOS/Source/tasks.c.obj
                0x08004014                vTaskDelay
 .text.vTaskSwitchContext
                0x08004060       0x98 CMakeFiles/HNU_RM_DOWN.elf.dir/Middlewares/Third_Party/FreeRTOS/Source/tasks.c.obj
                0x08004060                vTaskSwitchContext
 .text.xTaskGetSchedulerState
                0x080040f8       0x20 CMakeFiles/HNU_RM_DOWN.elf.dir/Middlewares/Third_Party/FreeRTOS/Source/tasks.c.obj
                0x080040f8                xTaskGetSchedulerState
 .text.CAN_Init
                0x08004118       0x5c CMakeFiles/HNU_RM_DOWN.elf.dir/Tasks/Src/BSP/bsp_can.c.obj
                0x08004118                CAN_Init
 .text.CAN_Send
                0x08004174       0x38 CMakeFiles/HNU_RM_DOWN.elf.dir/Tasks/Src/BSP/bsp_can.c.obj
                0x08004174                CAN_Send
 .text.PowerDataResolve
                0x080041ac       0x58 CMakeFiles/HNU_RM_DOWN.elf.dir/Tasks/Src/BSP/bsp_can.c.obj
                0x080041ac                PowerDataResolve
 .text.HAL_CAN_RxFifo0MsgPendingCallback
                0x08004204      0x13c CMakeFiles/HNU_RM_DOWN.elf.dir/Tasks/Src/BSP/bsp_can.c.obj
                0x08004204                HAL_CAN_RxFifo0MsgPendingCallback
 .text.DWT_CNT_Update
                0x08004340       0x30 CMakeFiles/HNU_RM_DOWN.elf.dir/Tasks/Src/BSP/bsp_dwt.c.obj
 .text.DWT_Init
                0x08004370       0x68 CMakeFiles/HNU_RM_DOWN.elf.dir/Tasks/Src/BSP/bsp_dwt.c.obj
                0x08004370                DWT_Init
 .text.DWT_GetDeltaT
                0x080043d8       0x48 CMakeFiles/HNU_RM_DOWN.elf.dir/Tasks/Src/BSP/bsp_dwt.c.obj
                0x080043d8                DWT_GetDeltaT
 .text.RC_Init  0x08004420       0x68 CMakeFiles/HNU_RM_DOWN.elf.dir/Tasks/Src/BSP/bsp_uart.c.obj
                0x08004420                RC_Init
 .text.Remote_Control_init
                0x08004488       0x14 CMakeFiles/HNU_RM_DOWN.elf.dir/Tasks/Src/BSP/bsp_uart.c.obj
                0x08004488                Remote_Control_init
 .text.Remote_Data_handle
                0x0800449c      0x142 CMakeFiles/HNU_RM_DOWN.elf.dir/Tasks/Src/BSP/bsp_uart.c.obj
                0x0800449c                Remote_Data_handle
 *fill*         0x080045de        0x2 
 .text.Chassis_Init_param
                0x080045e0       0xc4 CMakeFiles/HNU_RM_DOWN.elf.dir/Tasks/Src/Chassis.c.obj
                0x080045e0                Chassis_Init_param
 .text.Chassis_Get_mode
                0x080046a4       0x3c CMakeFiles/HNU_RM_DOWN.elf.dir/Tasks/Src/Chassis.c.obj
                0x080046a4                Chassis_Get_mode
 .text.Chassis_Send_current
                0x080046e0       0x6c CMakeFiles/HNU_RM_DOWN.elf.dir/Tasks/Src/Chassis.c.obj
                0x080046e0                Chassis_Send_current
 .text.Chassis_Relax_control
                0x0800474c       0x20 CMakeFiles/HNU_RM_DOWN.elf.dir/Tasks/Src/Chassis.c.obj
                0x0800474c                Chassis_Relax_control
 .text.Chassis_Get_control_information
                0x0800476c       0xbc CMakeFiles/HNU_RM_DOWN.elf.dir/Tasks/Src/Chassis.c.obj
                0x0800476c                Chassis_Get_control_information
 .text.Chassis_Calc_moto_speed
                0x08004828      0x1b8 CMakeFiles/HNU_RM_DOWN.elf.dir/Tasks/Src/Chassis.c.obj
                0x08004828                Chassis_Calc_moto_speed
 .text.Chassis_Calculate_close_loop
                0x080049e0       0x50 CMakeFiles/HNU_RM_DOWN.elf.dir/Tasks/Src/Chassis.c.obj
                0x080049e0                Chassis_Calculate_close_loop
 .text.Chassis_Custom_control
                0x08004a30       0x30 CMakeFiles/HNU_RM_DOWN.elf.dir/Tasks/Src/Chassis.c.obj
                0x08004a30                Chassis_Custom_control
 .text.Chassis_Stop_control
                0x08004a60       0x18 CMakeFiles/HNU_RM_DOWN.elf.dir/Tasks/Src/Chassis.c.obj
                0x08004a60                Chassis_Stop_control
 .text.Chassis_Fly_control
                0x08004a78       0x6c CMakeFiles/HNU_RM_DOWN.elf.dir/Tasks/Src/Chassis.c.obj
                0x08004a78                Chassis_Fly_control
 .text.Chassis_Open_control
                0x08004ae4        0xc CMakeFiles/HNU_RM_DOWN.elf.dir/Tasks/Src/Chassis.c.obj
                0x08004ae4                Chassis_Open_control
 .text.Chassis_Top_handle
                0x08004af0       0x64 CMakeFiles/HNU_RM_DOWN.elf.dir/Tasks/Src/Chassis.c.obj
                0x08004af0                Chassis_Top_handle
 .text.Chassis_Follow_control
                0x08004b54       0xb0 CMakeFiles/HNU_RM_DOWN.elf.dir/Tasks/Src/Chassis.c.obj
                0x08004b54                Chassis_Follow_control
 .text.Chassis_Spin_control
                0x08004c04       0x5c CMakeFiles/HNU_RM_DOWN.elf.dir/Tasks/Src/Chassis.c.obj
                0x08004c04                Chassis_Spin_control
 .text.Chassis_Task
                0x08004c60       0x70 CMakeFiles/HNU_RM_DOWN.elf.dir/Tasks/Src/Chassis.c.obj
                0x08004c60                Chassis_Task
 .text.Chassis_Send_supercap
                0x08004cd0       0x54 CMakeFiles/HNU_RM_DOWN.elf.dir/Tasks/Src/Transmission.c.obj
                0x08004cd0                Chassis_Send_supercap
 .text.Chassis_Send_shoot
                0x08004d24       0x48 CMakeFiles/HNU_RM_DOWN.elf.dir/Tasks/Src/Transmission.c.obj
                0x08004d24                Chassis_Send_shoot
 .text.Transmission_Task
                0x08004d6c       0x12 CMakeFiles/HNU_RM_DOWN.elf.dir/Tasks/Src/Transmission.c.obj
                0x08004d6c                Transmission_Task
 .text.f_Trapezoid_Intergral
                0x08004d7e       0x7c CMakeFiles/HNU_RM_DOWN.elf.dir/UserLib/Algorithm/controller.c.obj
 .text.f_Changing_Integration_Rate
                0x08004dfa       0x72 CMakeFiles/HNU_RM_DOWN.elf.dir/UserLib/Algorithm/controller.c.obj
 .text.f_Integral_Limit
                0x08004e6c       0xa4 CMakeFiles/HNU_RM_DOWN.elf.dir/UserLib/Algorithm/controller.c.obj
 .text.f_Derivative_Filter
                0x08004f10       0x3a CMakeFiles/HNU_RM_DOWN.elf.dir/UserLib/Algorithm/controller.c.obj
 .text.f_Output_Filter
                0x08004f4a       0x3a CMakeFiles/HNU_RM_DOWN.elf.dir/UserLib/Algorithm/controller.c.obj
 .text.f_Output_Limit
                0x08004f84       0x34 CMakeFiles/HNU_RM_DOWN.elf.dir/UserLib/Algorithm/controller.c.obj
 .text.f_Proportion_Limit
                0x08004fb8       0x34 CMakeFiles/HNU_RM_DOWN.elf.dir/UserLib/Algorithm/controller.c.obj
 .text.f_PID_ErrorHandle
                0x08004fec       0xb8 CMakeFiles/HNU_RM_DOWN.elf.dir/UserLib/Algorithm/controller.c.obj
 .text.f_Derivative_On_Measurement
                0x080050a4       0xe6 CMakeFiles/HNU_RM_DOWN.elf.dir/UserLib/Algorithm/controller.c.obj
 .text.PID_Init
                0x0800518a       0x8e CMakeFiles/HNU_RM_DOWN.elf.dir/UserLib/Algorithm/controller.c.obj
                0x0800518a                PID_Init
 .text.PID_Calculate
                0x08005218      0x266 CMakeFiles/HNU_RM_DOWN.elf.dir/UserLib/Algorithm/controller.c.obj
                0x08005218                PID_Calculate
 .text.Feedforward_Calculate
                0x0800547e      0x116 CMakeFiles/HNU_RM_DOWN.elf.dir/UserLib/Algorithm/controller.c.obj
                0x0800547e                Feedforward_Calculate
 .text.LDOB_Calculate
                0x08005594      0x18e CMakeFiles/HNU_RM_DOWN.elf.dir/UserLib/Algorithm/controller.c.obj
                0x08005594                LDOB_Calculate
 *fill*         0x08005722        0x2 
 .text.key_fsm  0x08005724       0x98 CMakeFiles/HNU_RM_DOWN.elf.dir/UserLib/Algorithm/keyboard.c.obj
 .text.pc_kb_hook
                0x080057bc      0x28c CMakeFiles/HNU_RM_DOWN.elf.dir/UserLib/Algorithm/keyboard.c.obj
                0x080057bc                pc_kb_hook
 .text.float_constrain
                0x08005a48       0x20 CMakeFiles/HNU_RM_DOWN.elf.dir/UserLib/Algorithm/user_lib.c.obj
                0x08005a48                float_constrain
 .text.loop_float_constrain
                0x08005a68       0x4a CMakeFiles/HNU_RM_DOWN.elf.dir/UserLib/Algorithm/user_lib.c.obj
                0x08005a68                loop_float_constrain
 .text.OLS_Init
                0x08005ab2       0x5a CMakeFiles/HNU_RM_DOWN.elf.dir/UserLib/Algorithm/user_lib.c.obj
                0x08005ab2                OLS_Init
 .text.OLS_Derivative
                0x08005b0c      0x1f0 CMakeFiles/HNU_RM_DOWN.elf.dir/UserLib/Algorithm/user_lib.c.obj
                0x08005b0c                OLS_Derivative
 .text.Motor_Speed_Calculate
                0x08005cfc       0x90 CMakeFiles/HNU_RM_DOWN.elf.dir/UserLib/Motor/motor.c.obj
                0x08005cfc                Motor_Speed_Calculate
 .text.get_moto_info
                0x08005d8c       0xd8 CMakeFiles/HNU_RM_DOWN.elf.dir/UserLib/Motor/motor.c.obj
                0x08005d8c                get_moto_info
 .text.get_motor_offset
                0x08005e64       0x10 CMakeFiles/HNU_RM_DOWN.elf.dir/UserLib/Motor/motor.c.obj
                0x08005e64                get_motor_offset
 .text.Reset_Handler
                0x08005e74       0x50 CMakeFiles/HNU_RM_DOWN.elf.dir/startup/startup_stm32f407xx.s.obj
                0x08005e74                Reset_Handler
 .text.Default_Handler
                0x08005ec4        0x2 CMakeFiles/HNU_RM_DOWN.elf.dir/startup/startup_stm32f407xx.s.obj
                0x08005ec4                RTC_Alarm_IRQHandler
                0x08005ec4                HASH_RNG_IRQHandler
                0x08005ec4                EXTI2_IRQHandler
                0x08005ec4                TIM8_CC_IRQHandler
                0x08005ec4                TIM1_CC_IRQHandler
                0x08005ec4                DMA1_Stream5_IRQHandler
                0x08005ec4                PVD_IRQHandler
                0x08005ec4                SDIO_IRQHandler
                0x08005ec4                TAMP_STAMP_IRQHandler
                0x08005ec4                CAN2_RX1_IRQHandler
                0x08005ec4                EXTI3_IRQHandler
                0x08005ec4                TIM8_TRG_COM_TIM14_IRQHandler
                0x08005ec4                TIM1_UP_TIM10_IRQHandler
                0x08005ec4                TIM8_UP_TIM13_IRQHandler
                0x08005ec4                I2C3_ER_IRQHandler
                0x08005ec4                EXTI0_IRQHandler
                0x08005ec4                I2C2_EV_IRQHandler
                0x08005ec4                DMA1_Stream2_IRQHandler
                0x08005ec4                FPU_IRQHandler
                0x08005ec4                OTG_HS_WKUP_IRQHandler
                0x08005ec4                CAN2_SCE_IRQHandler
                0x08005ec4                DMA2_Stream2_IRQHandler
                0x08005ec4                SPI1_IRQHandler
                0x08005ec4                TIM6_DAC_IRQHandler
                0x08005ec4                TIM1_BRK_TIM9_IRQHandler
                0x08005ec4                DCMI_IRQHandler
                0x08005ec4                DMA2_Stream3_IRQHandler
                0x08005ec4                USART6_IRQHandler
                0x08005ec4                CAN1_RX1_IRQHandler
                0x08005ec4                UART5_IRQHandler
                0x08005ec4                DMA2_Stream0_IRQHandler
                0x08005ec4                TIM4_IRQHandler
                0x08005ec4                I2C1_EV_IRQHandler
                0x08005ec4                DMA1_Stream6_IRQHandler
                0x08005ec4                UART4_IRQHandler
                0x08005ec4                TIM3_IRQHandler
                0x08005ec4                RCC_IRQHandler
                0x08005ec4                TIM8_BRK_TIM12_IRQHandler
                0x08005ec4                Default_Handler
                0x08005ec4                EXTI15_10_IRQHandler
                0x08005ec4                ADC_IRQHandler
                0x08005ec4                DMA1_Stream7_IRQHandler
                0x08005ec4                TIM7_IRQHandler
                0x08005ec4                CAN2_TX_IRQHandler
                0x08005ec4                TIM5_IRQHandler
                0x08005ec4                DMA2_Stream7_IRQHandler
                0x08005ec4                I2C3_EV_IRQHandler
                0x08005ec4                RTC_WKUP_IRQHandler
                0x08005ec4                ETH_WKUP_IRQHandler
                0x08005ec4                SPI2_IRQHandler
                0x08005ec4                OTG_HS_EP1_IN_IRQHandler
                0x08005ec4                DMA1_Stream0_IRQHandler
                0x08005ec4                CAN1_TX_IRQHandler
                0x08005ec4                FSMC_IRQHandler
                0x08005ec4                ETH_IRQHandler
                0x08005ec4                OTG_HS_EP1_OUT_IRQHandler
                0x08005ec4                WWDG_IRQHandler
                0x08005ec4                TIM2_IRQHandler
                0x08005ec4                OTG_FS_WKUP_IRQHandler
                0x08005ec4                TIM1_TRG_COM_TIM11_IRQHandler
                0x08005ec4                OTG_HS_IRQHandler
                0x08005ec4                EXTI1_IRQHandler
                0x08005ec4                USART2_IRQHandler
                0x08005ec4                I2C2_ER_IRQHandler
                0x08005ec4                CAN1_SCE_IRQHandler
                0x08005ec4                FLASH_IRQHandler
                0x08005ec4                DMA2_Stream4_IRQHandler
                0x08005ec4                OTG_FS_IRQHandler
                0x08005ec4                SPI3_IRQHandler
                0x08005ec4                DMA1_Stream4_IRQHandler
                0x08005ec4                I2C1_ER_IRQHandler
                0x08005ec4                DMA1_Stream3_IRQHandler
 *fill*         0x08005ec6        0x2 
 .text.__libc_init_array
                0x08005ec8       0x48 d:/clion-environment/10 2021.10/bin/../lib/gcc/arm-none-eabi/10.3.1/../../../../arm-none-eabi/lib/thumb/v7e-m+fp/hard\libg.a(lib_a-init.o)
                0x08005ec8                __libc_init_array
 .text.memset   0x08005f10       0xa4 d:/clion-environment/10 2021.10/bin/../lib/gcc/arm-none-eabi/10.3.1/../../../../arm-none-eabi/lib/thumb/v7e-m+fp/hard\libg.a(lib_a-memset.o)
                0x08005f10                memset
 .text.startup.register_fini
                0x08005fb4       0x14 d:/clion-environment/10 2021.10/bin/../lib/gcc/arm-none-eabi/10.3.1/../../../../arm-none-eabi/lib/thumb/v7e-m+fp/hard\libg.a(lib_a-__call_atexit.o)
 .text.atexit   0x08005fc8        0xc d:/clion-environment/10 2021.10/bin/../lib/gcc/arm-none-eabi/10.3.1/../../../../arm-none-eabi/lib/thumb/v7e-m+fp/hard\libg.a(lib_a-atexit.o)
                0x08005fc8                atexit
 .text.__libc_fini_array
                0x08005fd4       0x2c d:/clion-environment/10 2021.10/bin/../lib/gcc/arm-none-eabi/10.3.1/../../../../arm-none-eabi/lib/thumb/v7e-m+fp/hard\libg.a(lib_a-fini.o)
                0x08005fd4                __libc_fini_array
 .text.__retarget_lock_acquire_recursive
                0x08006000        0x4 d:/clion-environment/10 2021.10/bin/../lib/gcc/arm-none-eabi/10.3.1/../../../../arm-none-eabi/lib/thumb/v7e-m+fp/hard\libg.a(lib_a-lock.o)
                0x08006000                __retarget_lock_acquire_recursive
 .text.__retarget_lock_release_recursive
                0x08006004        0x4 d:/clion-environment/10 2021.10/bin/../lib/gcc/arm-none-eabi/10.3.1/../../../../arm-none-eabi/lib/thumb/v7e-m+fp/hard\libg.a(lib_a-lock.o)
                0x08006004                __retarget_lock_release_recursive
 .text.__register_exitproc
                0x08006008       0x8c d:/clion-environment/10 2021.10/bin/../lib/gcc/arm-none-eabi/10.3.1/../../../../arm-none-eabi/lib/thumb/v7e-m+fp/hard\libg.a(lib_a-__atexit.o)
                0x08006008                __register_exitproc
 .text.cosf     0x08006094       0x70 d:/clion-environment/10 2021.10/bin/../lib/gcc/arm-none-eabi/10.3.1/../../../../arm-none-eabi/lib/thumb/v7e-m+fp/hard\libm.a(lib_a-sf_cos.o)
                0x08006094                cosf
 .text.sinf     0x08006104       0x74 d:/clion-environment/10 2021.10/bin/../lib/gcc/arm-none-eabi/10.3.1/../../../../arm-none-eabi/lib/thumb/v7e-m+fp/hard\libm.a(lib_a-sf_sin.o)
                0x08006104                sinf
 .text.__ieee754_rem_pio2f
                0x08006178      0x264 d:/clion-environment/10 2021.10/bin/../lib/gcc/arm-none-eabi/10.3.1/../../../../arm-none-eabi/lib/thumb/v7e-m+fp/hard\libm.a(lib_a-ef_rem_pio2.o)
                0x08006178                __ieee754_rem_pio2f
 .text.__kernel_cosf
                0x080063dc      0x104 d:/clion-environment/10 2021.10/bin/../lib/gcc/arm-none-eabi/10.3.1/../../../../arm-none-eabi/lib/thumb/v7e-m+fp/hard\libm.a(lib_a-kf_cos.o)
                0x080063dc                __kernel_cosf
 .text.__kernel_rem_pio2f
                0x080064e0      0x674 d:/clion-environment/10 2021.10/bin/../lib/gcc/arm-none-eabi/10.3.1/../../../../arm-none-eabi/lib/thumb/v7e-m+fp/hard\libm.a(lib_a-kf_rem_pio2.o)
                0x080064e0                __kernel_rem_pio2f
 .text.__kernel_sinf
                0x08006b54       0x90 d:/clion-environment/10 2021.10/bin/../lib/gcc/arm-none-eabi/10.3.1/../../../../arm-none-eabi/lib/thumb/v7e-m+fp/hard\libm.a(lib_a-kf_sin.o)
                0x08006b54                __kernel_sinf
 .text.fabsf    0x08006be4       0x10 d:/clion-environment/10 2021.10/bin/../lib/gcc/arm-none-eabi/10.3.1/../../../../arm-none-eabi/lib/thumb/v7e-m+fp/hard\libm.a(lib_a-sf_fabs.o)
                0x08006be4                fabsf
 .text.floorf   0x08006bf4       0x8c d:/clion-environment/10 2021.10/bin/../lib/gcc/arm-none-eabi/10.3.1/../../../../arm-none-eabi/lib/thumb/v7e-m+fp/hard\libm.a(lib_a-sf_floor.o)
                0x08006bf4                floorf
 .text.scalbnf  0x08006c80       0xe4 d:/clion-environment/10 2021.10/bin/../lib/gcc/arm-none-eabi/10.3.1/../../../../arm-none-eabi/lib/thumb/v7e-m+fp/hard\libm.a(lib_a-sf_scalbn.o)
                0x08006c80                scalbnf
 *(.glue_7)
 .glue_7        0x08006d64        0x0 linker stubs
 *(.glue_7t)
 .glue_7t       0x08006d64        0x0 linker stubs
 *(.eh_frame)
 .eh_frame      0x08006d64        0x0 d:/clion-environment/10 2021.10/bin/../lib/gcc/arm-none-eabi/10.3.1/thumb/v7e-m+fp/hard/crtbegin.o
 *(.init)
 .init          0x08006d64        0x4 d:/clion-environment/10 2021.10/bin/../lib/gcc/arm-none-eabi/10.3.1/thumb/v7e-m+fp/hard/crti.o
                0x08006d64                _init
 .init          0x08006d68        0x8 d:/clion-environment/10 2021.10/bin/../lib/gcc/arm-none-eabi/10.3.1/thumb/v7e-m+fp/hard/crtn.o
 *(.fini)
 .fini          0x08006d70        0x4 d:/clion-environment/10 2021.10/bin/../lib/gcc/arm-none-eabi/10.3.1/thumb/v7e-m+fp/hard/crti.o
                0x08006d70                _fini
 .fini          0x08006d74        0x8 d:/clion-environment/10 2021.10/bin/../lib/gcc/arm-none-eabi/10.3.1/thumb/v7e-m+fp/hard/crtn.o
                0x08006d7c                . = ALIGN (0x4)
                0x08006d7c                _etext = .

.vfp11_veneer   0x08006d7c        0x0
 .vfp11_veneer  0x08006d7c        0x0 linker stubs

.v4_bx          0x08006d7c        0x0
 .v4_bx         0x08006d7c        0x0 linker stubs

.iplt           0x08006d7c        0x0
 .iplt          0x08006d7c        0x0 d:/clion-environment/10 2021.10/bin/../lib/gcc/arm-none-eabi/10.3.1/thumb/v7e-m+fp/hard/crtbegin.o

.rodata         0x08006d7c      0x4d8
                0x08006d7c                . = ALIGN (0x4)
 *(.rodata)
 .rodata        0x08006d7c       0x8c CMakeFiles/HNU_RM_DOWN.elf.dir/Core/Src/freertos.c.obj
 .rodata        0x08006e08        0x8 CMakeFiles/HNU_RM_DOWN.elf.dir/Tasks/Src/Chassis.c.obj
 *(.rodata*)
 .rodata.str1.4
                0x08006e10       0x45 CMakeFiles/HNU_RM_DOWN.elf.dir/Core/Src/freertos.c.obj
 *fill*         0x08006e55        0x3 
 .rodata.AHBPrescTable
                0x08006e58       0x10 CMakeFiles/HNU_RM_DOWN.elf.dir/Core/Src/system_stm32f4xx.c.obj
                0x08006e58                AHBPrescTable
 .rodata.APBPrescTable
                0x08006e68        0x8 CMakeFiles/HNU_RM_DOWN.elf.dir/Core/Src/system_stm32f4xx.c.obj
                0x08006e68                APBPrescTable
 .rodata.flagBitshiftOffset.0
                0x08006e70        0x8 CMakeFiles/HNU_RM_DOWN.elf.dir/Drivers/STM32F4xx_HAL_Driver/Src/stm32f4xx_hal_dma.c.obj
 .rodata.vTaskStartScheduler.str1.4
                0x08006e78        0x5 CMakeFiles/HNU_RM_DOWN.elf.dir/Middlewares/Third_Party/FreeRTOS/Source/tasks.c.obj
 *fill*         0x08006e7d        0x3 
 .rodata._global_impure_ptr
                0x08006e80        0x4 d:/clion-environment/10 2021.10/bin/../lib/gcc/arm-none-eabi/10.3.1/../../../../arm-none-eabi/lib/thumb/v7e-m+fp/hard\libg.a(lib_a-impure.o)
                0x08006e80                _global_impure_ptr
 .rodata.npio2_hw
                0x08006e84       0x80 d:/clion-environment/10 2021.10/bin/../lib/gcc/arm-none-eabi/10.3.1/../../../../arm-none-eabi/lib/thumb/v7e-m+fp/hard\libm.a(lib_a-ef_rem_pio2.o)
 .rodata.two_over_pi
                0x08006f04      0x318 d:/clion-environment/10 2021.10/bin/../lib/gcc/arm-none-eabi/10.3.1/../../../../arm-none-eabi/lib/thumb/v7e-m+fp/hard\libm.a(lib_a-ef_rem_pio2.o)
 .rodata.PIo2   0x0800721c       0x2c d:/clion-environment/10 2021.10/bin/../lib/gcc/arm-none-eabi/10.3.1/../../../../arm-none-eabi/lib/thumb/v7e-m+fp/hard\libm.a(lib_a-kf_rem_pio2.o)
 .rodata.init_jk
                0x08007248        0xc d:/clion-environment/10 2021.10/bin/../lib/gcc/arm-none-eabi/10.3.1/../../../../arm-none-eabi/lib/thumb/v7e-m+fp/hard\libm.a(lib_a-kf_rem_pio2.o)
                0x08007254                . = ALIGN (0x4)

.ARM.extab
 *(.ARM.extab* .gnu.linkonce.armextab.*)

.ARM            0x08007254        0x8
                0x08007254                __exidx_start = .
 *(.ARM.exidx*)
 .ARM.exidx     0x08007254        0x8 d:/clion-environment/10 2021.10/bin/../lib/gcc/arm-none-eabi/10.3.1/thumb/v7e-m+fp/hard\libgcc.a(_udivmoddi4.o)
                0x0800725c                __exidx_end = .

.rel.dyn        0x0800725c        0x0
 .rel.iplt      0x0800725c        0x0 d:/clion-environment/10 2021.10/bin/../lib/gcc/arm-none-eabi/10.3.1/thumb/v7e-m+fp/hard/crtbegin.o

.preinit_array  0x0800725c        0x0
                0x0800725c                PROVIDE (__preinit_array_start = .)
 *(.preinit_array*)
                0x0800725c                PROVIDE (__preinit_array_end = .)

.init_array     0x0800725c        0x8
                0x0800725c                PROVIDE (__init_array_start = .)
 *(SORT_BY_NAME(.init_array.*))
 .init_array.00000
                0x0800725c        0x4 d:/clion-environment/10 2021.10/bin/../lib/gcc/arm-none-eabi/10.3.1/../../../../arm-none-eabi/lib/thumb/v7e-m+fp/hard\libg.a(lib_a-__call_atexit.o)
 *(.init_array*)
 .init_array    0x08007260        0x4 d:/clion-environment/10 2021.10/bin/../lib/gcc/arm-none-eabi/10.3.1/thumb/v7e-m+fp/hard/crtbegin.o
                0x08007264                PROVIDE (__init_array_end = .)

.fini_array     0x08007264        0x4
                0x08007264                PROVIDE (__fini_array_start = .)
 *(SORT_BY_NAME(.fini_array.*))
 *(.fini_array*)
 .fini_array    0x08007264        0x4 d:/clion-environment/10 2021.10/bin/../lib/gcc/arm-none-eabi/10.3.1/thumb/v7e-m+fp/hard/crtbegin.o
                0x08007268                PROVIDE (__fini_array_end = .)
                0x08007268                _sidata = LOADADDR (.data)

.data           0x20000000      0x444 load address 0x08007268
                0x20000000                . = ALIGN (0x4)
                0x20000000                _sdata = .
 *(.data)
 *(.data*)
 .data.SystemCoreClock
                0x20000000        0x4 CMakeFiles/HNU_RM_DOWN.elf.dir/Core/Src/system_stm32f4xx.c.obj
                0x20000000                SystemCoreClock
 .data.uwTickFreq
                0x20000004        0x1 CMakeFiles/HNU_RM_DOWN.elf.dir/Drivers/STM32F4xx_HAL_Driver/Src/stm32f4xx_hal.c.obj
                0x20000004                uwTickFreq
 *fill*         0x20000005        0x3 
 .data.uwTickPrio
                0x20000008        0x4 CMakeFiles/HNU_RM_DOWN.elf.dir/Drivers/STM32F4xx_HAL_Driver/Src/stm32f4xx_hal.c.obj
                0x20000008                uwTickPrio
 .data.uxCriticalNesting
                0x2000000c        0x4 CMakeFiles/HNU_RM_DOWN.elf.dir/Middlewares/Third_Party/FreeRTOS/Source/portable/GCC/ARM_CM4F/port.c.obj
 .data.delta_spd
                0x20000010        0x2 CMakeFiles/HNU_RM_DOWN.elf.dir/UserLib/Algorithm/keyboard.c.obj
                0x20000010                delta_spd
 *fill*         0x20000012        0x6 
 .data.impure_data
                0x20000018      0x428 d:/clion-environment/10 2021.10/bin/../lib/gcc/arm-none-eabi/10.3.1/../../../../arm-none-eabi/lib/thumb/v7e-m+fp/hard\libg.a(lib_a-impure.o)
 .data.__atexit_recursive_mutex
                0x20000440        0x4 d:/clion-environment/10 2021.10/bin/../lib/gcc/arm-none-eabi/10.3.1/../../../../arm-none-eabi/lib/thumb/v7e-m+fp/hard\libg.a(lib_a-__call_atexit.o)
                0x20000440                __atexit_recursive_mutex
                0x20000444                . = ALIGN (0x4)
                0x20000444                _edata = .
                0x080076ac                _siccmram = LOADADDR (.ccmram)

.igot.plt       0x20000444        0x0 load address 0x080076ac
 .igot.plt      0x20000444        0x0 d:/clion-environment/10 2021.10/bin/../lib/gcc/arm-none-eabi/10.3.1/thumb/v7e-m+fp/hard/crtbegin.o

.ccmram         0x10000000       0x10 load address 0x080076ac
                0x10000000                . = ALIGN (0x4)
                0x10000000                _sccmram = .
 *(.ccmram)
 .ccmram        0x10000000       0x10 CMakeFiles/HNU_RM_DOWN.elf.dir/Tasks/Src/BSP/bsp_can.c.obj
                0x10000000                PowerData
 *(.ccmram*)
                0x10000010                . = ALIGN (0x4)
                0x10000010                _eccmram = .
                0x10000010                . = ALIGN (0x4)

.bss            0x20000444     0x9378
                0x20000444                _sbss = .
                0x20000444                __bss_start__ = _sbss
 *(.bss)
 .bss           0x20000444       0x1c d:/clion-environment/10 2021.10/bin/../lib/gcc/arm-none-eabi/10.3.1/thumb/v7e-m+fp/hard/crtbegin.o
 *(.bss*)
 .bss.HAL_RCC_CAN1_CLK_ENABLED
                0x20000460        0x4 CMakeFiles/HNU_RM_DOWN.elf.dir/Core/Src/can.c.obj
 .bss.hcan1     0x20000464       0x28 CMakeFiles/HNU_RM_DOWN.elf.dir/Core/Src/can.c.obj
                0x20000464                hcan1
 .bss.hcan2     0x2000048c       0x28 CMakeFiles/HNU_RM_DOWN.elf.dir/Core/Src/can.c.obj
                0x2000048c                hcan2
 .bss.CHASSIS_TASKHandle
                0x200004b4        0x4 CMakeFiles/HNU_RM_DOWN.elf.dir/Core/Src/freertos.c.obj
                0x200004b4                CHASSIS_TASKHandle
 .bss.DEBUG_TASKHandle
                0x200004b8        0x4 CMakeFiles/HNU_RM_DOWN.elf.dir/Core/Src/freertos.c.obj
                0x200004b8                DEBUG_TASKHandle
 .bss.DETECT_TASKHandle
                0x200004bc        0x4 CMakeFiles/HNU_RM_DOWN.elf.dir/Core/Src/freertos.c.obj
                0x200004bc                DETECT_TASKHandle
 .bss.REFEREE_TASKHandle
                0x200004c0        0x4 CMakeFiles/HNU_RM_DOWN.elf.dir/Core/Src/freertos.c.obj
                0x200004c0                REFEREE_TASKHandle
 .bss.TRANSMISSIONHandle
                0x200004c4        0x4 CMakeFiles/HNU_RM_DOWN.elf.dir/Core/Src/freertos.c.obj
                0x200004c4                TRANSMISSIONHandle
 .bss.xIdleStack
                0x200004c8      0x200 CMakeFiles/HNU_RM_DOWN.elf.dir/Core/Src/freertos.c.obj
 .bss.xIdleTaskTCBBuffer
                0x200006c8       0x54 CMakeFiles/HNU_RM_DOWN.elf.dir/Core/Src/freertos.c.obj
 .bss.hdma_spi1_rx
                0x2000071c       0x60 CMakeFiles/HNU_RM_DOWN.elf.dir/Core/Src/spi.c.obj
                0x2000071c                hdma_spi1_rx
 .bss.hdma_spi1_tx
                0x2000077c       0x60 CMakeFiles/HNU_RM_DOWN.elf.dir/Core/Src/spi.c.obj
                0x2000077c                hdma_spi1_tx
 .bss.hspi1     0x200007dc       0x58 CMakeFiles/HNU_RM_DOWN.elf.dir/Core/Src/spi.c.obj
                0x200007dc                hspi1
 .bss.this_time_rx_len.0
                0x20000834        0x2 CMakeFiles/HNU_RM_DOWN.elf.dir/Core/Src/stm32f4xx_it.c.obj
 *fill*         0x20000836        0x2 
 .bss.hdma_usart1_rx
                0x20000838       0x60 CMakeFiles/HNU_RM_DOWN.elf.dir/Core/Src/usart.c.obj
                0x20000838                hdma_usart1_rx
 .bss.hdma_usart3_rx
                0x20000898       0x60 CMakeFiles/HNU_RM_DOWN.elf.dir/Core/Src/usart.c.obj
                0x20000898                hdma_usart3_rx
 .bss.hdma_usart6_rx
                0x200008f8       0x60 CMakeFiles/HNU_RM_DOWN.elf.dir/Core/Src/usart.c.obj
                0x200008f8                hdma_usart6_rx
 .bss.hdma_usart6_tx
                0x20000958       0x60 CMakeFiles/HNU_RM_DOWN.elf.dir/Core/Src/usart.c.obj
                0x20000958                hdma_usart6_tx
 .bss.huart1    0x200009b8       0x44 CMakeFiles/HNU_RM_DOWN.elf.dir/Core/Src/usart.c.obj
                0x200009b8                huart1
 .bss.huart3    0x200009fc       0x44 CMakeFiles/HNU_RM_DOWN.elf.dir/Core/Src/usart.c.obj
                0x200009fc                huart3
 .bss.huart6    0x20000a40       0x44 CMakeFiles/HNU_RM_DOWN.elf.dir/Core/Src/usart.c.obj
                0x20000a40                huart6
 .bss.uwTick    0x20000a84        0x4 CMakeFiles/HNU_RM_DOWN.elf.dir/Drivers/STM32F4xx_HAL_Driver/Src/stm32f4xx_hal.c.obj
                0x20000a84                uwTick
 .bss.ucMaxSysCallPriority
                0x20000a88        0x1 CMakeFiles/HNU_RM_DOWN.elf.dir/Middlewares/Third_Party/FreeRTOS/Source/portable/GCC/ARM_CM4F/port.c.obj
 *fill*         0x20000a89        0x3 
 .bss.ulMaxPRIGROUPValue
                0x20000a8c        0x4 CMakeFiles/HNU_RM_DOWN.elf.dir/Middlewares/Third_Party/FreeRTOS/Source/portable/GCC/ARM_CM4F/port.c.obj
 .bss.pxEnd     0x20000a90        0x4 CMakeFiles/HNU_RM_DOWN.elf.dir/Middlewares/Third_Party/FreeRTOS/Source/portable/MemMang/heap_4.c.obj
 .bss.ucHeap    0x20000a94     0x7800 CMakeFiles/HNU_RM_DOWN.elf.dir/Middlewares/Third_Party/FreeRTOS/Source/portable/MemMang/heap_4.c.obj
 .bss.xBlockAllocatedBit
                0x20008294        0x4 CMakeFiles/HNU_RM_DOWN.elf.dir/Middlewares/Third_Party/FreeRTOS/Source/portable/MemMang/heap_4.c.obj
 .bss.xFreeBytesRemaining
                0x20008298        0x4 CMakeFiles/HNU_RM_DOWN.elf.dir/Middlewares/Third_Party/FreeRTOS/Source/portable/MemMang/heap_4.c.obj
 .bss.xMinimumEverFreeBytesRemaining
                0x2000829c        0x4 CMakeFiles/HNU_RM_DOWN.elf.dir/Middlewares/Third_Party/FreeRTOS/Source/portable/MemMang/heap_4.c.obj
 .bss.xNumberOfSuccessfulAllocations
                0x200082a0        0x4 CMakeFiles/HNU_RM_DOWN.elf.dir/Middlewares/Third_Party/FreeRTOS/Source/portable/MemMang/heap_4.c.obj
 .bss.xNumberOfSuccessfulFrees
                0x200082a4        0x4 CMakeFiles/HNU_RM_DOWN.elf.dir/Middlewares/Third_Party/FreeRTOS/Source/portable/MemMang/heap_4.c.obj
 .bss.xStart    0x200082a8        0x8 CMakeFiles/HNU_RM_DOWN.elf.dir/Middlewares/Third_Party/FreeRTOS/Source/portable/MemMang/heap_4.c.obj
 .bss.pxCurrentTCB
                0x200082b0        0x4 CMakeFiles/HNU_RM_DOWN.elf.dir/Middlewares/Third_Party/FreeRTOS/Source/tasks.c.obj
                0x200082b0                pxCurrentTCB
 .bss.pxDelayedTaskList
                0x200082b4        0x4 CMakeFiles/HNU_RM_DOWN.elf.dir/Middlewares/Third_Party/FreeRTOS/Source/tasks.c.obj
 .bss.pxOverflowDelayedTaskList
                0x200082b8        0x4 CMakeFiles/HNU_RM_DOWN.elf.dir/Middlewares/Third_Party/FreeRTOS/Source/tasks.c.obj
 .bss.pxReadyTasksLists
                0x200082bc       0x8c CMakeFiles/HNU_RM_DOWN.elf.dir/Middlewares/Third_Party/FreeRTOS/Source/tasks.c.obj
 .bss.uxCurrentNumberOfTasks
                0x20008348        0x4 CMakeFiles/HNU_RM_DOWN.elf.dir/Middlewares/Third_Party/FreeRTOS/Source/tasks.c.obj
 .bss.uxDeletedTasksWaitingCleanUp
                0x2000834c        0x4 CMakeFiles/HNU_RM_DOWN.elf.dir/Middlewares/Third_Party/FreeRTOS/Source/tasks.c.obj
 .bss.uxSchedulerSuspended
                0x20008350        0x4 CMakeFiles/HNU_RM_DOWN.elf.dir/Middlewares/Third_Party/FreeRTOS/Source/tasks.c.obj
 .bss.uxTaskNumber
                0x20008354        0x4 CMakeFiles/HNU_RM_DOWN.elf.dir/Middlewares/Third_Party/FreeRTOS/Source/tasks.c.obj
 .bss.uxTopReadyPriority
                0x20008358        0x4 CMakeFiles/HNU_RM_DOWN.elf.dir/Middlewares/Third_Party/FreeRTOS/Source/tasks.c.obj
 .bss.xDelayedTaskList1
                0x2000835c       0x14 CMakeFiles/HNU_RM_DOWN.elf.dir/Middlewares/Third_Party/FreeRTOS/Source/tasks.c.obj
 .bss.xDelayedTaskList2
                0x20008370       0x14 CMakeFiles/HNU_RM_DOWN.elf.dir/Middlewares/Third_Party/FreeRTOS/Source/tasks.c.obj
 .bss.xIdleTaskHandle
                0x20008384        0x4 CMakeFiles/HNU_RM_DOWN.elf.dir/Middlewares/Third_Party/FreeRTOS/Source/tasks.c.obj
 .bss.xNextTaskUnblockTime
                0x20008388        0x4 CMakeFiles/HNU_RM_DOWN.elf.dir/Middlewares/Third_Party/FreeRTOS/Source/tasks.c.obj
 .bss.xNumOfOverflows
                0x2000838c        0x4 CMakeFiles/HNU_RM_DOWN.elf.dir/Middlewares/Third_Party/FreeRTOS/Source/tasks.c.obj
 .bss.xPendedTicks
                0x20008390        0x4 CMakeFiles/HNU_RM_DOWN.elf.dir/Middlewares/Third_Party/FreeRTOS/Source/tasks.c.obj
 .bss.xPendingReadyList
                0x20008394       0x14 CMakeFiles/HNU_RM_DOWN.elf.dir/Middlewares/Third_Party/FreeRTOS/Source/tasks.c.obj
 .bss.xSchedulerRunning
                0x200083a8        0x4 CMakeFiles/HNU_RM_DOWN.elf.dir/Middlewares/Third_Party/FreeRTOS/Source/tasks.c.obj
 .bss.xSuspendedTaskList
                0x200083ac       0x14 CMakeFiles/HNU_RM_DOWN.elf.dir/Middlewares/Third_Party/FreeRTOS/Source/tasks.c.obj
 .bss.xTasksWaitingTermination
                0x200083c0       0x14 CMakeFiles/HNU_RM_DOWN.elf.dir/Middlewares/Third_Party/FreeRTOS/Source/tasks.c.obj
 .bss.xTickCount
                0x200083d4        0x4 CMakeFiles/HNU_RM_DOWN.elf.dir/Middlewares/Third_Party/FreeRTOS/Source/tasks.c.obj
 .bss.xYieldPending
                0x200083d8        0x4 CMakeFiles/HNU_RM_DOWN.elf.dir/Middlewares/Third_Party/FreeRTOS/Source/tasks.c.obj
 .bss.tx_message
                0x200083dc       0x18 CMakeFiles/HNU_RM_DOWN.elf.dir/Tasks/Src/BSP/bsp_can.c.obj
 .bss.CPU_FREQ_Hz
                0x200083f4        0x4 CMakeFiles/HNU_RM_DOWN.elf.dir/Tasks/Src/BSP/bsp_dwt.c.obj
 .bss.CPU_FREQ_Hz_ms
                0x200083f8        0x4 CMakeFiles/HNU_RM_DOWN.elf.dir/Tasks/Src/BSP/bsp_dwt.c.obj
 .bss.CPU_FREQ_Hz_us
                0x200083fc        0x4 CMakeFiles/HNU_RM_DOWN.elf.dir/Tasks/Src/BSP/bsp_dwt.c.obj
 .bss.CYCCNT_LAST
                0x20008400        0x4 CMakeFiles/HNU_RM_DOWN.elf.dir/Tasks/Src/BSP/bsp_dwt.c.obj
 .bss.CYCCNT_RountCount
                0x20008404        0x4 CMakeFiles/HNU_RM_DOWN.elf.dir/Tasks/Src/BSP/bsp_dwt.c.obj
 .bss.robot_status
                0x20008408       0x1b CMakeFiles/HNU_RM_DOWN.elf.dir/Tasks/Src/BSP/bsp_referee_UI/Referee_system.c.obj
                0x20008408                robot_status
 *fill*         0x20008423        0x1 
 .bss.rc        0x20008424       0x16 CMakeFiles/HNU_RM_DOWN.elf.dir/Tasks/Src/BSP/bsp_uart.c.obj
                0x20008424                rc
 *fill*         0x2000843a        0x2 
 .bss.sbus_rx_buf
                0x2000843c       0x48 CMakeFiles/HNU_RM_DOWN.elf.dir/Tasks/Src/BSP/bsp_uart.c.obj
                0x2000843c                sbus_rx_buf
 .bss.chassis   0x20008484       0x14 CMakeFiles/HNU_RM_DOWN.elf.dir/Tasks/Src/Chassis.c.obj
                0x20008484                chassis
 .bss.chassis_moto_current
                0x20008498        0x8 CMakeFiles/HNU_RM_DOWN.elf.dir/Tasks/Src/Chassis.c.obj
                0x20008498                chassis_moto_current
 .bss.chassis_moto_speed_ref
                0x200084a0        0x8 CMakeFiles/HNU_RM_DOWN.elf.dir/Tasks/Src/Chassis.c.obj
                0x200084a0                chassis_moto_speed_ref
 .bss.chassis_motor
                0x200084a8     0x1220 CMakeFiles/HNU_RM_DOWN.elf.dir/Tasks/Src/Chassis.c.obj
                0x200084a8                chassis_motor
 .bss.data.3    0x200096c8        0x8 CMakeFiles/HNU_RM_DOWN.elf.dir/Tasks/Src/Chassis.c.obj
 .bss.data.4    0x200096d0       0x10 CMakeFiles/HNU_RM_DOWN.elf.dir/Tasks/Src/Chassis.c.obj
 .bss.rotate_follow
                0x200096e0       0xaa CMakeFiles/HNU_RM_DOWN.elf.dir/Tasks/Src/Chassis.c.obj
                0x200096e0                rotate_follow
 .bss.spin_flag
                0x2000978a        0x1 CMakeFiles/HNU_RM_DOWN.elf.dir/Tasks/Src/Chassis.c.obj
                0x2000978a                spin_flag
 *fill*         0x2000978b        0x1 
 .bss.yaw_relative_angle
                0x2000978c        0x4 CMakeFiles/HNU_RM_DOWN.elf.dir/Tasks/Src/Chassis.c.obj
                0x2000978c                yaw_relative_angle
 .bss.temp_Iout.8
                0x20009790        0x4 CMakeFiles/HNU_RM_DOWN.elf.dir/UserLib/Algorithm/controller.c.obj
 .bss.temp_Output.7
                0x20009794        0x4 CMakeFiles/HNU_RM_DOWN.elf.dir/UserLib/Algorithm/controller.c.obj
 .bss.km        0x20009798       0x1c CMakeFiles/HNU_RM_DOWN.elf.dir/UserLib/Algorithm/keyboard.c.obj
                0x20009798                km
 .bss.temp.1    0x200097b4        0x4 CMakeFiles/HNU_RM_DOWN.elf.dir/UserLib/Algorithm/user_lib.c.obj
 .bss.__lock___atexit_recursive_mutex
                0x200097b8        0x1 d:/clion-environment/10 2021.10/bin/../lib/gcc/arm-none-eabi/10.3.1/../../../../arm-none-eabi/lib/thumb/v7e-m+fp/hard\libg.a(lib_a-lock.o)
                0x200097b8                __lock___atexit_recursive_mutex
 *(COMMON)
                0x200097bc                . = ALIGN (0x4)
 *fill*         0x200097b9        0x3 
                0x200097bc                _ebss = .
                0x200097bc                __bss_end__ = _ebss

._user_heap_stack
                0x200097bc     0x4004
                0x200097c0                . = ALIGN (0x8)
 *fill*         0x200097bc        0x4 
                0x200097c0                PROVIDE (end = .)
                [!provide]                PROVIDE (_end = .)
                0x2000b7c0                . = (. + _Min_Heap_Size)
 *fill*         0x200097c0     0x2000 
                0x2000d7c0                . = (. + _Min_Stack_Size)
 *fill*         0x2000b7c0     0x2000 
                0x2000d7c0                . = ALIGN (0x8)

/DISCARD/
 libc.a(*)
 libm.a(*)
 libgcc.a(*)

.ARM.attributes
                0x00000000       0x30
 *(.ARM.attributes)
 .ARM.attributes
                0x00000000       0x1e d:/clion-environment/10 2021.10/bin/../lib/gcc/arm-none-eabi/10.3.1/thumb/v7e-m+fp/hard/crti.o
 .ARM.attributes
                0x0000001e       0x34 d:/clion-environment/10 2021.10/bin/../lib/gcc/arm-none-eabi/10.3.1/thumb/v7e-m+fp/hard/crtbegin.o
 .ARM.attributes
                0x00000052       0x34 CMakeFiles/HNU_RM_DOWN.elf.dir/Core/Src/can.c.obj
 .ARM.attributes
                0x00000086       0x34 CMakeFiles/HNU_RM_DOWN.elf.dir/Core/Src/dma.c.obj
 .ARM.attributes
                0x000000ba       0x34 CMakeFiles/HNU_RM_DOWN.elf.dir/Core/Src/freertos.c.obj
 .ARM.attributes
                0x000000ee       0x34 CMakeFiles/HNU_RM_DOWN.elf.dir/Core/Src/gpio.c.obj
 .ARM.attributes
                0x00000122       0x34 CMakeFiles/HNU_RM_DOWN.elf.dir/Core/Src/main.c.obj
 .ARM.attributes
                0x00000156       0x34 CMakeFiles/HNU_RM_DOWN.elf.dir/Core/Src/spi.c.obj
 .ARM.attributes
                0x0000018a       0x34 CMakeFiles/HNU_RM_DOWN.elf.dir/Core/Src/stm32f4xx_hal_msp.c.obj
 .ARM.attributes
                0x000001be       0x34 CMakeFiles/HNU_RM_DOWN.elf.dir/Core/Src/stm32f4xx_it.c.obj
 .ARM.attributes
                0x000001f2       0x34 CMakeFiles/HNU_RM_DOWN.elf.dir/Core/Src/system_stm32f4xx.c.obj
 .ARM.attributes
                0x00000226       0x34 CMakeFiles/HNU_RM_DOWN.elf.dir/Core/Src/usart.c.obj
 .ARM.attributes
                0x0000025a       0x34 CMakeFiles/HNU_RM_DOWN.elf.dir/Drivers/STM32F4xx_HAL_Driver/Src/stm32f4xx_hal.c.obj
 .ARM.attributes
                0x0000028e       0x34 CMakeFiles/HNU_RM_DOWN.elf.dir/Drivers/STM32F4xx_HAL_Driver/Src/stm32f4xx_hal_can.c.obj
 .ARM.attributes
                0x000002c2       0x34 CMakeFiles/HNU_RM_DOWN.elf.dir/Drivers/STM32F4xx_HAL_Driver/Src/stm32f4xx_hal_cortex.c.obj
 .ARM.attributes
                0x000002f6       0x34 CMakeFiles/HNU_RM_DOWN.elf.dir/Drivers/STM32F4xx_HAL_Driver/Src/stm32f4xx_hal_dma.c.obj
 .ARM.attributes
                0x0000032a       0x34 CMakeFiles/HNU_RM_DOWN.elf.dir/Drivers/STM32F4xx_HAL_Driver/Src/stm32f4xx_hal_gpio.c.obj
 .ARM.attributes
                0x0000035e       0x34 CMakeFiles/HNU_RM_DOWN.elf.dir/Drivers/STM32F4xx_HAL_Driver/Src/stm32f4xx_hal_rcc.c.obj
 .ARM.attributes
                0x00000392       0x34 CMakeFiles/HNU_RM_DOWN.elf.dir/Drivers/STM32F4xx_HAL_Driver/Src/stm32f4xx_hal_spi.c.obj
 .ARM.attributes
                0x000003c6       0x34 CMakeFiles/HNU_RM_DOWN.elf.dir/Drivers/STM32F4xx_HAL_Driver/Src/stm32f4xx_hal_uart.c.obj
 .ARM.attributes
                0x000003fa       0x34 CMakeFiles/HNU_RM_DOWN.elf.dir/Middlewares/Third_Party/FreeRTOS/Source/CMSIS_RTOS/cmsis_os.c.obj
 .ARM.attributes
                0x0000042e       0x34 CMakeFiles/HNU_RM_DOWN.elf.dir/Middlewares/Third_Party/FreeRTOS/Source/list.c.obj
 .ARM.attributes
                0x00000462       0x34 CMakeFiles/HNU_RM_DOWN.elf.dir/Middlewares/Third_Party/FreeRTOS/Source/portable/GCC/ARM_CM4F/port.c.obj
 .ARM.attributes
                0x00000496       0x34 CMakeFiles/HNU_RM_DOWN.elf.dir/Middlewares/Third_Party/FreeRTOS/Source/portable/MemMang/heap_4.c.obj
 .ARM.attributes
                0x000004ca       0x34 CMakeFiles/HNU_RM_DOWN.elf.dir/Middlewares/Third_Party/FreeRTOS/Source/tasks.c.obj
 .ARM.attributes
                0x000004fe       0x34 CMakeFiles/HNU_RM_DOWN.elf.dir/Tasks/Src/BSP/bsp_can.c.obj
 .ARM.attributes
                0x00000532       0x34 CMakeFiles/HNU_RM_DOWN.elf.dir/Tasks/Src/BSP/bsp_dwt.c.obj
 .ARM.attributes
                0x00000566       0x34 CMakeFiles/HNU_RM_DOWN.elf.dir/Tasks/Src/BSP/bsp_referee_UI/Referee_system.c.obj
 .ARM.attributes
                0x0000059a       0x34 CMakeFiles/HNU_RM_DOWN.elf.dir/Tasks/Src/BSP/bsp_uart.c.obj
 .ARM.attributes
                0x000005ce       0x34 CMakeFiles/HNU_RM_DOWN.elf.dir/Tasks/Src/Chassis.c.obj
 .ARM.attributes
                0x00000602       0x34 CMakeFiles/HNU_RM_DOWN.elf.dir/Tasks/Src/Transmission.c.obj
 .ARM.attributes
                0x00000636       0x34 CMakeFiles/HNU_RM_DOWN.elf.dir/UserLib/Algorithm/controller.c.obj
 .ARM.attributes
                0x0000066a       0x34 CMakeFiles/HNU_RM_DOWN.elf.dir/UserLib/Algorithm/keyboard.c.obj
 .ARM.attributes
                0x0000069e       0x34 CMakeFiles/HNU_RM_DOWN.elf.dir/UserLib/Algorithm/user_lib.c.obj
 .ARM.attributes
                0x000006d2       0x34 CMakeFiles/HNU_RM_DOWN.elf.dir/UserLib/Motor/motor.c.obj
 .ARM.attributes
                0x00000706       0x21 CMakeFiles/HNU_RM_DOWN.elf.dir/startup/startup_stm32f407xx.s.obj
 .ARM.attributes
                0x00000727       0x1e d:/clion-environment/10 2021.10/bin/../lib/gcc/arm-none-eabi/10.3.1/thumb/v7e-m+fp/hard\libgcc.a(_arm_addsubdf3.o)
 .ARM.attributes
                0x00000745       0x1e d:/clion-environment/10 2021.10/bin/../lib/gcc/arm-none-eabi/10.3.1/thumb/v7e-m+fp/hard\libgcc.a(_arm_cmpdf2.o)
 .ARM.attributes
                0x00000763       0x1e d:/clion-environment/10 2021.10/bin/../lib/gcc/arm-none-eabi/10.3.1/thumb/v7e-m+fp/hard\libgcc.a(_aeabi_uldivmod.o)
 .ARM.attributes
                0x00000781       0x34 d:/clion-environment/10 2021.10/bin/../lib/gcc/arm-none-eabi/10.3.1/thumb/v7e-m+fp/hard\libgcc.a(_udivmoddi4.o)
 .ARM.attributes
                0x000007b5       0x1e d:/clion-environment/10 2021.10/bin/../lib/gcc/arm-none-eabi/10.3.1/thumb/v7e-m+fp/hard\libgcc.a(_dvmd_tls.o)
 .ARM.attributes
                0x000007d3       0x34 d:/clion-environment/10 2021.10/bin/../lib/gcc/arm-none-eabi/10.3.1/../../../../arm-none-eabi/lib/thumb/v7e-m+fp/hard\libg.a(lib_a-impure.o)
 .ARM.attributes
                0x00000807       0x34 d:/clion-environment/10 2021.10/bin/../lib/gcc/arm-none-eabi/10.3.1/../../../../arm-none-eabi/lib/thumb/v7e-m+fp/hard\libg.a(lib_a-init.o)
 .ARM.attributes
                0x0000083b       0x34 d:/clion-environment/10 2021.10/bin/../lib/gcc/arm-none-eabi/10.3.1/../../../../arm-none-eabi/lib/thumb/v7e-m+fp/hard\libg.a(lib_a-memset.o)
 .ARM.attributes
                0x0000086f       0x34 d:/clion-environment/10 2021.10/bin/../lib/gcc/arm-none-eabi/10.3.1/../../../../arm-none-eabi/lib/thumb/v7e-m+fp/hard\libg.a(lib_a-__call_atexit.o)
 .ARM.attributes
                0x000008a3       0x34 d:/clion-environment/10 2021.10/bin/../lib/gcc/arm-none-eabi/10.3.1/../../../../arm-none-eabi/lib/thumb/v7e-m+fp/hard\libg.a(lib_a-atexit.o)
 .ARM.attributes
                0x000008d7       0x34 d:/clion-environment/10 2021.10/bin/../lib/gcc/arm-none-eabi/10.3.1/../../../../arm-none-eabi/lib/thumb/v7e-m+fp/hard\libg.a(lib_a-fini.o)
 .ARM.attributes
                0x0000090b       0x34 d:/clion-environment/10 2021.10/bin/../lib/gcc/arm-none-eabi/10.3.1/../../../../arm-none-eabi/lib/thumb/v7e-m+fp/hard\libg.a(lib_a-lock.o)
 .ARM.attributes
                0x0000093f       0x34 d:/clion-environment/10 2021.10/bin/../lib/gcc/arm-none-eabi/10.3.1/../../../../arm-none-eabi/lib/thumb/v7e-m+fp/hard\libg.a(lib_a-__atexit.o)
 .ARM.attributes
                0x00000973       0x1e d:/clion-environment/10 2021.10/bin/../lib/gcc/arm-none-eabi/10.3.1/thumb/v7e-m+fp/hard/crtn.o
OUTPUT(HNU_RM_DOWN.elf elf32-littlearm)
LOAD linker stubs
LOAD d:/clion-environment/10 2021.10/bin/../lib/gcc/arm-none-eabi/10.3.1/../../../../arm-none-eabi/lib/thumb/v7e-m+fp/hard\libc.a
LOAD d:/clion-environment/10 2021.10/bin/../lib/gcc/arm-none-eabi/10.3.1/../../../../arm-none-eabi/lib/thumb/v7e-m+fp/hard\libm.a
LOAD d:/clion-environment/10 2021.10/bin/../lib/gcc/arm-none-eabi/10.3.1/thumb/v7e-m+fp/hard\libgcc.a

.debug_info     0x00000000    0x1e23d
 .debug_info    0x00000000      0xcb3 CMakeFiles/HNU_RM_DOWN.elf.dir/Core/Src/can.c.obj
 .debug_info    0x00000cb3      0x617 CMakeFiles/HNU_RM_DOWN.elf.dir/Core/Src/dma.c.obj
 .debug_info    0x000012ca      0x632 CMakeFiles/HNU_RM_DOWN.elf.dir/Core/Src/freertos.c.obj
 .debug_info    0x000018fc      0x836 CMakeFiles/HNU_RM_DOWN.elf.dir/Core/Src/gpio.c.obj
 .debug_info    0x00002132      0x688 CMakeFiles/HNU_RM_DOWN.elf.dir/Core/Src/main.c.obj
 .debug_info    0x000027ba      0xb06 CMakeFiles/HNU_RM_DOWN.elf.dir/Core/Src/spi.c.obj
 .debug_info    0x000032c0      0x4f8 CMakeFiles/HNU_RM_DOWN.elf.dir/Core/Src/stm32f4xx_hal_msp.c.obj
 .debug_info    0x000037b8      0xeef CMakeFiles/HNU_RM_DOWN.elf.dir/Core/Src/stm32f4xx_it.c.obj
 .debug_info    0x000046a7      0x538 CMakeFiles/HNU_RM_DOWN.elf.dir/Core/Src/system_stm32f4xx.c.obj
 .debug_info    0x00004bdf      0xfe0 CMakeFiles/HNU_RM_DOWN.elf.dir/Core/Src/usart.c.obj
 .debug_info    0x00005bbf      0x9f0 CMakeFiles/HNU_RM_DOWN.elf.dir/Drivers/STM32F4xx_HAL_Driver/Src/stm32f4xx_hal.c.obj
 .debug_info    0x000065af     0x1269 CMakeFiles/HNU_RM_DOWN.elf.dir/Drivers/STM32F4xx_HAL_Driver/Src/stm32f4xx_hal_can.c.obj
 .debug_info    0x00007818     0x1098 CMakeFiles/HNU_RM_DOWN.elf.dir/Drivers/STM32F4xx_HAL_Driver/Src/stm32f4xx_hal_cortex.c.obj
 .debug_info    0x000088b0      0xb3f CMakeFiles/HNU_RM_DOWN.elf.dir/Drivers/STM32F4xx_HAL_Driver/Src/stm32f4xx_hal_dma.c.obj
 .debug_info    0x000093ef      0x7b0 CMakeFiles/HNU_RM_DOWN.elf.dir/Drivers/STM32F4xx_HAL_Driver/Src/stm32f4xx_hal_gpio.c.obj
 .debug_info    0x00009b9f      0xb03 CMakeFiles/HNU_RM_DOWN.elf.dir/Drivers/STM32F4xx_HAL_Driver/Src/stm32f4xx_hal_rcc.c.obj
 .debug_info    0x0000a6a2     0x1e96 CMakeFiles/HNU_RM_DOWN.elf.dir/Drivers/STM32F4xx_HAL_Driver/Src/stm32f4xx_hal_spi.c.obj
 .debug_info    0x0000c538     0x424e CMakeFiles/HNU_RM_DOWN.elf.dir/Drivers/STM32F4xx_HAL_Driver/Src/stm32f4xx_hal_uart.c.obj
 .debug_info    0x00010786     0x225c CMakeFiles/HNU_RM_DOWN.elf.dir/Middlewares/Third_Party/FreeRTOS/Source/CMSIS_RTOS/cmsis_os.c.obj
 .debug_info    0x000129e2      0x2e0 CMakeFiles/HNU_RM_DOWN.elf.dir/Middlewares/Third_Party/FreeRTOS/Source/list.c.obj
 .debug_info    0x00012cc2      0x587 CMakeFiles/HNU_RM_DOWN.elf.dir/Middlewares/Third_Party/FreeRTOS/Source/portable/GCC/ARM_CM4F/port.c.obj
 .debug_info    0x00013249      0x5d9 CMakeFiles/HNU_RM_DOWN.elf.dir/Middlewares/Third_Party/FreeRTOS/Source/portable/MemMang/heap_4.c.obj
 .debug_info    0x00013822     0x2cc0 CMakeFiles/HNU_RM_DOWN.elf.dir/Middlewares/Third_Party/FreeRTOS/Source/tasks.c.obj
 .debug_info    0x000164e2     0x1182 CMakeFiles/HNU_RM_DOWN.elf.dir/Tasks/Src/BSP/bsp_can.c.obj
 .debug_info    0x00017664      0x5fb CMakeFiles/HNU_RM_DOWN.elf.dir/Tasks/Src/BSP/bsp_dwt.c.obj
 .debug_info    0x00017c5f     0x10f0 CMakeFiles/HNU_RM_DOWN.elf.dir/Tasks/Src/BSP/bsp_referee_UI/Referee_system.c.obj
 .debug_info    0x00018d4f      0x93f CMakeFiles/HNU_RM_DOWN.elf.dir/Tasks/Src/BSP/bsp_uart.c.obj
 .debug_info    0x0001968e     0x1875 CMakeFiles/HNU_RM_DOWN.elf.dir/Tasks/Src/Chassis.c.obj
 .debug_info    0x0001af03      0x730 CMakeFiles/HNU_RM_DOWN.elf.dir/Tasks/Src/Transmission.c.obj
 .debug_info    0x0001b633     0x13bf CMakeFiles/HNU_RM_DOWN.elf.dir/UserLib/Algorithm/controller.c.obj
 .debug_info    0x0001c9f2      0x471 CMakeFiles/HNU_RM_DOWN.elf.dir/UserLib/Algorithm/keyboard.c.obj
 .debug_info    0x0001ce63      0x815 CMakeFiles/HNU_RM_DOWN.elf.dir/UserLib/Algorithm/user_lib.c.obj
 .debug_info    0x0001d678      0xba3 CMakeFiles/HNU_RM_DOWN.elf.dir/UserLib/Motor/motor.c.obj
 .debug_info    0x0001e21b       0x22 CMakeFiles/HNU_RM_DOWN.elf.dir/startup/startup_stm32f407xx.s.obj

.debug_abbrev   0x00000000     0x4766
 .debug_abbrev  0x00000000      0x1f6 CMakeFiles/HNU_RM_DOWN.elf.dir/Core/Src/can.c.obj
 .debug_abbrev  0x000001f6      0x126 CMakeFiles/HNU_RM_DOWN.elf.dir/Core/Src/dma.c.obj
 .debug_abbrev  0x0000031c      0x172 CMakeFiles/HNU_RM_DOWN.elf.dir/Core/Src/freertos.c.obj
 .debug_abbrev  0x0000048e      0x16a CMakeFiles/HNU_RM_DOWN.elf.dir/Core/Src/gpio.c.obj
 .debug_abbrev  0x000005f8      0x1b7 CMakeFiles/HNU_RM_DOWN.elf.dir/Core/Src/main.c.obj
 .debug_abbrev  0x000007af      0x1db CMakeFiles/HNU_RM_DOWN.elf.dir/Core/Src/spi.c.obj
 .debug_abbrev  0x0000098a      0x119 CMakeFiles/HNU_RM_DOWN.elf.dir/Core/Src/stm32f4xx_hal_msp.c.obj
 .debug_abbrev  0x00000aa3      0x288 CMakeFiles/HNU_RM_DOWN.elf.dir/Core/Src/stm32f4xx_it.c.obj
 .debug_abbrev  0x00000d2b      0x119 CMakeFiles/HNU_RM_DOWN.elf.dir/Core/Src/system_stm32f4xx.c.obj
 .debug_abbrev  0x00000e44      0x226 CMakeFiles/HNU_RM_DOWN.elf.dir/Core/Src/usart.c.obj
 .debug_abbrev  0x0000106a      0x206 CMakeFiles/HNU_RM_DOWN.elf.dir/Drivers/STM32F4xx_HAL_Driver/Src/stm32f4xx_hal.c.obj
 .debug_abbrev  0x00001270      0x267 CMakeFiles/HNU_RM_DOWN.elf.dir/Drivers/STM32F4xx_HAL_Driver/Src/stm32f4xx_hal_can.c.obj
 .debug_abbrev  0x000014d7      0x36a CMakeFiles/HNU_RM_DOWN.elf.dir/Drivers/STM32F4xx_HAL_Driver/Src/stm32f4xx_hal_cortex.c.obj
 .debug_abbrev  0x00001841      0x2c2 CMakeFiles/HNU_RM_DOWN.elf.dir/Drivers/STM32F4xx_HAL_Driver/Src/stm32f4xx_hal_dma.c.obj
 .debug_abbrev  0x00001b03      0x1ef CMakeFiles/HNU_RM_DOWN.elf.dir/Drivers/STM32F4xx_HAL_Driver/Src/stm32f4xx_hal_gpio.c.obj
 .debug_abbrev  0x00001cf2      0x28a CMakeFiles/HNU_RM_DOWN.elf.dir/Drivers/STM32F4xx_HAL_Driver/Src/stm32f4xx_hal_rcc.c.obj
 .debug_abbrev  0x00001f7c      0x24e CMakeFiles/HNU_RM_DOWN.elf.dir/Drivers/STM32F4xx_HAL_Driver/Src/stm32f4xx_hal_spi.c.obj
 .debug_abbrev  0x000021ca      0x2fd CMakeFiles/HNU_RM_DOWN.elf.dir/Drivers/STM32F4xx_HAL_Driver/Src/stm32f4xx_hal_uart.c.obj
 .debug_abbrev  0x000024c7      0x35b CMakeFiles/HNU_RM_DOWN.elf.dir/Middlewares/Third_Party/FreeRTOS/Source/CMSIS_RTOS/cmsis_os.c.obj
 .debug_abbrev  0x00002822      0x106 CMakeFiles/HNU_RM_DOWN.elf.dir/Middlewares/Third_Party/FreeRTOS/Source/list.c.obj
 .debug_abbrev  0x00002928      0x26b CMakeFiles/HNU_RM_DOWN.elf.dir/Middlewares/Third_Party/FreeRTOS/Source/portable/GCC/ARM_CM4F/port.c.obj
 .debug_abbrev  0x00002b93      0x24b CMakeFiles/HNU_RM_DOWN.elf.dir/Middlewares/Third_Party/FreeRTOS/Source/portable/MemMang/heap_4.c.obj
 .debug_abbrev  0x00002dde      0x313 CMakeFiles/HNU_RM_DOWN.elf.dir/Middlewares/Third_Party/FreeRTOS/Source/tasks.c.obj
 .debug_abbrev  0x000030f1      0x268 CMakeFiles/HNU_RM_DOWN.elf.dir/Tasks/Src/BSP/bsp_can.c.obj
 .debug_abbrev  0x00003359      0x1bf CMakeFiles/HNU_RM_DOWN.elf.dir/Tasks/Src/BSP/bsp_dwt.c.obj
 .debug_abbrev  0x00003518      0x267 CMakeFiles/HNU_RM_DOWN.elf.dir/Tasks/Src/BSP/bsp_referee_UI/Referee_system.c.obj
 .debug_abbrev  0x0000377f      0x223 CMakeFiles/HNU_RM_DOWN.elf.dir/Tasks/Src/BSP/bsp_uart.c.obj
 .debug_abbrev  0x000039a2      0x33a CMakeFiles/HNU_RM_DOWN.elf.dir/Tasks/Src/Chassis.c.obj
 .debug_abbrev  0x00003cdc      0x212 CMakeFiles/HNU_RM_DOWN.elf.dir/Tasks/Src/Transmission.c.obj
 .debug_abbrev  0x00003eee      0x2b6 CMakeFiles/HNU_RM_DOWN.elf.dir/UserLib/Algorithm/controller.c.obj
 .debug_abbrev  0x000041a4      0x19e CMakeFiles/HNU_RM_DOWN.elf.dir/UserLib/Algorithm/keyboard.c.obj
 .debug_abbrev  0x00004342      0x228 CMakeFiles/HNU_RM_DOWN.elf.dir/UserLib/Algorithm/user_lib.c.obj
 .debug_abbrev  0x0000456a      0x1ea CMakeFiles/HNU_RM_DOWN.elf.dir/UserLib/Motor/motor.c.obj
 .debug_abbrev  0x00004754       0x12 CMakeFiles/HNU_RM_DOWN.elf.dir/startup/startup_stm32f407xx.s.obj

.debug_loc      0x00000000     0xee47
 .debug_loc     0x00000000       0xcb CMakeFiles/HNU_RM_DOWN.elf.dir/Core/Src/can.c.obj
 .debug_loc     0x000000cb       0xb9 CMakeFiles/HNU_RM_DOWN.elf.dir/Core/Src/freertos.c.obj
 .debug_loc     0x00000184       0x71 CMakeFiles/HNU_RM_DOWN.elf.dir/Core/Src/spi.c.obj
 .debug_loc     0x000001f5      0x158 CMakeFiles/HNU_RM_DOWN.elf.dir/Core/Src/system_stm32f4xx.c.obj
 .debug_loc     0x0000034d       0xe0 CMakeFiles/HNU_RM_DOWN.elf.dir/Core/Src/usart.c.obj
 .debug_loc     0x0000042d      0x141 CMakeFiles/HNU_RM_DOWN.elf.dir/Drivers/STM32F4xx_HAL_Driver/Src/stm32f4xx_hal.c.obj
 .debug_loc     0x0000056e      0xde6 CMakeFiles/HNU_RM_DOWN.elf.dir/Drivers/STM32F4xx_HAL_Driver/Src/stm32f4xx_hal_can.c.obj
 .debug_loc     0x00001354      0x744 CMakeFiles/HNU_RM_DOWN.elf.dir/Drivers/STM32F4xx_HAL_Driver/Src/stm32f4xx_hal_cortex.c.obj
 .debug_loc     0x00001a98      0xbf9 CMakeFiles/HNU_RM_DOWN.elf.dir/Drivers/STM32F4xx_HAL_Driver/Src/stm32f4xx_hal_dma.c.obj
 .debug_loc     0x00002691      0x520 CMakeFiles/HNU_RM_DOWN.elf.dir/Drivers/STM32F4xx_HAL_Driver/Src/stm32f4xx_hal_gpio.c.obj
 .debug_loc     0x00002bb1      0x58c CMakeFiles/HNU_RM_DOWN.elf.dir/Drivers/STM32F4xx_HAL_Driver/Src/stm32f4xx_hal_rcc.c.obj
 .debug_loc     0x0000313d     0x1ded CMakeFiles/HNU_RM_DOWN.elf.dir/Drivers/STM32F4xx_HAL_Driver/Src/stm32f4xx_hal_spi.c.obj
 .debug_loc     0x00004f2a     0x49ab CMakeFiles/HNU_RM_DOWN.elf.dir/Drivers/STM32F4xx_HAL_Driver/Src/stm32f4xx_hal_uart.c.obj
 .debug_loc     0x000098d5     0x1320 CMakeFiles/HNU_RM_DOWN.elf.dir/Middlewares/Third_Party/FreeRTOS/Source/CMSIS_RTOS/cmsis_os.c.obj
 .debug_loc     0x0000abf5       0xad CMakeFiles/HNU_RM_DOWN.elf.dir/Middlewares/Third_Party/FreeRTOS/Source/list.c.obj
 .debug_loc     0x0000aca2      0x124 CMakeFiles/HNU_RM_DOWN.elf.dir/Middlewares/Third_Party/FreeRTOS/Source/portable/GCC/ARM_CM4F/port.c.obj
 .debug_loc     0x0000adc6      0x434 CMakeFiles/HNU_RM_DOWN.elf.dir/Middlewares/Third_Party/FreeRTOS/Source/portable/MemMang/heap_4.c.obj
 .debug_loc     0x0000b1fa     0x2279 CMakeFiles/HNU_RM_DOWN.elf.dir/Middlewares/Third_Party/FreeRTOS/Source/tasks.c.obj
 .debug_loc     0x0000d473       0x37 CMakeFiles/HNU_RM_DOWN.elf.dir/Tasks/Src/BSP/bsp_can.c.obj
 .debug_loc     0x0000d4aa      0x161 CMakeFiles/HNU_RM_DOWN.elf.dir/Tasks/Src/BSP/bsp_dwt.c.obj
 .debug_loc     0x0000d60b      0x236 CMakeFiles/HNU_RM_DOWN.elf.dir/Tasks/Src/BSP/bsp_referee_UI/Referee_system.c.obj
 .debug_loc     0x0000d841       0x94 CMakeFiles/HNU_RM_DOWN.elf.dir/Tasks/Src/BSP/bsp_uart.c.obj
 .debug_loc     0x0000d8d5      0x26e CMakeFiles/HNU_RM_DOWN.elf.dir/Tasks/Src/Chassis.c.obj
 .debug_loc     0x0000db43       0x3a CMakeFiles/HNU_RM_DOWN.elf.dir/Tasks/Src/Transmission.c.obj
 .debug_loc     0x0000db7d      0xb46 CMakeFiles/HNU_RM_DOWN.elf.dir/UserLib/Algorithm/controller.c.obj
 .debug_loc     0x0000e6c3       0x5f CMakeFiles/HNU_RM_DOWN.elf.dir/UserLib/Algorithm/keyboard.c.obj
 .debug_loc     0x0000e722      0x50c CMakeFiles/HNU_RM_DOWN.elf.dir/UserLib/Algorithm/user_lib.c.obj
 .debug_loc     0x0000ec2e      0x219 CMakeFiles/HNU_RM_DOWN.elf.dir/UserLib/Motor/motor.c.obj

.debug_aranges  0x00000000     0x12c8
 .debug_aranges
                0x00000000       0x38 CMakeFiles/HNU_RM_DOWN.elf.dir/Core/Src/can.c.obj
 .debug_aranges
                0x00000038       0x20 CMakeFiles/HNU_RM_DOWN.elf.dir/Core/Src/dma.c.obj
 .debug_aranges
                0x00000058       0x50 CMakeFiles/HNU_RM_DOWN.elf.dir/Core/Src/freertos.c.obj
 .debug_aranges
                0x000000a8       0x20 CMakeFiles/HNU_RM_DOWN.elf.dir/Core/Src/gpio.c.obj
 .debug_aranges
                0x000000c8       0x30 CMakeFiles/HNU_RM_DOWN.elf.dir/Core/Src/main.c.obj
 .debug_aranges
                0x000000f8       0x30 CMakeFiles/HNU_RM_DOWN.elf.dir/Core/Src/spi.c.obj
 .debug_aranges
                0x00000128       0x20 CMakeFiles/HNU_RM_DOWN.elf.dir/Core/Src/stm32f4xx_hal_msp.c.obj
 .debug_aranges
                0x00000148       0xa0 CMakeFiles/HNU_RM_DOWN.elf.dir/Core/Src/stm32f4xx_it.c.obj